Component: ARM Compiler 5.05 update 2 (build 169) Tool: armlink [4d0f33]

==============================================================================

Section Cross References

    main.o(i.advertising_init) refers to memseta.o(.text) for __aeabi_memclr4
    main.o(i.advertising_init) refers to ble_advertising.o(i.ble_advertising_init) for ble_advertising_init
    main.o(i.advertising_init) refers to app_error.o(i.app_error_handler_bare) for app_error_handler_bare
    main.o(i.advertising_init) refers to main.o(.data) for m_adv_uuids
    main.o(i.advertising_init) refers to main.o(i.on_adv_evt) for on_adv_evt
    main.o(i.assert_nrf_callback) refers to app_error.o(i.app_error_handler) for app_error_handler
    main.o(i.ble_evt_dispatch) refers to ble_conn_params.o(i.ble_conn_params_on_ble_evt) for ble_conn_params_on_ble_evt
    main.o(i.ble_evt_dispatch) refers to ble_nus.o(i.ble_nus_on_ble_evt) for ble_nus_on_ble_evt
    main.o(i.ble_evt_dispatch) refers to main.o(i.on_ble_evt) for on_ble_evt
    main.o(i.ble_evt_dispatch) refers to ble_advertising.o(i.ble_advertising_on_ble_evt) for ble_advertising_on_ble_evt
    main.o(i.ble_evt_dispatch) refers to bsp_btn_ble.o(i.bsp_btn_ble_on_ble_evt) for bsp_btn_ble_on_ble_evt
    main.o(i.ble_evt_dispatch) refers to main.o(.bss) for m_nus
    main.o(i.ble_stack_init) refers to softdevice_handler.o(i.softdevice_handler_init) for softdevice_handler_init
    main.o(i.ble_stack_init) refers to app_error.o(i.app_error_handler_bare) for app_error_handler_bare
    main.o(i.ble_stack_init) refers to softdevice_handler.o(i.softdevice_enable_get_default_config) for softdevice_enable_get_default_config
    main.o(i.ble_stack_init) refers to softdevice_handler.o(i.sd_check_ram_start) for sd_check_ram_start
    main.o(i.ble_stack_init) refers to softdevice_handler.o(i.softdevice_enable) for softdevice_enable
    main.o(i.ble_stack_init) refers to softdevice_handler.o(i.softdevice_ble_evt_handler_set) for softdevice_ble_evt_handler_set
    main.o(i.ble_stack_init) refers to main.o(.constdata) for .constdata
    main.o(i.ble_stack_init) refers to main.o(.bss) for BLE_EVT_BUFFER
    main.o(i.ble_stack_init) refers to main.o(i.ble_evt_dispatch) for ble_evt_dispatch
    main.o(i.bsp_event_handler) refers to main.o(i.sleep_mode_enter) for sleep_mode_enter
    main.o(i.bsp_event_handler) refers to app_error.o(i.app_error_handler_bare) for app_error_handler_bare
    main.o(i.bsp_event_handler) refers to ble_advertising.o(i.ble_advertising_restart_without_whitelist) for ble_advertising_restart_without_whitelist
    main.o(i.bsp_event_handler) refers to main.o(.data) for m_conn_handle
    main.o(i.conn_params_error_handler) refers to app_error.o(i.app_error_handler_bare) for app_error_handler_bare
    main.o(i.conn_params_init) refers to memseta.o(.text) for __aeabi_memclr4
    main.o(i.conn_params_init) refers to ble_conn_params.o(i.ble_conn_params_init) for ble_conn_params_init
    main.o(i.conn_params_init) refers to app_error.o(i.app_error_handler_bare) for app_error_handler_bare
    main.o(i.conn_params_init) refers to main.o(i.on_conn_params_evt) for on_conn_params_evt
    main.o(i.conn_params_init) refers to main.o(i.conn_params_error_handler) for conn_params_error_handler
    main.o(i.drv_speaker_evt_handler) refers to app_error.o(i.app_error_handler_bare) for app_error_handler_bare
    main.o(i.gap_params_init) refers to app_error.o(i.app_error_handler_bare) for app_error_handler_bare
    main.o(i.main) refers to app_timer.o(i.app_timer_init) for app_timer_init
    main.o(i.main) refers to app_error.o(i.app_error_handler_bare) for app_error_handler_bare
    main.o(i.main) refers to main.o(i.uart_init) for uart_init
    main.o(i.main) refers to main.o(i.ble_stack_init) for ble_stack_init
    main.o(i.main) refers to main.o(i.gap_params_init) for gap_params_init
    main.o(i.main) refers to main.o(i.services_init) for services_init
    main.o(i.main) refers to main.o(i.advertising_init) for advertising_init
    main.o(i.main) refers to main.o(i.conn_params_init) for conn_params_init
    main.o(i.main) refers to main.o(i.timer_init) for timer_init
    main.o(i.main) refers to printfa.o(i.__0printf) for __2printf
    main.o(i.main) refers to ble_advertising.o(i.ble_advertising_start) for ble_advertising_start
    main.o(i.main) refers to main.o(i.timer_start) for timer_start
    main.o(i.main) refers to main.o(i.drv_speaker_evt_handler) for drv_speaker_evt_handler
    main.o(i.main) refers to main.o(.bss) for APP_TIMER_BUF
    main.o(i.nus_data_handler) refers to main.o(.data) for ws2812bPattern
    main.o(i.on_adv_evt) refers to bsp.o(i.bsp_indication_set) for bsp_indication_set
    main.o(i.on_adv_evt) refers to app_error.o(i.app_error_handler_bare) for app_error_handler_bare
    main.o(i.on_adv_evt) refers to main.o(i.sleep_mode_enter) for sleep_mode_enter
    main.o(i.on_ble_evt) refers to bsp.o(i.bsp_indication_set) for bsp_indication_set
[...]
    i.nrf_drv_uart_tx_for_uart               0x00020904   Section        0  nrf_drv_uart.o(i.nrf_drv_uart_tx_for_uart)
    nrf_drv_uart_tx_for_uart                 0x00020905   Thumb Code   132  nrf_drv_uart.o(i.nrf_drv_uart_tx_for_uart)
    i.nrf_drv_uart_tx_for_uarte              0x00020990   Section        0  nrf_drv_uart.o(i.nrf_drv_uart_tx_for_uarte)
    nrf_drv_uart_tx_for_uarte                0x00020991   Thumb Code   104  nrf_drv_uart.o(i.nrf_drv_uart_tx_for_uarte)
    i.nrf_drv_uart_tx_in_progress            0x00020a00   Section        0  nrf_drv_uart.o(i.nrf_drv_uart_tx_in_progress)
    i.nrf_gpio_cfg                           0x00020a14   Section        0  nrf_drv_uart.o(i.nrf_gpio_cfg)
    nrf_gpio_cfg                             0x00020a15   Thumb Code    30  nrf_drv_uart.o(i.nrf_gpio_cfg)
    i.nrf_gpio_cfg                           0x00020a38   Section        0  nrf_drv_i2s.o(i.nrf_gpio_cfg)
    nrf_gpio_cfg                             0x00020a39   Thumb Code    30  nrf_drv_i2s.o(i.nrf_gpio_cfg)
    i.nrf_gpio_cfg_input                     0x00020a5c   Section        0  nrf_drv_uart.o(i.nrf_gpio_cfg_input)
    nrf_gpio_cfg_input                       0x00020a5d   Thumb Code    26  nrf_drv_uart.o(i.nrf_gpio_cfg_input)
    i.nrf_gpio_cfg_input                     0x00020a76   Section        0  nrf_drv_i2s.o(i.nrf_gpio_cfg_input)
    nrf_gpio_cfg_input                       0x00020a77   Thumb Code    26  nrf_drv_i2s.o(i.nrf_gpio_cfg_input)
    i.nrf_gpio_cfg_output                    0x00020a90   Section        0  nrf_drv_uart.o(i.nrf_gpio_cfg_output)
    nrf_gpio_cfg_output                      0x00020a91   Thumb Code    24  nrf_drv_uart.o(i.nrf_gpio_cfg_output)
    i.nrf_gpio_cfg_output                    0x00020aa8   Section        0  nrf_drv_i2s.o(i.nrf_gpio_cfg_output)
    nrf_gpio_cfg_output                      0x00020aa9   Thumb Code    24  nrf_drv_i2s.o(i.nrf_gpio_cfg_output)
    i.nrf_gpio_cfg_sense_set                 0x00020ac0   Section        0  nrf_drv_gpiote.o(i.nrf_gpio_cfg_sense_set)
    nrf_gpio_cfg_sense_set                   0x00020ac1   Thumb Code    32  nrf_drv_gpiote.o(i.nrf_gpio_cfg_sense_set)
    i.nrf_gpio_pin_set                       0x00020ae4   Section        0  nrf_drv_uart.o(i.nrf_gpio_pin_set)
    nrf_gpio_pin_set                         0x00020ae5   Thumb Code    10  nrf_drv_uart.o(i.nrf_gpio_pin_set)
    i.nrf_gpiote_event_addr_get              0x00020af4   Section        0  nrf_drv_gpiote.o(i.nrf_gpiote_event_addr_get)
    nrf_gpiote_event_addr_get                0x00020af5   Thumb Code     8  nrf_drv_gpiote.o(i.nrf_gpiote_event_addr_get)
    i.nrf_gpiote_event_clear                 0x00020b00   Section        0  nrf_drv_gpiote.o(i.nrf_gpiote_event_clear)
    nrf_gpiote_event_clear                   0x00020b01   Thumb Code    28  nrf_drv_gpiote.o(i.nrf_gpiote_event_clear)
    i.nrf_gpiote_event_is_set                0x00020b1c   Section        0  nrf_drv_gpiote.o(i.nrf_gpiote_event_is_set)
    nrf_gpiote_event_is_set                  0x00020b1d   Thumb Code    22  nrf_drv_gpiote.o(i.nrf_gpiote_event_is_set)
    i.nrf_i2s_configure                      0x00020b32   Section        0  nrf_drv_i2s.o(i.nrf_i2s_configure)
    nrf_i2s_configure                        0x00020b33   Thumb Code   108  nrf_drv_i2s.o(i.nrf_i2s_configure)
    i.nrf_i2s_event_check                    0x00020b9e   Section        0  nrf_drv_i2s.o(i.nrf_i2s_event_check)
    nrf_i2s_event_check                      0x00020b9f   Thumb Code    14  nrf_drv_i2s.o(i.nrf_i2s_event_check)
    i.nrf_i2s_event_clear                    0x00020bac   Section        0  nrf_drv_i2s.o(i.nrf_i2s_event_clear)
    nrf_i2s_event_clear                      0x00020bad   Thumb Code     6  nrf_drv_i2s.o(i.nrf_i2s_event_clear)
    i.nrf_i2s_rx_buffer_set                  0x00020bb2   Section        0  nrf_drv_i2s.o(i.nrf_i2s_rx_buffer_set)
    nrf_i2s_rx_buffer_set                    0x00020bb3   Thumb Code     6  nrf_drv_i2s.o(i.nrf_i2s_rx_buffer_set)
    i.nrf_i2s_task_trigger                   0x00020bb8   Section        0  nrf_drv_i2s.o(i.nrf_i2s_task_trigger)
    nrf_i2s_task_trigger                     0x00020bb9   Thumb Code     6  nrf_drv_i2s.o(i.nrf_i2s_task_trigger)
    i.nrf_i2s_tx_buffer_set                  0x00020bbe   Section        0  nrf_drv_i2s.o(i.nrf_i2s_tx_buffer_set)
    nrf_i2s_tx_buffer_set                    0x00020bbf   Thumb Code     6  nrf_drv_i2s.o(i.nrf_i2s_tx_buffer_set)
    i.nrf_pwm_event_check                    0x00020bc4   Section        0  nrf_drv_pwm.o(i.nrf_pwm_event_check)
    nrf_pwm_event_check                      0x00020bc5   Thumb Code    14  nrf_drv_pwm.o(i.nrf_pwm_event_check)
    i.nrf_pwm_event_clear                    0x00020bd2   Section        0  nrf_drv_pwm.o(i.nrf_pwm_event_clear)
    nrf_pwm_event_clear                      0x00020bd3   Thumb Code     6  nrf_drv_pwm.o(i.nrf_pwm_event_clear)
    i.nrf_pwm_int_enable_check               0x00020bd8   Section        0  nrf_drv_pwm.o(i.nrf_pwm_int_enable_check)
    nrf_pwm_int_enable_check                 0x00020bd9   Thumb Code    18  nrf_drv_pwm.o(i.nrf_pwm_int_enable_check)
    i.nrf_timer_compare_event_get            0x00020bea   Section        0  nrf_drv_timer.o(i.nrf_timer_compare_event_get)
    nrf_timer_compare_event_get              0x00020beb   Thumb Code    14  nrf_drv_timer.o(i.nrf_timer_compare_event_get)
    i.nrf_timer_compare_int_get              0x00020bf8   Section        0  nrf_drv_timer.o(i.nrf_timer_compare_int_get)
    nrf_timer_compare_int_get                0x00020bf9   Thumb Code    10  nrf_drv_timer.o(i.nrf_timer_compare_int_get)
    i.nrf_timer_event_clear                  0x00020c02   Section        0  nrf_drv_timer.o(i.nrf_timer_event_clear)
    nrf_timer_event_clear                    0x00020c03   Thumb Code     6  nrf_drv_timer.o(i.nrf_timer_event_clear)
    i.nrf_uart_errorsrc_get_and_clear        0x00020c08   Section        0  nrf_drv_uart.o(i.nrf_uart_errorsrc_get_and_clear)
    nrf_uart_errorsrc_get_and_clear          0x00020c09   Thumb Code    12  nrf_drv_uart.o(i.nrf_uart_errorsrc_get_and_clear)
    i.nrf_uart_event_check                   0x00020c14   Section        0  nrf_drv_uart.o(i.nrf_uart_event_check)
    nrf_uart_event_check                     0x00020c15   Thumb Code    14  nrf_drv_uart.o(i.nrf_uart_event_check)
    i.nrf_uart_event_clear                   0x00020c22   Section        0  nrf_drv_uart.o(i.nrf_uart_event_clear)
    nrf_uart_event_clear                     0x00020c23   Thumb Code     6  nrf_drv_uart.o(i.nrf_uart_event_clear)
    i.nrf_uart_hwfc_pins_set                 0x00020c28   Section        0  nrf_drv_uart.o(i.nrf_uart_hwfc_pins_set)
    nrf_uart_hwfc_pins_set                   0x00020c29   Thumb Code    10  nrf_drv_uart.o(i.nrf_uart_hwfc_pins_set)
    i.nrf_uart_int_disable                   0x00020c32   Section        0  nrf_drv_uart.o(i.nrf_uart_int_disable)
    nrf_uart_int_disable                     0x00020c33   Thumb Code     6  nrf_drv_uart.o(i.nrf_uart_int_disable)
    i.nrf_uart_int_enable                    0x00020c38   Section        0  nrf_drv_uart.o(i.nrf_uart_int_enable)
    nrf_uart_int_enable                      0x00020c39   Thumb Code     6  nrf_drv_uart.o(i.nrf_uart_int_enable)
    i.nrf_uart_int_enable_check              0x00020c3e   Section        0  nrf_drv_uart.o(i.nrf_uart_int_enable_check)
    nrf_uart_int_enable_check                0x00020c3f   Thumb Code    18  nrf_drv_uart.o(i.nrf_uart_int_enable_check)
    i.nrf_uart_task_trigger                  0x00020c50   Section        0  nrf_drv_uart.o(i.nrf_uart_task_trigger)
    nrf_uart_task_trigger                    0x00020c51   Thumb Code     6  nrf_drv_uart.o(i.nrf_uart_task_trigger)
    i.nrf_uart_txrx_pins_set                 0x00020c56   Section        0  nrf_drv_uart.o(i.nrf_uart_txrx_pins_set)
    nrf_uart_txrx_pins_set                   0x00020c57   Thumb Code    10  nrf_drv_uart.o(i.nrf_uart_txrx_pins_set)
    i.nrf_uarte_errorsrc_get_and_clear       0x00020c60   Section        0  nrf_drv_uart.o(i.nrf_uarte_errorsrc_get_and_clear)
    nrf_uarte_errorsrc_get_and_clear         0x00020c61   Thumb Code    12  nrf_drv_uart.o(i.nrf_uarte_errorsrc_get_and_clear)
    i.nrf_uarte_event_check                  0x00020c6c   Section        0  nrf_drv_uart.o(i.nrf_uarte_event_check)
    nrf_uarte_event_check                    0x00020c6d   Thumb Code    14  nrf_drv_uart.o(i.nrf_uarte_event_check)
    i.nrf_uarte_event_clear                  0x00020c7a   Section        0  nrf_drv_uart.o(i.nrf_uarte_event_clear)
    nrf_uarte_event_clear                    0x00020c7b   Thumb Code     6  nrf_drv_uart.o(i.nrf_uarte_event_clear)
    i.nrf_uarte_hwfc_pins_set                0x00020c80   Section        0  nrf_drv_uart.o(i.nrf_uarte_hwfc_pins_set)
    nrf_uarte_hwfc_pins_set                  0x00020c81   Thumb Code    12  nrf_drv_uart.o(i.nrf_uarte_hwfc_pins_set)
    i.nrf_uarte_int_disable                  0x00020c8c   Section        0  nrf_drv_uart.o(i.nrf_uarte_int_disable)
    nrf_uarte_int_disable                    0x00020c8d   Thumb Code     6  nrf_drv_uart.o(i.nrf_uarte_int_disable)
    i.nrf_uarte_int_enable                   0x00020c92   Section        0  nrf_drv_uart.o(i.nrf_uarte_int_enable)
    nrf_uarte_int_enable                     0x00020c93   Thumb Code     6  nrf_drv_uart.o(i.nrf_uarte_int_enable)
    i.nrf_uarte_rx_amount_get                0x00020c98   Section        0  nrf_drv_uart.o(i.nrf_uarte_rx_amount_get)
    nrf_uarte_rx_amount_get                  0x00020c99   Thumb Code    10  nrf_drv_uart.o(i.nrf_uarte_rx_amount_get)
    i.nrf_uarte_task_trigger                 0x00020ca2   Section        0  nrf_drv_uart.o(i.nrf_uarte_task_trigger)
    nrf_uarte_task_trigger                   0x00020ca3   Thumb Code     6  nrf_drv_uart.o(i.nrf_uarte_task_trigger)
    i.nrf_uarte_txrx_pins_set                0x00020ca8   Section        0  nrf_drv_uart.o(i.nrf_uarte_txrx_pins_set)
    nrf_uarte_txrx_pins_set                  0x00020ca9   Thumb Code    14  nrf_drv_uart.o(i.nrf_uarte_txrx_pins_set)
    i.nus_data_handler                       0x00020cb8   Section        0  main.o(i.nus_data_handler)
    nus_data_handler                         0x00020cb9   Thumb Code    52  main.o(i.nus_data_handler)
    i.on_adv_evt                             0x00020cf0   Section        0  main.o(i.on_adv_evt)
    on_adv_evt                               0x00020cf1   Thumb Code    50  main.o(i.on_adv_evt)
    i.on_ble_evt                             0x00020d24   Section        0  main.o(i.on_ble_evt)
    on_ble_evt                               0x00020d25   Thumb Code   168  main.o(i.on_ble_evt)
    i.on_conn_params_evt                     0x00020dd0   Section        0  main.o(i.on_conn_params_evt)
    on_conn_params_evt                       0x00020dd1   Thumb Code    38  main.o(i.on_conn_params_evt)
    i.on_conn_params_update                  0x00020dfc   Section        0  ble_conn_params.o(i.on_conn_params_update)
    on_conn_params_update                    0x00020dfd   Thumb Code    20  ble_conn_params.o(i.on_conn_params_update)
    i.on_connect                             0x00020e14   Section        0  ble_conn_params.o(i.on_connect)
    on_connect                               0x00020e15   Thumb Code    38  ble_conn_params.o(i.on_connect)
    i.on_connect                             0x00020e4c   Section        0  ble_nus.o(i.on_connect)
    on_connect                               0x00020e4d   Thumb Code     6  ble_nus.o(i.on_connect)
    i.on_disconnect                          0x00020e54   Section        0  ble_conn_params.o(i.on_disconnect)
    on_disconnect                            0x00020e55   Thumb Code    46  ble_conn_params.o(i.on_disconnect)
    i.on_disconnect                          0x00020e94   Section        0  ble_nus.o(i.on_disconnect)
    on_disconnect                            0x00020e95   Thumb Code     8  ble_nus.o(i.on_disconnect)
    i.on_write                               0x00020e9c   Section        0  ble_conn_params.o(i.on_write)
    on_write                                 0x00020e9d   Thumb Code    78  ble_conn_params.o(i.on_write)
    i.on_write                               0x00020ef4   Section        0  ble_nus.o(i.on_write)
    on_write                                 0x00020ef5   Thumb Code    80  ble_nus.o(i.on_write)
    i.peer_address_exists                    0x00020f44   Section        0  ble_advertising.o(i.peer_address_exists)
    peer_address_exists                      0x00020f45   Thumb Code    24  ble_advertising.o(i.peer_address_exists)
    i.pstorage_access_status_get             0x00020f5c   Section        0  pstorage.o(i.pstorage_access_status_get)
    i.rtc1_compare0_set                      0x00020f88   Section        0  app_timer.o(i.rtc1_compare0_set)
    rtc1_compare0_set                        0x00020f89   Thumb Code     6  app_timer.o(i.rtc1_compare0_set)
    i.rtc1_counter_get                       0x00020f94   Section        0  app_timer.o(i.rtc1_counter_get)
    rtc1_counter_get                         0x00020f95   Thumb Code     6  app_timer.o(i.rtc1_counter_get)
    i.rtc1_init                              0x00020fa0   Section        0  app_timer.o(i.rtc1_init)
    rtc1_init                                0x00020fa1   Thumb Code    18  app_timer.o(i.rtc1_init)
    i.rtc1_start                             0x00020fb8   Section        0  app_timer.o(i.rtc1_start)
    rtc1_start                               0x00020fb9   Thumb Code    48  app_timer.o(i.rtc1_start)
    i.rtc1_stop                              0x00020ff4   Section        0  app_timer.o(i.rtc1_stop)
    rtc1_stop                                0x00020ff5   Thumb Code    68  app_timer.o(i.rtc1_stop)
    i.rx_byte                                0x0002104c   Section        0  nrf_drv_uart.o(i.rx_byte)
    rx_byte                                  0x0002104d   Thumb Code    68  nrf_drv_uart.o(i.rx_byte)
    i.rx_char_add                            0x0002109c   Section        0  ble_nus.o(i.rx_char_add)
    rx_char_add                              0x0002109d   Thumb Code   310  ble_nus.o(i.rx_char_add)
    i.rx_done_event                          0x000211d4   Section        0  nrf_drv_uart.o(i.rx_done_event)
    rx_done_event                            0x000211d5   Thumb Code    30  nrf_drv_uart.o(i.rx_done_event)
    i.rx_enable                              0x000211f8   Section        0  nrf_drv_uart.o(i.rx_enable)
    rx_enable                                0x000211f9   Thumb Code    32  nrf_drv_uart.o(i.rx_enable)
    i.sd_check_ram_start                     0x0002121c   Section        0  softdevice_handler.o(i.sd_check_ram_start)
    i.sd_nvic_EnableIRQ                      0x00021238   Section        0  softdevice_handler.o(i.sd_nvic_EnableIRQ)
    sd_nvic_EnableIRQ                        0x00021239   Thumb Code   190  softdevice_handler.o(i.sd_nvic_EnableIRQ)
    i.sec_mgr_oob_flags_encode               0x00021308   Section        0  ble_advdata.o(i.sec_mgr_oob_flags_encode)
    sec_mgr_oob_flags_encode                 0x00021309   Thumb Code    54  ble_advdata.o(i.sec_mgr_oob_flags_encode)
    i.service_data_encode                    0x0002133e   Section        0  ble_advdata.o(i.service_data_encode)
    service_data_encode                      0x0002133f   Thumb Code   150  ble_advdata.o(i.service_data_encode)
    i.services_init                          0x000213d4   Section        0  main.o(i.services_init)
    services_init                            0x000213d5   Thumb Code    40  main.o(i.services_init)
    i.sleep_mode_enter                       0x00021404   Section        0  main.o(i.sleep_mode_enter)
    sleep_mode_enter                         0x00021405   Thumb Code    76  main.o(i.sleep_mode_enter)
    i.softdevice_ble_evt_handler_set         0x00021450   Section        0  softdevice_handler.o(i.softdevice_ble_evt_handler_set)
    i.softdevice_enable                      0x00021468   Section        0  softdevice_handler.o(i.softdevice_enable)
    i.softdevice_enable_get_default_config   0x00021484   Section        0  softdevice_handler.o(i.softdevice_enable_get_default_config)
    i.softdevice_fault_handler               0x000214b0   Section        0  softdevice_handler.o(i.softdevice_fault_handler)
    i.softdevice_handler_init                0x000214c4   Section        0  softdevice_handler.o(i.softdevice_handler_init)
    i.srdata_check                           0x00021528   Section        0  ble_advdata.o(i.srdata_check)
    srdata_check                             0x00021529   Thumb Code    14  ble_advdata.o(i.srdata_check)
    i.systick_timeout_handler                0x00021538   Section        0  main.o(i.systick_timeout_handler)
    systick_timeout_handler                  0x00021539   Thumb Code    72  main.o(i.systick_timeout_handler)
    i.ticks_diff_get                         0x00021588   Section        0  app_timer.o(i.ticks_diff_get)
    ticks_diff_get                           0x00021589   Thumb Code    10  app_timer.o(i.ticks_diff_get)
    i.timeout_handler_exec                   0x00021594   Section        0  app_timer.o(i.timeout_handler_exec)
    timeout_handler_exec                     0x00021595   Thumb Code    50  app_timer.o(i.timeout_handler_exec)
    i.timer_init                             0x000215cc   Section        0  main.o(i.timer_init)
    timer_init                               0x000215cd   Thumb Code    70  main.o(i.timer_init)
    i.timer_list_handler                     0x00021620   Section        0  app_timer.o(i.timer_list_handler)
    timer_list_handler                       0x00021621   Thumb Code    72  app_timer.o(i.timer_list_handler)
    i.timer_list_handler_sched               0x00021674   Section        0  app_timer.o(i.timer_list_handler_sched)
    timer_list_handler_sched                 0x00021675   Thumb Code    10  app_timer.o(i.timer_list_handler_sched)
    i.timer_list_insert                      0x00021680   Section        0  app_timer.o(i.timer_list_insert)
    timer_list_insert                        0x00021681   Thumb Code    98  app_timer.o(i.timer_list_insert)
    i.timer_list_remove                      0x000216e8   Section        0  app_timer.o(i.timer_list_remove)
    timer_list_remove                        0x000216e9   Thumb Code    90  app_timer.o(i.timer_list_remove)
    i.timer_start                            0x00021754   Section        0  main.o(i.timer_start)
    timer_start                              0x00021755   Thumb Code    38  main.o(i.timer_start)
    i.timer_start_op_schedule                0x00021780   Section        0  app_timer.o(i.timer_start_op_schedule)
    timer_start_op_schedule                  0x00021781   Thumb Code    86  app_timer.o(i.timer_start_op_schedule)
    i.timer_stop_op_schedule                 0x000217dc   Section        0  app_timer.o(i.timer_stop_op_schedule)
    timer_stop_op_schedule                   0x000217dd   Thumb Code    58  app_timer.o(i.timer_stop_op_schedule)
    i.timer_timeouts_check                   0x0002181c   Section        0  app_timer.o(i.timer_timeouts_check)
    timer_timeouts_check                     0x0002181d   Thumb Code   130  app_timer.o(i.timer_timeouts_check)
    i.timer_timeouts_check_sched             0x000218b4   Section        0  app_timer.o(i.timer_timeouts_check_sched)
    timer_timeouts_check_sched               0x000218b5   Thumb Code    10  app_timer.o(i.timer_timeouts_check_sched)
    i.tk_value_encode                        0x000218be   Section        0  ble_advdata.o(i.tk_value_encode)
    tk_value_encode                          0x000218bf   Thumb Code    70  ble_advdata.o(i.tk_value_encode)
    i.tx_byte                                0x00021904   Section        0  nrf_drv_uart.o(i.tx_byte)
    tx_byte                                  0x00021905   Thumb Code    42  nrf_drv_uart.o(i.tx_byte)
    i.tx_char_add                            0x0002193c   Section        0  ble_nus.o(i.tx_char_add)
    tx_char_add                              0x0002193d   Thumb Code   236  ble_nus.o(i.tx_char_add)
    i.tx_done_event                          0x00021a28   Section        0  nrf_drv_uart.o(i.tx_done_event)
    tx_done_event                            0x00021a29   Thumb Code    38  nrf_drv_uart.o(i.tx_done_event)
    i.tx_power_level_encode                  0x00021a54   Section        0  ble_advdata.o(i.tx_power_level_encode)
    tx_power_level_encode                    0x00021a55   Thumb Code    54  ble_advdata.o(i.tx_power_level_encode)
    i.uart_event_handle                      0x00021a8c   Section        0  main.o(i.uart_event_handle)
    i.uart_event_handler                     0x00021b20   Section        0  app_uart_fifo.o(i.uart_event_handler)
    uart_event_handler                       0x00021b21   Thumb Code   170  app_uart_fifo.o(i.uart_event_handler)
    i.uart_init                              0x00021be0   Section        0  main.o(i.uart_init)
    uart_init                                0x00021be1   Thumb Code    72  main.o(i.uart_init)
    i.uart_irq_handler                       0x00021c38   Section        0  nrf_drv_uart.o(i.uart_irq_handler)
    uart_irq_handler                         0x00021c39   Thumb Code   342  nrf_drv_uart.o(i.uart_irq_handler)
    i.uarte_irq_handler                      0x00021d98   Section        0  nrf_drv_uart.o(i.uarte_irq_handler)
    uarte_irq_handler                        0x00021d99   Thumb Code   286  nrf_drv_uart.o(i.uarte_irq_handler)
    i.uint16_encode                          0x00021ec4   Section        0  ble_advdata.o(i.uint16_encode)
    uint16_encode                            0x00021ec5   Thumb Code    12  ble_advdata.o(i.uint16_encode)
    i.update_timeout_handler                 0x00021ed0   Section        0  ble_conn_params.o(i.update_timeout_handler)
    update_timeout_handler                   0x00021ed1   Thumb Code   126  ble_conn_params.o(i.update_timeout_handler)
    i.user_id_get                            0x00021f60   Section        0  app_timer.o(i.user_id_get)
    user_id_get                              0x00021f61   Thumb Code    78  app_timer.o(i.user_id_get)
    i.user_op_alloc                          0x00021fb8   Section        0  app_timer.o(i.user_op_alloc)
    user_op_alloc                            0x00021fb9   Thumb Code    48  app_timer.o(i.user_op_alloc)
    i.user_op_enque                          0x00021fe8   Section        0  app_timer.o(i.user_op_enque)
    user_op_enque                            0x00021fe9   Thumb Code     4  app_timer.o(i.user_op_enque)
    i.uuid_list_encode                       0x00021fec   Section        0  ble_advdata.o(i.uuid_list_encode)
    uuid_list_encode                         0x00021fed   Thumb Code    78  ble_advdata.o(i.uuid_list_encode)
    i.uuid_list_sized_encode                 0x0002203a   Section        0  ble_advdata.o(i.uuid_list_sized_encode)
    uuid_list_sized_encode                   0x0002203b   Thumb Code   220  ble_advdata.o(i.uuid_list_sized_encode)
    i.whitelist_has_entries                  0x00022116   Section        0  ble_advertising.o(i.whitelist_has_entries)
    whitelist_has_entries                    0x00022117   Thumb Code    18  ble_advertising.o(i.whitelist_has_entries)
    .constdata                               0x00022128   Section    21252  main.o(.constdata)
    sound_0                                  0x00022128   Data        4160  main.o(.constdata)
    sound_1                                  0x00023168   Data        3252  main.o(.constdata)
    sound_2                                  0x00023e1c   Data        2240  main.o(.constdata)
    sound_3                                  0x000246dc   Data        1560  main.o(.constdata)
    sound_4                                  0x00024cf4   Data        1538  main.o(.constdata)
    sound_5                                  0x000252f6   Data        1760  main.o(.constdata)
    sound_6                                  0x000259d6   Data        4533  main.o(.constdata)
    sound_7                                  0x00026b8b   Data        1440  main.o(.constdata)
    sound_8                                  0x0002712b   Data         720  main.o(.constdata)
    systick_timer_id                         0x000273fc   Data           4  main.o(.constdata)
    .constdata                               0x0002742c   Section       60  bsp.o(.constdata)
    m_leds_timer_id                          0x0002742c   Data           4  bsp.o(.constdata)
    m_alert_timer_id                         0x00027430   Data           4  bsp.o(.constdata)
    m_button_timer_id                        0x00027434   Data           4  bsp.o(.constdata)
    m_buttons_list                           0x00027438   Data          16  bsp.o(.constdata)
    app_buttons                              0x00027448   Data          32  bsp.o(.constdata)
    .constdata                               0x00027468   Section        4  ble_conn_params.o(.constdata)
    m_conn_params_timer_id                   0x00027468   Data           4  ble_conn_params.o(.constdata)
    .constdata                               0x0002746c   Section       16  ble_nus.o(.constdata)
    .constdata                               0x0002747c   Section       32  app_uart_fifo.o(.constdata)
    .constdata                               0x0002749c   Section       32  nrf_drv_uart.o(.constdata)
    m_default_config                         0x0002749c   Data          32  nrf_drv_uart.o(.constdata)
    .constdata                               0x000274bc   Section       20  nrf_drv_i2s.o(.constdata)
    m_default_config                         0x000274bc   Data          20  nrf_drv_i2s.o(.constdata)
    .constdata                               0x000274d0   Section       20  i2s_ws2812b_drive.o(.constdata)
    .data                                    0x20002080   Section       23  main.o(.data)
    m_conn_handle                            0x20002080   Data           2  main.o(.data)
    m_adv_uuids                              0x20002082   Data           4  main.o(.data)
    m_pwm0                                   0x2000208c   Data           8  main.o(.data)
    m_seq_values                             0x20002094   Data           2  main.o(.data)
    index                                    0x20002096   Data           1  main.o(.data)
    .data                                    0x20002098   Section       17  ledpatterns.o(.data)
    index_led                                0x20002098   Data           2  ledpatterns.o(.data)
    up_value                                 0x2000209a   Data           2  ledpatterns.o(.data)
    down_value                               0x2000209c   Data           2  ledpatterns.o(.data)
    index_led0                               0x2000209e   Data           2  ledpatterns.o(.data)
    index_led1                               0x200020a0   Data           2  ledpatterns.o(.data)
    index_led                                0x200020a2   Data           2  ledpatterns.o(.data)
    num_flashes                              0x200020a4   Data           2  ledpatterns.o(.data)
    tmp_red                                  0x200020a6   Data           1  ledpatterns.o(.data)
    tmp_blue                                 0x200020a7   Data           1  ledpatterns.o(.data)
    tmp_green                                0x200020a8   Data           1  ledpatterns.o(.data)
    .data                                    0x200020ac   Section       25  bsp.o(.data)
    m_stable_state                           0x200020ac   Data           1  bsp.o(.data)
    m_app_ticks_per_100ms                    0x200020b0   Data           4  bsp.o(.data)
    m_indication_type                        0x200020b4   Data           4  bsp.o(.data)
    m_alert_mask                             0x200020b8   Data           4  bsp.o(.data)
    m_registered_callback                    0x200020bc   Data           4  bsp.o(.data)
    current_long_push_pin_no                 0x200020c0   Data           1  bsp.o(.data)
    release_event_at_push                    0x200020c1   Data           4  bsp.o(.data)
    .data                                    0x200020c8   Section        8  bsp_btn_ble.o(.data)
    m_error_handler                          0x200020c8   Data           4  bsp_btn_ble.o(.data)
    m_num_connections                        0x200020cc   Data           4  bsp_btn_ble.o(.data)
    .data                                    0x200020d0   Section       32  ble_advertising.o(.data)
    m_advertising_start_pending              0x200020d0   Data           1  ble_advertising.o(.data)
    m_peer_address                           0x200020d1   Data           7  ble_advertising.o(.data)
    m_adv_evt                                0x200020d8   Data           1  ble_advertising.o(.data)
    m_evt_handler                            0x200020dc   Data           4  ble_advertising.o(.data)
    m_error_handler                          0x200020e0   Data           4  ble_advertising.o(.data)
    m_adv_mode_current                       0x200020e4   Data           1  ble_advertising.o(.data)
    m_whitelist_temporarily_disabled         0x200020e5   Data           1  ble_advertising.o(.data)
    m_whitelist_reply_expected               0x200020e6   Data           1  ble_advertising.o(.data)
    m_peer_addr_reply_expected               0x200020e7   Data           1  ble_advertising.o(.data)
    m_slave_conn_int                         0x200020e8   Data           4  ble_advertising.o(.data)
    m_tx_power_level                         0x200020ec   Data           1  ble_advertising.o(.data)
    current_slave_link_conn_handle           0x200020ee   Data           2  ble_advertising.o(.data)
    .data                                    0x200020f0   Section       21  ble_conn_params.o(.data)
    m_preferred_conn_params                  0x200020f0   Data           8  ble_conn_params.o(.data)
    m_update_count                           0x200020f8   Data           1  ble_conn_params.o(.data)
    m_conn_handle                            0x200020fa   Data           2  ble_conn_params.o(.data)
    m_current_conn_params                    0x200020fc   Data           8  ble_conn_params.o(.data)
    m_change_param                           0x20002104   Data           1  ble_conn_params.o(.data)
    .data                                    0x20002108   Section        6  app_uart_fifo.o(.data)
    m_event_handler                          0x20002108   Data           4  app_uart_fifo.o(.data)
    tx_buffer                                0x2000210c   Data           1  app_uart_fifo.o(.data)
    rx_buffer                                0x2000210d   Data           1  app_uart_fifo.o(.data)
    .data                                    0x20002110   Section       40  pstorage.o(.data)
    m_next_app_instance                      0x20002110   Data           2  pstorage.o(.data)
    m_next_page_addr                         0x20002114   Data           4  pstorage.o(.data)
    m_state                                  0x20002118   Data           1  pstorage.o(.data)
    m_swap_sub_state                         0x20002119   Data           1  pstorage.o(.data)
    m_head_word_size                         0x2000211c   Data           4  pstorage.o(.data)
    m_tail_word_size                         0x20002120   Data           4  pstorage.o(.data)
    m_current_page_id                        0x20002124   Data           4  pstorage.o(.data)
    m_num_of_command_retries                 0x20002128   Data           4  pstorage.o(.data)
    m_num_of_bytes_written                   0x2000212c   Data           4  pstorage.o(.data)
    m_app_data_size                          0x20002130   Data           4  pstorage.o(.data)
    m_flags                                  0x20002134   Data           4  pstorage.o(.data)
    .data                                    0x20002138   Section       34  app_timer.o(.data)
    m_user_array_size                        0x20002138   Data           1  app_timer.o(.data)
    mp_users                                 0x2000213c   Data           4  app_timer.o(.data)
    mp_timer_id_head                         0x20002140   Data           4  app_timer.o(.data)
    m_ticks_latest                           0x20002144   Data           4  app_timer.o(.data)
    m_ticks_elapsed                          0x20002148   Data           8  app_timer.o(.data)
    m_ticks_elapsed_q_read_ind               0x20002150   Data           1  app_timer.o(.data)
    m_ticks_elapsed_q_write_ind              0x20002151   Data           1  app_timer.o(.data)
    m_evt_schedule_func                      0x20002154   Data           4  app_timer.o(.data)
    m_rtc1_running                           0x20002158   Data           1  app_timer.o(.data)
    m_rtc1_reset                             0x20002159   Data           1  app_timer.o(.data)
    .data                                    0x2000215c   Section        8  retarget.o(.data)
    .data                                    0x20002164   Section       24  softdevice_handler.o(.data)
    m_evt_schedule_func                      0x20002164   Data           4  softdevice_handler.o(.data)
    m_softdevice_enabled                     0x20002168   Data           1  softdevice_handler.o(.data)
    mp_ble_evt_buffer                        0x2000216c   Data           4  softdevice_handler.o(.data)
    m_ble_evt_buffer_size                    0x20002170   Data           2  softdevice_handler.o(.data)
    m_ble_evt_handler                        0x20002174   Data           4  softdevice_handler.o(.data)
    m_sys_evt_handler                        0x20002178   Data           4  softdevice_handler.o(.data)
    .data                                    0x2000217c   Section        8  i2s_ws2812b_drive.o(.data)
    .data                                    0x20002184   Section        4  system_nrf52.o(.data)
    __tagsym$$used                           0x20002184   Number         0  system_nrf52.o(.data)
    .data                                    0x20002188   Section        4  mvars.o(.data)
    .data                                    0x2000218c   Section        4  mvars.o(.data)
    .bss                                     0x20002190   Section     1576  main.o(.bss)
    m_nus                                    0x20002190   Data          28  main.o(.bss)
    systick_timer_id_data                    0x200021ac   Data          32  main.o(.bss)
    BLE_EVT_BUFFER                           0x200021cc   Data          72  main.o(.bss)
    data_array                               0x20002214   Data          20  main.o(.bss)
    rx_buf                                   0x20002228   Data         256  main.o(.bss)
    tx_buf                                   0x20002328   Data         256  main.o(.bss)
    APP_TIMER_BUF                            0x20002428   Data         456  main.o(.bss)
    APP_TIMER_BUF                            0x200025f0   Data         456  main.o(.bss)
    .bss                                     0x200027b8   Section        9  ledpatterns.o(.bss)
    .bss                                     0x200027c4   Section      108  bsp.o(.bss)
    m_leds_timer_id_data                     0x200027c4   Data          32  bsp.o(.bss)
    m_alert_timer_id_data                    0x200027e4   Data          32  bsp.o(.bss)
    m_events_list                            0x20002804   Data          12  bsp.o(.bss)
    m_button_timer_id_data                   0x20002810   Data          32  bsp.o(.bss)
    .bss                                     0x20002830   Section      259  ble_advertising.o(.bss)
    m_advdata                                0x20002830   Data          56  ble_advertising.o(.bss)
    m_adv_modes_config                       0x20002868   Data          36  ble_advertising.o(.bss)
    m_whitelist                              0x2000288c   Data          16  ble_advertising.o(.bss)
    mp_whitelist_addr                        0x2000289c   Data          32  ble_advertising.o(.bss)
    mp_whitelist_irk                         0x200028bc   Data          32  ble_advertising.o(.bss)
    m_manuf_specific_data                    0x200028dc   Data          12  ble_advertising.o(.bss)
    m_manuf_data_array                       0x200028e8   Data          31  ble_advertising.o(.bss)
    m_service_data                           0x20002908   Data          12  ble_advertising.o(.bss)
    m_service_data_array                     0x20002914   Data          31  ble_advertising.o(.bss)
    .bss                                     0x20002934   Section       60  ble_conn_params.o(.bss)
    m_conn_params_config                     0x20002934   Data          28  ble_conn_params.o(.bss)
    m_conn_params_timer_id_data              0x20002950   Data          32  ble_conn_params.o(.bss)
    .bss                                     0x20002970   Section       32  app_uart_fifo.o(.bss)
    m_rx_fifo                                0x20002970   Data          16  app_uart_fifo.o(.bss)
    m_tx_fifo                                0x20002980   Data          16  app_uart_fifo.o(.bss)
    .bss                                     0x20002990   Section       88  nrf_drv_gpiote.o(.bss)
    m_cb                                     0x20002990   Data          88  nrf_drv_gpiote.o(.bss)
    .bss                                     0x200029e8   Section       32  nrf_drv_uart.o(.bss)
    m_cb                                     0x200029e8   Data          32  nrf_drv_uart.o(.bss)
    .bss                                     0x20002a08   Section      216  pstorage.o(.bss)
    m_cmd_queue                              0x20002a08   Data         204  pstorage.o(.bss)
    m_app_table                              0x20002ad4   Data          12  pstorage.o(.bss)
    .bss                                     0x20002ae0   Section       16  nrf_drv_i2s.o(.bss)
    m_cb                                     0x20002ae0   Data          16  nrf_drv_i2s.o(.bss)
    .bss                                     0x20002af0   Section       16  nrf_drv_pwm.o(.bss)
    m_cb                                     0x20002af0   Data          16  nrf_drv_pwm.o(.bss)
    .bss                                     0x20002b00   Section       12  nrf_drv_timer.o(.bss)
    m_cb                                     0x20002b00   Data          12  nrf_drv_timer.o(.bss)
    .bss                                     0x20002b0c   Section       88  fstorage.o(.bss)
    m_queue                                  0x20002b0c   Data          88  fstorage.o(.bss)
    .bss                                     0x20002b64   Section       12  softdevice_handler.o(.bss)
    HEAP                                     0x20002b70   Section     8192  arm_startup_nrf52.o(HEAP)
    STACK                                    0x20004b70   Section     8192  arm_startup_nrf52.o(STACK)

    Global Symbols

    Symbol Name                              Value     Ov Type        Size  Object(Section)

    BuildAttributes$$THM_ISAv4$E$P$D$K$B$S$7EM$VFPi3$EXTD16$VFPS$VFMA$PE$A:L22UL41UL21$X:L11$S22US41US21$IEEE1$IW$USESV6$~STKCKD$USESV7$~SHL$OTIME$ROPI$IEEEX$EBA8$MICROLIB$REQ8$PRES8$EABIv2 0x00000000   Number         0  anon$$obj.o ABSOLUTE
    __ARM_use_no_argv                        0x00000000   Number         0  main.o ABSOLUTE
    __cpp_initialize__aeabi_                  - Undefined Weak Reference
    __cxa_finalize                            - Undefined Weak Reference
    __decompress                              - Undefined Weak Reference
    _clock_init                               - Undefined Weak Reference
    _microlib_exit                            - Undefined Weak Reference
    fs_data$$Base                             - Undefined Reference
    fs_data$$Limit                            - Undefined Reference
    __Vectors_Size                           0x00000200   Number         0  arm_startup_nrf52.o ABSOLUTE
    __Vectors                                0x0001c000   Data           4  arm_startup_nrf52.o(RESET)
    __Vectors_End                            0x0001c200   Data           0  arm_startup_nrf52.o(RESET)
    __main                                   0x0001c201   Thumb Code     0  entry.o(.ARM.Collect$$$$00000000)
    _main_stk                                0x0001c201   Thumb Code     0  entry2.o(.ARM.Collect$$$$00000001)
    _main_scatterload                        0x0001c205   Thumb Code     0  entry5.o(.ARM.Collect$$$$00000004)
    __main_after_scatterload                 0x0001c209   Thumb Code     0  entry5.o(.ARM.Collect$$$$00000004)
    _main_clock                              0x0001c209   Thumb Code     0  entry7b.o(.ARM.Collect$$$$00000008)
    _main_cpp_init                           0x0001c209   Thumb Code     0  entry8b.o(.ARM.Collect$$$$0000000A)
    _main_init                               0x0001c209   Thumb Code     0  entry9a.o(.ARM.Collect$$$$0000000B)
    __rt_final_cpp                           0x0001c211   Thumb Code     0  entry10a.o(.ARM.Collect$$$$0000000D)
    __rt_final_exit                          0x0001c211   Thumb Code     0  entry11a.o(.ARM.Collect$$$$0000000F)
    __asm___11_app_timer_c_cd27f9c3__nrf_delay_us 0x0001c215   Thumb Code   118  app_timer.o(.emb_text)
    __asm___19_i2s_ws2812b_drive_c_58eccd55__nrf_delay_us 0x0001c28d   Thumb Code   118  i2s_ws2812b_drive.o(.emb_text)
    Reset_Handler                            0x0001c305   Thumb Code     8  arm_startup_nrf52.o(.text)
    NMI_Handler                              0x0001c30d   Thumb Code     2  arm_startup_nrf52.o(.text)
    HardFault_Handler                        0x0001c30f   Thumb Code     2  arm_startup_nrf52.o(.text)
    MemoryManagement_Handler                 0x0001c311   Thumb Code     2  arm_startup_nrf52.o(.text)
    BusFault_Handler                         0x0001c313   Thumb Code     2  arm_startup_nrf52.o(.text)
    UsageFault_Handler                       0x0001c315   Thumb Code     2  arm_startup_nrf52.o(.text)
    SVC_Handler                              0x0001c317   Thumb Code     2  arm_startup_nrf52.o(.text)
    DebugMon_Handler                         0x0001c319   Thumb Code     2  arm_startup_nrf52.o(.text)
    PendSV_Handler                           0x0001c31b   Thumb Code     2  arm_startup_nrf52.o(.text)
    SysTick_Handler                          0x0001c31d   Thumb Code     2  arm_startup_nrf52.o(.text)
    CCM_AAR_IRQHandler                       0x0001c31f   Thumb Code     0  arm_startup_nrf52.o(.text)
    COMP_LPCOMP_IRQHandler                   0x0001c31f   Thumb Code     0  arm_startup_nrf52.o(.text)
    ECB_IRQHandler                           0x0001c31f   Thumb Code     0  arm_startup_nrf52.o(.text)
    FPU_IRQHandler                           0x0001c31f   Thumb Code     0  arm_startup_nrf52.o(.text)
    MWU_IRQHandler                           0x0001c31f   Thumb Code     0  arm_startup_nrf52.o(.text)
    NFCT_IRQHandler                          0x0001c31f   Thumb Code     0  arm_startup_nrf52.o(.text)
    PDM_IRQHandler                           0x0001c31f   Thumb Code     0  arm_startup_nrf52.o(.text)
    POWER_CLOCK_IRQHandler                   0x0001c31f   Thumb Code     0  arm_startup_nrf52.o(.text)
    PWM2_IRQHandler                          0x0001c31f   Thumb Code     0  arm_startup_nrf52.o(.text)
    QDEC_IRQHandler                          0x0001c31f   Thumb Code     0  arm_startup_nrf52.o(.text)
    RADIO_IRQHandler                         0x0001c31f   Thumb Code     0  arm_startup_nrf52.o(.text)
    RNG_IRQHandler                           0x0001c31f   Thumb Code     0  arm_startup_nrf52.o(.text)
    RTC0_IRQHandler                          0x0001c31f   Thumb Code     0  arm_startup_nrf52.o(.text)
    RTC2_IRQHandler                          0x0001c31f   Thumb Code     0  arm_startup_nrf52.o(.text)
    SAADC_IRQHandler                         0x0001c31f   Thumb Code     0  arm_startup_nrf52.o(.text)
    SPIM0_SPIS0_TWIM0_TWIS0_SPI0_TWI0_IRQHandler 0x0001c31f   Thumb Code     0  arm_startup_nrf52.o(.text)
    SPIM1_SPIS1_TWIM1_TWIS1_SPI1_TWI1_IRQHandler 0x0001c31f   Thumb Code     0  arm_startup_nrf52.o(.text)
    SPIM2_SPIS2_SPI2_IRQHandler              0x0001c31f   Thumb Code     0  arm_startup_nrf52.o(.text)
    SWI1_EGU1_IRQHandler                     0x0001c31f   Thumb Code     0  arm_startup_nrf52.o(.text)
    SWI3_EGU3_IRQHandler                     0x0001c31f   Thumb Code     0  arm_startup_nrf52.o(.text)
    SWI4_EGU4_IRQHandler                     0x0001c31f   Thumb Code     0  arm_startup_nrf52.o(.text)
    SWI5_EGU5_IRQHandler                     0x0001c31f   Thumb Code     0  arm_startup_nrf52.o(.text)
    TEMP_IRQHandler                          0x0001c31f   Thumb Code     0  arm_startup_nrf52.o(.text)
    TIMER0_IRQHandler                        0x0001c31f   Thumb Code     0  arm_startup_nrf52.o(.text)
    TIMER2_IRQHandler                        0x0001c31f   Thumb Code     0  arm_startup_nrf52.o(.text)
    TIMER3_IRQHandler                        0x0001c31f   Thumb Code     0  arm_startup_nrf52.o(.text)
    TIMER4_IRQHandler                        0x0001c31f   Thumb Code     0  arm_startup_nrf52.o(.text)
    WDT_IRQHandler                           0x0001c31f   Thumb Code     0  arm_startup_nrf52.o(.text)
    __aeabi_memcpy                           0x0001c329   Thumb Code    36  memcpya.o(.text)
    __aeabi_memcpy4                          0x0001c329   Thumb Code     0  memcpya.o(.text)
    __aeabi_memcpy8                          0x0001c329   Thumb Code     0  memcpya.o(.text)
    __aeabi_memset                           0x0001c34d   Thumb Code    14  memseta.o(.text)
    __aeabi_memset4                          0x0001c34d   Thumb Code     0  memseta.o(.text)
    __aeabi_memset8                          0x0001c34d   Thumb Code     0  memseta.o(.text)
    __aeabi_memclr                           0x0001c35b   Thumb Code     4  memseta.o(.text)
    __aeabi_memclr4                          0x0001c35b   Thumb Code     0  memseta.o(.text)
    __aeabi_memclr8                          0x0001c35b   Thumb Code     0  memseta.o(.text)
    _memset$wrapper                          0x0001c35f   Thumb Code    18  memseta.o(.text)
    __aeabi_uidiv                            0x0001c371   Thumb Code     0  uidiv.o(.text)
    __aeabi_uidivmod                         0x0001c371   Thumb Code    44  uidiv.o(.text)
    __aeabi_uldivmod                         0x0001c39d   Thumb Code    98  uldiv.o(.text)
    __I$use$fp                               0x0001c3ff   Thumb Code     0  iusefp.o(.text)
    __aeabi_dadd                             0x0001c3ff   Thumb Code   322  dadd.o(.text)
    __aeabi_dsub                             0x0001c541   Thumb Code     6  dadd.o(.text)
    __aeabi_drsub                            0x0001c547   Thumb Code     6  dadd.o(.text)
    __aeabi_dmul                             0x0001c54d   Thumb Code   228  dmul.o(.text)
    __aeabi_ddiv                             0x0001c631   Thumb Code   222  ddiv.o(.text)
    __aeabi_d2ulz                            0x0001c70f   Thumb Code    48  dfixul.o(.text)
    __aeabi_cdrcmple                         0x0001c741   Thumb Code    48  cdrcmple.o(.text)
    __scatterload                            0x0001c771   Thumb Code    28  init.o(.text)
    __scatterload_rt2                        0x0001c771   Thumb Code     0  init.o(.text)
    __aeabi_llsl                             0x0001c795   Thumb Code    30  llshl.o(.text)
    _ll_shift_l                              0x0001c795   Thumb Code     0  llshl.o(.text)
    __aeabi_llsr                             0x0001c7b3   Thumb Code    32  llushr.o(.text)
    _ll_ushift_r                             0x0001c7b3   Thumb Code     0  llushr.o(.text)
    __aeabi_lasr                             0x0001c7d3   Thumb Code    36  llsshr.o(.text)
    _ll_sshift_r                             0x0001c7d3   Thumb Code     0  llsshr.o(.text)
    _double_round                            0x0001c7f7   Thumb Code    30  depilogue.o(.text)
    _double_epilogue                         0x0001c815   Thumb Code   156  depilogue.o(.text)
    Cyclon                                   0x0001c8b1   Thumb Code   126  ledpatterns.o(i.Cyclon)
    FadeInOut                                0x0001c93d   Thumb Code   230  ledpatterns.o(i.FadeInOut)
    Flash                                    0x0001ca35   Thumb Code   154  ledpatterns.o(i.Flash)
    GPIOTE_IRQHandler                        0x0001cae9   Thumb Code   420  nrf_drv_gpiote.o(i.GPIOTE_IRQHandler)
    I2S_IRQHandler                           0x0001cca1   Thumb Code   340  nrf_drv_i2s.o(i.I2S_IRQHandler)
    PWM0_IRQHandler                          0x0001ce71   Thumb Code    12  nrf_drv_pwm.o(i.PWM0_IRQHandler)
    PWM1_IRQHandler                          0x0001ce85   Thumb Code    12  nrf_drv_pwm.o(i.PWM1_IRQHandler)
    RTC1_IRQHandler                          0x0001ce99   Thumb Code    44  app_timer.o(i.RTC1_IRQHandler)
    SWI0_EGU0_IRQHandler                     0x0001cecd   Thumb Code     8  app_timer.o(i.SWI0_EGU0_IRQHandler)
    SWI2_EGU2_IRQHandler                     0x0001ced5   Thumb Code    42  softdevice_handler.o(i.SWI2_EGU2_IRQHandler)
    SetAll                                   0x0001cf05   Thumb Code    22  ledpatterns.o(i.SetAll)
    SetPixel                                 0x0001cf21   Thumb Code    28  ledpatterns.o(i.SetPixel)
    SystemCoreClockUpdate                    0x0001cf41   Thumb Code     8  system_nrf52.o(i.SystemCoreClockUpdate)
    SystemInit                               0x0001cf51   Thumb Code   578  system_nrf52.o(i.SystemInit)
    TIMER1_IRQHandler                        0x0001d1d5   Thumb Code    14  nrf_drv_timer.o(i.TIMER1_IRQHandler)
    UARTE0_UART0_IRQHandler                  0x0001d1ed   Thumb Code    20  nrf_drv_uart.o(i.UARTE0_UART0_IRQHandler)
    __0printf                                0x0001d205   Thumb Code    22  printfa.o(i.__0printf)
    __1printf                                0x0001d205   Thumb Code     0  printfa.o(i.__0printf)
    __2printf                                0x0001d205   Thumb Code     0  printfa.o(i.__0printf)
    __c89printf                              0x0001d205   Thumb Code     0  printfa.o(i.__0printf)
    printf                                   0x0001d205   Thumb Code     0  printfa.o(i.__0printf)
    __scatterload_copy                       0x0001d225   Thumb Code    14  handlers.o(i.__scatterload_copy)
    __scatterload_null                       0x0001d233   Thumb Code     2  handlers.o(i.__scatterload_null)
    __scatterload_zeroinit                   0x0001d235   Thumb Code    14  handlers.o(i.__scatterload_zeroinit)
    adv_data_encode                          0x0001dad7   Thumb Code   454  ble_advdata.o(i.adv_data_encode)
    app_error_fault_handler                  0x0001dd7d   Thumb Code    60  app_error_weak.o(i.app_error_fault_handler)
    app_error_handler_bare                   0x0001ddc1   Thumb Code    28  app_error.o(i.app_error_handler_bare)
    app_fifo_get                             0x0001dddd   Thumb Code    30  app_fifo.o(i.app_fifo_get)
    app_fifo_init                            0x0001ddfb   Thumb Code    36  app_fifo.o(i.app_fifo_init)
    app_fifo_put                             0x0001de1f   Thumb Code    34  app_fifo.o(i.app_fifo_put)
    app_timer_create                         0x0001de41   Thumb Code    56  app_timer.o(i.app_timer_create)
    app_timer_init                           0x0001de7d   Thumb Code   154  app_timer.o(i.app_timer_init)
    app_timer_start                          0x0001df35   Thumb Code    84  app_timer.o(i.app_timer_start)
    app_timer_stop                           0x0001df8d   Thumb Code    48  app_timer.o(i.app_timer_stop)
    app_uart_get                             0x0001dfc1   Thumb Code    46  app_uart_fifo.o(i.app_uart_get)
    app_uart_init                            0x0001dff9   Thumb Code   178  app_uart_fifo.o(i.app_uart_init)
    app_uart_put                             0x0001e0c5   Thumb Code    46  app_uart_fifo.o(i.app_uart_put)
    ble_advdata_set                          0x0001e20d   Thumb Code   148  ble_advdata.o(i.ble_advdata_set)
    ble_advertising_init                     0x0001e2a1   Thumb Code   324  ble_advertising.o(i.ble_advertising_init)
    ble_advertising_on_ble_evt               0x0001e41d   Thumb Code   224  ble_advertising.o(i.ble_advertising_on_ble_evt)
    ble_advertising_start                    0x0001e525   Thumb Code   604  ble_advertising.o(i.ble_advertising_start)
    ble_conn_params_init                     0x0001e7ad   Thumb Code    84  ble_conn_params.o(i.ble_conn_params_init)
    ble_conn_params_on_ble_evt               0x0001e81d   Thumb Code    62  ble_conn_params.o(i.ble_conn_params_on_ble_evt)
    ble_nus_init                             0x0001e8fd   Thumb Code   144  ble_nus.o(i.ble_nus_init)
    ble_nus_on_ble_evt                       0x0001e991   Thumb Code    66  ble_nus.o(i.ble_nus_on_ble_evt)
    ble_nus_string_send                      0x0001e9d3   Thumb Code    86  ble_nus.o(i.ble_nus_string_send)
    bsp_btn_ble_on_ble_evt                   0x0001eadd   Thumb Code   110  bsp_btn_ble.o(i.bsp_btn_ble_on_ble_evt)
    bsp_btn_ble_sleep_mode_prepare           0x0001eb55   Thumb Code    28  bsp_btn_ble.o(i.bsp_btn_ble_sleep_mode_prepare)
    bsp_event_to_button_action_assign        0x0001ec4d   Thumb Code    86  bsp.o(i.bsp_event_to_button_action_assign)
    bsp_indication_set                       0x0001eca9   Thumb Code    28  bsp.o(i.bsp_indication_set)
    bsp_wakeup_buttons_set                   0x0001f265   Thumb Code    70  bsp.o(i.bsp_wakeup_buttons_set)
    fputc                                    0x0001fa31   Thumb Code    16  retarget.o(i.fputc)
    free                                     0x0001fa41   Thumb Code    76  malloc.o(i.free)
    fs_queued_op_count_get                   0x0001fa91   Thumb Code    18  fstorage.o(i.fs_queued_op_count_get)
    i2s_ws2812b_drive_set_buff               0x0001fb6d   Thumb Code   146  i2s_ws2812b_drive.o(i.i2s_ws2812b_drive_set_buff)
    i2s_ws2812b_drive_xfer                   0x0001fc01   Thumb Code   266  i2s_ws2812b_drive.o(i.i2s_ws2812b_drive_xfer)
    intern_softdevice_events_execute         0x0001fd21   Thumb Code   142  softdevice_handler.o(i.intern_softdevice_events_execute)
    main                                     0x000200f1   Thumb Code   112  main.o(i.main)
    malloc                                   0x00020179   Thumb Code    92  malloc.o(i.malloc)
    nrf_drv_common_irq_enable                0x0002031d   Thumb Code    84  nrf_drv_common.o(i.nrf_drv_common_irq_enable)
    nrf_drv_i2s_init                         0x0002037d   Thumb Code    84  nrf_drv_i2s.o(i.nrf_drv_i2s_init)
    nrf_drv_i2s_start                        0x000203dd   Thumb Code   316  nrf_drv_i2s.o(i.nrf_drv_i2s_start)
    nrf_drv_i2s_stop                         0x00020529   Thumb Code    38  nrf_drv_i2s.o(i.nrf_drv_i2s_stop)
    nrf_drv_i2s_uninit                       0x0002055d   Thumb Code    38  nrf_drv_i2s.o(i.nrf_drv_i2s_uninit)
    nrf_drv_uart_init                        0x000205a1   Thumb Code   202  nrf_drv_uart.o(i.nrf_drv_uart_init)
    nrf_drv_uart_rx                          0x00020685   Thumb Code   168  nrf_drv_uart.o(i.nrf_drv_uart_rx)
    nrf_drv_uart_rx_enable                   0x00020735   Thumb Code    26  nrf_drv_uart.o(i.nrf_drv_uart_rx_enable)
    nrf_drv_uart_tx                          0x000208bd   Thumb Code    66  nrf_drv_uart.o(i.nrf_drv_uart_tx)
    nrf_drv_uart_tx_in_progress              0x00020a01   Thumb Code    14  nrf_drv_uart.o(i.nrf_drv_uart_tx_in_progress)
    pstorage_access_status_get               0x00020f5d   Thumb Code    36  pstorage.o(i.pstorage_access_status_get)
    sd_check_ram_start                       0x0002121d   Thumb Code    22  softdevice_handler.o(i.sd_check_ram_start)
    softdevice_ble_evt_handler_set           0x00021451   Thumb Code    20  softdevice_handler.o(i.softdevice_ble_evt_handler_set)
    softdevice_enable                        0x00021469   Thumb Code    24  softdevice_handler.o(i.softdevice_enable)
    softdevice_enable_get_default_config     0x00021485   Thumb Code    44  softdevice_handler.o(i.softdevice_enable_get_default_config)
    softdevice_fault_handler                 0x000214b1   Thumb Code    20  softdevice_handler.o(i.softdevice_fault_handler)
    softdevice_handler_init                  0x000214c5   Thumb Code    80  softdevice_handler.o(i.softdevice_handler_init)
    uart_event_handle                        0x00021a8d   Thumb Code   136  main.o(i.uart_event_handle)
    m_LED_channel_seq                        0x00027400   Data          16  main.o(.constdata)
    Region$$Table$$Base                      0x000274e4   Number         0  anon$$obj.o(Region$$Table)
    Region$$Table$$Limit                     0x00027504   Number         0  anon$$obj.o(Region$$Table)
    Image$$RW_IRAM1$$Base                    0x20002080   Number         0  anon$$obj.o ABSOLUTE
    ws2812bPattern                           0x20002086   Data           1  main.o(.data)
    DelayWS2812b                             0x20002087   Data           1  main.o(.data)
    DelayBuzzer                              0x20002088   Data           1  main.o(.data)
    __stdout                                 0x2000215c   Data           4  retarget.o(.data)
    __stdin                                  0x20002160   Data           4  retarget.o(.data)
    i2s_ws2812b_drive_m_blocks_transferred   0x2000217c   Data           1  i2s_ws2812b_drive.o(.data)
    i2s_ws2812b_drive_flag_first_buffer      0x2000217d   Data           1  i2s_ws2812b_drive.o(.data)
    i2s_ws2812b_drive_tx_led_array           0x20002180   Data           4  i2s_ws2812b_drive.o(.data)
    SystemCoreClock                          0x20002184   Data           4  system_nrf52.o(.data)
    __microlib_freelist                      0x20002188   Data           4  mvars.o(.data)
    __microlib_freelist_initialised          0x2000218c   Data           4  mvars.o(.data)
    led_array                                0x200027b8   Data           9  ledpatterns.o(.bss)
    nrf_nvic_state                           0x20002b64   Data          12  softdevice_handler.o(.bss)
    __heap_base                              0x20002b70   Data           0  arm_startup_nrf52.o(HEAP)
    __heap_limit                             0x20004b70   Data           0  arm_startup_nrf52.o(HEAP)
    __initial_sp                             0x20006b70   Data           0  arm_startup_nrf52.o(STACK)



==============================================================================

Memory Map of the image

  Image Entry point : 0x0001c201

  Load Region LR_IROM1 (Base: 0x0001c000, Size: 0x0000b614, Max: 0x00064000, ABSOLUTE)

    Execution Region ER_IROM1 (Base: 0x0001c000, Size: 0x0000b504, Max: 0x00064000, ABSOLUTE)

    Base Addr    Size         Type   Attr      Idx    E Section Name        Object

    0x0001c000   0x00000200   Data   RO         4351    RESET               arm_startup_nrf52.o
    0x0001c200   0x00000000   Code   RO         4587  * .ARM.Collect$$$$00000000  mc_w.l(entry.o)
    0x0001c200   0x00000004   Code   RO         4888    .ARM.Collect$$$$00000001  mc_w.l(entry2.o)
    0x0001c204   0x00000004   Code   RO         4891    .ARM.Collect$$$$00000004  mc_w.l(entry5.o)
    0x0001c208   0x00000000   Code   RO         4893    .ARM.Collect$$$$00000008  mc_w.l(entry7b.o)
    0x0001c208   0x00000000   Code   RO         4895    .ARM.Collect$$$$0000000A  mc_w.l(entry8b.o)
    0x0001c208   0x00000008   Code   RO         4896    .ARM.Collect$$$$0000000B  mc_w.l(entry9a.o)
    0x0001c210   0x00000000   Code   RO         4898    .ARM.Collect$$$$0000000D  mc_w.l(entry10a.o)
    0x0001c210   0x00000000   Code   RO         4900    .ARM.Collect$$$$0000000F  mc_w.l(entry11a.o)
    0x0001c210   0x00000004   Code   RO         4889    .ARM.Collect$$$$00002712  mc_w.l(entry2.o)
    0x0001c214   0x00000076   Code   RO         3030    .emb_text           app_timer.o
    0x0001c28a   0x00000002   PAD
    0x0001c28c   0x00000076   Code   RO         4166    .emb_text           i2s_ws2812b_drive.o
    0x0001c302   0x00000002   PAD
    0x0001c304   0x00000024   Code   RO         4352    .text               arm_startup_nrf52.o
    0x0001c328   0x00000024   Code   RO         4590    .text               mc_w.l(memcpya.o)
    0x0001c34c   0x00000024   Code   RO         4592    .text               mc_w.l(memseta.o)
    0x0001c370   0x0000002c   Code   RO         4902    .text               mc_w.l(uidiv.o)
    0x0001c39c   0x00000062   Code   RO         4904    .text               mc_w.l(uldiv.o)
    0x0001c3fe   0x00000000   Code   RO         4908    .text               mc_w.l(iusefp.o)
    0x0001c3fe   0x0000014e   Code   RO         4909    .text               mf_w.l(dadd.o)
    0x0001c54c   0x000000e4   Code   RO         4911    .text               mf_w.l(dmul.o)
    0x0001c630   0x000000de   Code   RO         4913    .text               mf_w.l(ddiv.o)
    0x0001c70e   0x00000030   Code   RO         4915    .text               mf_w.l(dfixul.o)
    0x0001c73e   0x00000002   PAD
    0x0001c740   0x00000030   Code   RO         4917    .text               mf_w.l(cdrcmple.o)
    0x0001c770   0x00000024   Code   RO         4919    .text               mc_w.l(init.o)
    0x0001c794   0x0000001e   Code   RO         4921    .text               mc_w.l(llshl.o)
    0x0001c7b2   0x00000020   Code   RO         4923    .text               mc_w.l(llushr.o)
    0x0001c7d2   0x00000024   Code   RO         4925    .text               mc_w.l(llsshr.o)
    0x0001c7f6   0x000000ba   Code   RO         4927    .text               mf_w.l(depilogue.o)
    0x0001c8b0   0x0000008c   Code   RO          432    i.Cyclon            ledpatterns.o
    0x0001c93c   0x000000f8   Code   RO          433    i.FadeInOut         ledpatterns.o
    0x0001ca34   0x000000b4   Code   RO          434    i.Flash             ledpatterns.o
    0x0001cae8   0x000001b8   Code   RO         1321    i.GPIOTE_IRQHandler  nrf_drv_gpiote.o
    0x0001cca0   0x00000160   Code   RO         2180    i.I2S_IRQHandler    nrf_drv_i2s.o
    0x0001ce00   0x00000018   Code   RO         3031    i.NVIC_ClearPendingIRQ  app_timer.o
    0x0001ce18   0x00000016   Code   RO         3032    i.NVIC_EnableIRQ    app_timer.o
    0x0001ce2e   0x00000002   PAD
    0x0001ce30   0x00000018   Code   RO         3033    i.NVIC_SetPendingIRQ  app_timer.o
    0x0001ce48   0x00000028   Code   RO         3034    i.NVIC_SetPriority  app_timer.o
    0x0001ce70   0x00000014   Code   RO         2304    i.PWM0_IRQHandler   nrf_drv_pwm.o
    0x0001ce84   0x00000014   Code   RO         2305    i.PWM1_IRQHandler   nrf_drv_pwm.o
    0x0001ce98   0x00000034   Code   RO         3035    i.RTC1_IRQHandler   app_timer.o
    0x0001cecc   0x00000008   Code   RO         3036    i.SWI0_EGU0_IRQHandler  app_timer.o
    0x0001ced4   0x00000030   Code   RO         4059    i.SWI2_EGU2_IRQHandler  softdevice_handler.o
    0x0001cf04   0x0000001c   Code   RO          435    i.SetAll            ledpatterns.o
    0x0001cf20   0x00000020   Code   RO          436    i.SetPixel          ledpatterns.o
    0x0001cf40   0x00000010   Code   RO         4359    i.SystemCoreClockUpdate  system_nrf52.o
    0x0001cf50   0x00000284   Code   RO         4360    i.SystemInit        system_nrf52.o
    0x0001d1d4   0x00000018   Code   RO         2611    i.TIMER1_IRQHandler  nrf_drv_timer.o
    0x0001d1ec   0x00000018   Code   RO         1560    i.UARTE0_UART0_IRQHandler  nrf_drv_uart.o
    0x0001d204   0x00000020   Code   RO         4833    i.__0printf         mc_w.l(printfa.o)
    0x0001d224   0x0000000e   Code   RO         4931    i.__scatterload_copy  mc_w.l(handlers.o)
    0x0001d232   0x00000002   Code   RO         4932    i.__scatterload_null  mc_w.l(handlers.o)
    0x0001d234   0x0000000e   Code   RO         4933    i.__scatterload_zeroinit  mc_w.l(handlers.o)
    0x0001d242   0x00000002   PAD
    0x0001d244   0x00000164   Code   RO         4840    i._fp_digits        mc_w.l(printfa.o)
    0x0001d3a8   0x000006dc   Code   RO         4841    i._printf_core      mc_w.l(printfa.o)
    0x0001da84   0x00000024   Code   RO         4842    i._printf_post_padding  mc_w.l(printfa.o)
    0x0001daa8   0x0000002e   Code   RO         4843    i._printf_pre_padding  mc_w.l(printfa.o)
    0x0001dad6   0x000001c6   Code   RO          720    i.adv_data_encode   ble_advdata.o
    0x0001dc9c   0x00000012   Code   RO          721    i.advdata_check     ble_advdata.o
    0x0001dcae   0x00000054   Code   RO          643    i.advertising_buttons_configure  bsp_btn_ble.o
    0x0001dd02   0x00000002   PAD
    0x0001dd04   0x00000078   Code   RO            5    i.advertising_init  main.o
    0x0001dd7c   0x00000044   Code   RO         3448    i.app_error_fault_handler  app_error_weak.o
    0x0001ddc0   0x0000001c   Code   RO         3409    i.app_error_handler_bare  app_error.o
    0x0001dddc   0x0000001e   Code   RO         2951    i.app_fifo_get      app_fifo.o
    0x0001ddfa   0x00000024   Code   RO         2952    i.app_fifo_init     app_fifo.o
    0x0001de1e   0x00000022   Code   RO         2954    i.app_fifo_put      app_fifo.o
    0x0001de40   0x0000003c   Code   RO         3039    i.app_timer_create  app_timer.o
    0x0001de7c   0x000000b8   Code   RO         3040    i.app_timer_init    app_timer.o
    0x0001df34   0x00000058   Code   RO         3041    i.app_timer_start   app_timer.o
    0x0001df8c   0x00000034   Code   RO         3042    i.app_timer_stop    app_timer.o
    0x0001dfc0   0x00000038   Code   RO         1167    i.app_uart_get      app_uart_fifo.o
    0x0001dff8   0x000000cc   Code   RO         1168    i.app_uart_init     app_uart_fifo.o
    0x0001e0c4   0x00000038   Code   RO         1169    i.app_uart_put      app_uart_fifo.o
    0x0001e0fc   0x00000052   Code   RO          722    i.appearance_encode  ble_advdata.o
    0x0001e14e   0x00000002   PAD
    0x0001e150   0x000000bc   Code   RO         1561    i.apply_config      nrf_drv_uart.o
    0x0001e20c   0x00000094   Code   RO          723    i.ble_advdata_set   ble_advdata.o
    0x0001e2a0   0x0000017c   Code   RO          854    i.ble_advertising_init  ble_advertising.o
    0x0001e41c   0x000000f8   Code   RO          855    i.ble_advertising_on_ble_evt  ble_advertising.o
    0x0001e514   0x00000010   Code   RO          858    i.ble_advertising_peer_address_clear  ble_advertising.o
    0x0001e524   0x00000288   Code   RO          860    i.ble_advertising_start  ble_advertising.o
    0x0001e7ac   0x00000070   Code   RO          956    i.ble_conn_params_init  ble_conn_params.o
    0x0001e81c   0x0000003e   Code   RO          957    i.ble_conn_params_on_ble_evt  ble_conn_params.o
    0x0001e85a   0x00000074   Code   RO          724    i.ble_device_addr_encode  ble_advdata.o
    0x0001e8ce   0x00000002   PAD
    0x0001e8d0   0x0000002c   Code   RO            7    i.ble_evt_dispatch  main.o
    0x0001e8fc   0x00000094   Code   RO         1053    i.ble_nus_init      ble_nus.o
    0x0001e990   0x00000042   Code   RO         1054    i.ble_nus_on_ble_evt  ble_nus.o
    0x0001e9d2   0x00000056   Code   RO         1055    i.ble_nus_string_send  ble_nus.o
    0x0001ea28   0x000000b4   Code   RO            8    i.ble_stack_init    main.o
    0x0001eadc   0x00000078   Code   RO          645    i.bsp_btn_ble_on_ble_evt  bsp_btn_ble.o
    0x0001eb54   0x0000001c   Code   RO          646    i.bsp_btn_ble_sleep_mode_prepare  bsp_btn_ble.o
    0x0001eb70   0x000000dc   Code   RO          540    i.bsp_button_event_handler  bsp.o
    0x0001ec4c   0x0000005c   Code   RO          545    i.bsp_event_to_button_action_assign  bsp.o
    0x0001eca8   0x00000020   Code   RO          546    i.bsp_indication_set  bsp.o
    0x0001ecc8   0x0000059c   Code   RO          549    i.bsp_led_indication  bsp.o
    0x0001f264   0x00000050   Code   RO          550    i.bsp_wakeup_buttons_set  bsp.o
    0x0001f2b4   0x00000010   Code   RO         1323    i.channel_handler_get  nrf_drv_gpiote.o
    0x0001f2c4   0x0000000c   Code   RO         1325    i.channel_port_get  nrf_drv_gpiote.o
    0x0001f2d0   0x00000090   Code   RO         3044    i.compare_reg_update  app_timer.o
    0x0001f360   0x00000090   Code   RO         2181    i.configure_pins    nrf_drv_i2s.o
    0x0001f3f0   0x0000005a   Code   RO          725    i.conn_int_check    ble_advdata.o
    0x0001f44a   0x00000068   Code   RO          726    i.conn_int_encode   ble_advdata.o
    0x0001f4b2   0x00000010   Code   RO           10    i.conn_params_error_handler  main.o
    0x0001f4c2   0x00000002   PAD
    0x0001f4c4   0x0000005c   Code   RO           11    i.conn_params_init  main.o
    0x0001f520   0x00000084   Code   RO          959    i.conn_params_negotiation  ble_conn_params.o
    0x0001f5a4   0x00000054   Code   RO          647    i.connection_buttons_configure  bsp_btn_ble.o
    0x0001f5f8   0x0000002c   Code   RO           12    i.drv_speaker_evt_handler  main.o
    0x0001f624   0x00000064   Code   RO         3045    i.elapsed_ticks_acquire  app_timer.o
    0x0001f688   0x00000054   Code   RO         4361    i.errata_108        system_nrf52.o
    0x0001f6dc   0x00000054   Code   RO         4362    i.errata_12         system_nrf52.o
    0x0001f730   0x00000054   Code   RO         4363    i.errata_136        system_nrf52.o
    0x0001f784   0x00000030   Code   RO         4364    i.errata_16         system_nrf52.o
    0x0001f7b4   0x00000054   Code   RO         4365    i.errata_31         system_nrf52.o
    0x0001f808   0x00000030   Code   RO         4366    i.errata_32         system_nrf52.o
    0x0001f838   0x00000054   Code   RO         4367    i.errata_36         system_nrf52.o
    0x0001f88c   0x00000030   Code   RO         4368    i.errata_37         system_nrf52.o
    0x0001f8bc   0x00000030   Code   RO         4369    i.errata_57         system_nrf52.o
    0x0001f8ec   0x00000030   Code   RO         4370    i.errata_66         system_nrf52.o
    0x0001f91c   0x00000058   Code   RO         3046    i.expired_timers_handler  app_timer.o
    0x0001f974   0x00000018   Code   RO         2957    i.fifo_get          app_fifo.o
    0x0001f98c   0x0000000a   Code   RO         1170    i.fifo_length       app_uart_fifo.o
    0x0001f996   0x0000000a   Code   RO         2958    i.fifo_length       app_fifo.o
    0x0001f9a0   0x00000012   Code   RO         2959    i.fifo_peek         app_fifo.o
    0x0001f9b2   0x00000012   Code   RO         2960    i.fifo_put          app_fifo.o
    0x0001f9c4   0x00000036   Code   RO          727    i.flags_encode      ble_advdata.o
    0x0001f9fa   0x00000036   Code   RO          862    i.flash_access_in_progress  ble_advertising.o
    0x0001fa30   0x00000010   Code   RO         3372    i.fputc             retarget.o
    0x0001fa40   0x00000050   Code   RO         4860    i.free              mc_w.l(malloc.o)
    0x0001fa90   0x00000018   Code   RO         3263    i.fs_queued_op_count_get  fstorage.o
    0x0001faa8   0x00000080   Code   RO           13    i.gap_params_init   main.o
    0x0001fb28   0x00000044   Code   RO         4167    i.i2s_ws2812b_drive_handler  i2s_ws2812b_drive.o
    0x0001fb6c   0x00000092   Code   RO         4168    i.i2s_ws2812b_drive_set_buff  i2s_ws2812b_drive.o
    0x0001fbfe   0x00000002   PAD
    0x0001fc00   0x00000120   Code   RO         4169    i.i2s_ws2812b_drive_xfer  i2s_ws2812b_drive.o
    0x0001fd20   0x000000a4   Code   RO         4060    i.intern_softdevice_events_execute  softdevice_handler.o
    0x0001fdc4   0x0000009a   Code   RO         2307    i.irq_handler       nrf_drv_pwm.o
    0x0001fe5e   0x0000005c   Code   RO         2612    i.irq_handler       nrf_drv_timer.o
    0x0001feba   0x00000002   PAD
    0x0001febc   0x00000024   Code   RO          960    i.is_conn_params_ok  ble_conn_params.o
    0x0001fee0   0x0000006a   Code   RO          728    i.le_role_encode    ble_advdata.o
    0x0001ff4a   0x00000002   PAD
    0x0001ff4c   0x00000098   Code   RO         3047    i.list_deletions_handler  app_timer.o
    0x0001ffe4   0x0000010c   Code   RO         3048    i.list_insertions_handler  app_timer.o
    0x000200f0   0x00000088   Code   RO           14    i.main              main.o
    0x00020178   0x0000006c   Code   RO         4861    i.malloc            mc_w.l(malloc.o)
    0x000201e4   0x00000076   Code   RO          729    i.manuf_specific_data_encode  ble_advdata.o
    0x0002025a   0x000000c2   Code   RO          730    i.name_encode       ble_advdata.o
    0x0002031c   0x00000060   Code   RO         1283    i.nrf_drv_common_irq_enable  nrf_drv_common.o
    0x0002037c   0x00000060   Code   RO         2182    i.nrf_drv_i2s_init  nrf_drv_i2s.o
    0x000203dc   0x0000014c   Code   RO         2183    i.nrf_drv_i2s_start  nrf_drv_i2s.o
    0x00020528   0x00000034   Code   RO         2184    i.nrf_drv_i2s_stop  nrf_drv_i2s.o
    0x0002055c   0x00000030   Code   RO         2185    i.nrf_drv_i2s_uninit  nrf_drv_i2s.o
    0x0002058c   0x00000014   Code   RO         2186    i.nrf_drv_is_in_RAM  nrf_drv_i2s.o
    0x000205a0   0x000000e4   Code   RO         1563    i.nrf_drv_uart_init  nrf_drv_uart.o
    0x00020684   0x000000b0   Code   RO         1564    i.nrf_drv_uart_rx   nrf_drv_uart.o
    0x00020734   0x00000020   Code   RO         1567    i.nrf_drv_uart_rx_enable  nrf_drv_uart.o
    0x00020754   0x000000b4   Code   RO         1568    i.nrf_drv_uart_rx_for_uart  nrf_drv_uart.o
    0x00020808   0x000000b4   Code   RO         1569    i.nrf_drv_uart_rx_for_uarte  nrf_drv_uart.o
    0x000208bc   0x00000048   Code   RO         1570    i.nrf_drv_uart_tx   nrf_drv_uart.o
    0x00020904   0x0000008c   Code   RO         1572    i.nrf_drv_uart_tx_for_uart  nrf_drv_uart.o
    0x00020990   0x00000070   Code   RO         1573    i.nrf_drv_uart_tx_for_uarte  nrf_drv_uart.o
    0x00020a00   0x00000014   Code   RO         1574    i.nrf_drv_uart_tx_in_progress  nrf_drv_uart.o
    0x00020a14   0x00000024   Code   RO         1576    i.nrf_gpio_cfg      nrf_drv_uart.o
    0x00020a38   0x00000024   Code   RO         2187    i.nrf_gpio_cfg      nrf_drv_i2s.o
    0x00020a5c   0x0000001a   Code   RO         1578    i.nrf_gpio_cfg_input  nrf_drv_uart.o
    0x00020a76   0x0000001a   Code   RO         2188    i.nrf_gpio_cfg_input  nrf_drv_i2s.o
    0x00020a90   0x00000018   Code   RO         1579    i.nrf_gpio_cfg_output  nrf_drv_uart.o
    0x00020aa8   0x00000018   Code   RO         2189    i.nrf_gpio_cfg_output  nrf_drv_i2s.o
    0x00020ac0   0x00000024   Code   RO         1347    i.nrf_gpio_cfg_sense_set  nrf_drv_gpiote.o
    0x00020ae4   0x00000010   Code   RO         1580    i.nrf_gpio_pin_set  nrf_drv_uart.o
    0x00020af4   0x0000000c   Code   RO         1350    i.nrf_gpiote_event_addr_get  nrf_drv_gpiote.o
    0x00020b00   0x0000001c   Code   RO         1351    i.nrf_gpiote_event_clear  nrf_drv_gpiote.o
    0x00020b1c   0x00000016   Code   RO         1352    i.nrf_gpiote_event_is_set  nrf_drv_gpiote.o
    0x00020b32   0x0000006c   Code   RO         2190    i.nrf_i2s_configure  nrf_drv_i2s.o
    0x00020b9e   0x0000000e   Code   RO         2191    i.nrf_i2s_event_check  nrf_drv_i2s.o
    0x00020bac   0x00000006   Code   RO         2192    i.nrf_i2s_event_clear  nrf_drv_i2s.o
    0x00020bb2   0x00000006   Code   RO         2193    i.nrf_i2s_rx_buffer_set  nrf_drv_i2s.o
    0x00020bb8   0x00000006   Code   RO         2194    i.nrf_i2s_task_trigger  nrf_drv_i2s.o
    0x00020bbe   0x00000006   Code   RO         2195    i.nrf_i2s_tx_buffer_set  nrf_drv_i2s.o
    0x00020bc4   0x0000000e   Code   RO         2315    i.nrf_pwm_event_check  nrf_drv_pwm.o
    0x00020bd2   0x00000006   Code   RO         2316    i.nrf_pwm_event_clear  nrf_drv_pwm.o
    0x00020bd8   0x00000012   Code   RO         2317    i.nrf_pwm_int_enable_check  nrf_drv_pwm.o
    0x00020bea   0x0000000e   Code   RO         2627    i.nrf_timer_compare_event_get  nrf_drv_timer.o
    0x00020bf8   0x0000000a   Code   RO         2628    i.nrf_timer_compare_int_get  nrf_drv_timer.o
    0x00020c02   0x00000006   Code   RO         2629    i.nrf_timer_event_clear  nrf_drv_timer.o
    0x00020c08   0x0000000c   Code   RO         1581    i.nrf_uart_errorsrc_get_and_clear  nrf_drv_uart.o
    0x00020c14   0x0000000e   Code   RO         1582    i.nrf_uart_event_check  nrf_drv_uart.o
    0x00020c22   0x00000006   Code   RO         1583    i.nrf_uart_event_clear  nrf_drv_uart.o
    0x00020c28   0x0000000a   Code   RO         1584    i.nrf_uart_hwfc_pins_set  nrf_drv_uart.o
    0x00020c32   0x00000006   Code   RO         1585    i.nrf_uart_int_disable  nrf_drv_uart.o
    0x00020c38   0x00000006   Code   RO         1586    i.nrf_uart_int_enable  nrf_drv_uart.o
    0x00020c3e   0x00000012   Code   RO         1587    i.nrf_uart_int_enable_check  nrf_drv_uart.o
    0x00020c50   0x00000006   Code   RO         1588    i.nrf_uart_task_trigger  nrf_drv_uart.o
    0x00020c56   0x0000000a   Code   RO         1589    i.nrf_uart_txrx_pins_set  nrf_drv_uart.o
    0x00020c60   0x0000000c   Code   RO         1590    i.nrf_uarte_errorsrc_get_and_clear  nrf_drv_uart.o
    0x00020c6c   0x0000000e   Code   RO         1591    i.nrf_uarte_event_check  nrf_drv_uart.o
    0x00020c7a   0x00000006   Code   RO         1592    i.nrf_uarte_event_clear  nrf_drv_uart.o
    0x00020c80   0x0000000c   Code   RO         1593    i.nrf_uarte_hwfc_pins_set  nrf_drv_uart.o
    0x00020c8c   0x00000006   Code   RO         1594    i.nrf_uarte_int_disable  nrf_drv_uart.o
    0x00020c92   0x00000006   Code   RO         1595    i.nrf_uarte_int_enable  nrf_drv_uart.o
    0x00020c98   0x0000000a   Code   RO         1596    i.nrf_uarte_rx_amount_get  nrf_drv_uart.o
    0x00020ca2   0x00000006   Code   RO         1597    i.nrf_uarte_task_trigger  nrf_drv_uart.o
    0x00020ca8   0x0000000e   Code   RO         1598    i.nrf_uarte_txrx_pins_set  nrf_drv_uart.o
    0x00020cb6   0x00000002   PAD
    0x00020cb8   0x00000038   Code   RO           15    i.nus_data_handler  main.o
    0x00020cf0   0x00000032   Code   RO           16    i.on_adv_evt        main.o
    0x00020d22   0x00000002   PAD
    0x00020d24   0x000000ac   Code   RO           17    i.on_ble_evt        main.o
    0x00020dd0   0x0000002c   Code   RO           18    i.on_conn_params_evt  main.o
    0x00020dfc   0x00000018   Code   RO          961    i.on_conn_params_update  ble_conn_params.o
    0x00020e14   0x00000038   Code   RO          962    i.on_connect        ble_conn_params.o
    0x00020e4c   0x00000006   Code   RO         1056    i.on_connect        ble_nus.o
    0x00020e52   0x00000002   PAD
    0x00020e54   0x00000040   Code   RO          963    i.on_disconnect     ble_conn_params.o
    0x00020e94   0x00000008   Code   RO         1057    i.on_disconnect     ble_nus.o
    0x00020e9c   0x00000058   Code   RO          964    i.on_write          ble_conn_params.o
    0x00020ef4   0x00000050   Code   RO         1058    i.on_write          ble_nus.o
    0x00020f44   0x00000018   Code   RO          863    i.peer_address_exists  ble_advertising.o
    0x00020f5c   0x0000002c   Code   RO         1870    i.pstorage_access_status_get  pstorage.o
    0x00020f88   0x0000000c   Code   RO         3049    i.rtc1_compare0_set  app_timer.o
    0x00020f94   0x0000000c   Code   RO         3050    i.rtc1_counter_get  app_timer.o
    0x00020fa0   0x00000018   Code   RO         3051    i.rtc1_init         app_timer.o
    0x00020fb8   0x0000003c   Code   RO         3052    i.rtc1_start        app_timer.o
    0x00020ff4   0x00000058   Code   RO         3053    i.rtc1_stop         app_timer.o
    0x0002104c   0x00000050   Code   RO         1600    i.rx_byte           nrf_drv_uart.o
    0x0002109c   0x00000136   Code   RO         1059    i.rx_char_add       ble_nus.o
    0x000211d2   0x00000002   PAD
    0x000211d4   0x00000024   Code   RO         1601    i.rx_done_event     nrf_drv_uart.o
    0x000211f8   0x00000024   Code   RO         1602    i.rx_enable         nrf_drv_uart.o
    0x0002121c   0x0000001c   Code   RO         4061    i.sd_check_ram_start  softdevice_handler.o
    0x00021238   0x000000d0   Code   RO         4062    i.sd_nvic_EnableIRQ  softdevice_handler.o
    0x00021308   0x00000036   Code   RO          731    i.sec_mgr_oob_flags_encode  ble_advdata.o
    0x0002133e   0x00000096   Code   RO          732    i.service_data_encode  ble_advdata.o
    0x000213d4   0x00000030   Code   RO           22    i.services_init     main.o
    0x00021404   0x0000004c   Code   RO           23    i.sleep_mode_enter  main.o
    0x00021450   0x00000018   Code   RO         4063    i.softdevice_ble_evt_handler_set  softdevice_handler.o
    0x00021468   0x0000001c   Code   RO         4064    i.softdevice_enable  softdevice_handler.o
    0x00021484   0x0000002c   Code   RO         4065    i.softdevice_enable_get_default_config  softdevice_handler.o
    0x000214b0   0x00000014   Code   RO         4066    i.softdevice_fault_handler  softdevice_handler.o
    0x000214c4   0x00000064   Code   RO         4067    i.softdevice_handler_init  softdevice_handler.o
    0x00021528   0x0000000e   Code   RO          733    i.srdata_check      ble_advdata.o
    0x00021536   0x00000002   PAD
    0x00021538   0x00000050   Code   RO           24    i.systick_timeout_handler  main.o
    0x00021588   0x0000000a   Code   RO         3054    i.ticks_diff_get    app_timer.o
    0x00021592   0x00000002   PAD
    0x00021594   0x00000038   Code   RO         3055    i.timeout_handler_exec  app_timer.o
    0x000215cc   0x00000054   Code   RO           25    i.timer_init        main.o
    0x00021620   0x00000054   Code   RO         3056    i.timer_list_handler  app_timer.o
    0x00021674   0x0000000a   Code   RO         3057    i.timer_list_handler_sched  app_timer.o
    0x0002167e   0x00000002   PAD
    0x00021680   0x00000068   Code   RO         3058    i.timer_list_insert  app_timer.o
    0x000216e8   0x0000006c   Code   RO         3059    i.timer_list_remove  app_timer.o
    0x00021754   0x0000002c   Code   RO           26    i.timer_start       main.o
    0x00021780   0x0000005c   Code   RO         3060    i.timer_start_op_schedule  app_timer.o
    0x000217dc   0x00000040   Code   RO         3062    i.timer_stop_op_schedule  app_timer.o
    0x0002181c   0x00000098   Code   RO         3063    i.timer_timeouts_check  app_timer.o
    0x000218b4   0x0000000a   Code   RO         3064    i.timer_timeouts_check_sched  app_timer.o
    0x000218be   0x00000046   Code   RO          734    i.tk_value_encode   ble_advdata.o
    0x00021904   0x00000038   Code   RO         1603    i.tx_byte           nrf_drv_uart.o
    0x0002193c   0x000000ec   Code   RO         1060    i.tx_char_add       ble_nus.o
    0x00021a28   0x0000002c   Code   RO         1604    i.tx_done_event     nrf_drv_uart.o
    0x00021a54   0x00000036   Code   RO          735    i.tx_power_level_encode  ble_advdata.o
    0x00021a8a   0x00000002   PAD
    0x00021a8c   0x00000094   Code   RO           27    i.uart_event_handle  main.o
    0x00021b20   0x000000c0   Code   RO         1171    i.uart_event_handler  app_uart_fifo.o
    0x00021be0   0x00000058   Code   RO           28    i.uart_init         main.o
    0x00021c38   0x00000160   Code   RO         1605    i.uart_irq_handler  nrf_drv_uart.o
    0x00021d98   0x0000012c   Code   RO         1606    i.uarte_irq_handler  nrf_drv_uart.o
    0x00021ec4   0x0000000c   Code   RO          736    i.uint16_encode     ble_advdata.o
    0x00021ed0   0x00000090   Code   RO          965    i.update_timeout_handler  ble_conn_params.o
    0x00021f60   0x00000058   Code   RO         3065    i.user_id_get       app_timer.o
    0x00021fb8   0x00000030   Code   RO         3066    i.user_op_alloc     app_timer.o
    0x00021fe8   0x00000004   Code   RO         3067    i.user_op_enque     app_timer.o
    0x00021fec   0x0000004e   Code   RO          737    i.uuid_list_encode  ble_advdata.o
    0x0002203a   0x000000dc   Code   RO          738    i.uuid_list_sized_encode  ble_advdata.o
    0x00022116   0x00000012   Code   RO          864    i.whitelist_has_entries  ble_advertising.o
    0x00022128   0x00005304   Data   RO           31    .constdata          main.o
    0x0002742c   0x0000003c   Data   RO          554    .constdata          bsp.o
    0x00027468   0x00000004   Data   RO          967    .constdata          ble_conn_params.o
    0x0002746c   0x00000010   Data   RO         1061    .constdata          ble_nus.o
    0x0002747c   0x00000020   Data   RO         1173    .constdata          app_uart_fifo.o
    0x0002749c   0x00000020   Data   RO         1608    .constdata          nrf_drv_uart.o
    0x000274bc   0x00000014   Data   RO         2197    .constdata          nrf_drv_i2s.o
    0x000274d0   0x00000014   Data   RO         4170    .constdata          i2s_ws2812b_drive.o
    0x000274e4   0x00000020   Data   RO         4929    Region$$Table       anon$$obj.o


    Execution Region RW_IRAM1 (Base: 0x20002080, Size: 0x00004af0, Max: 0x0000df80, ABSOLUTE)

    Base Addr    Size         Type   Attr      Idx    E Section Name        Object

    0x20002080   0x00000017   Data   RW           32    .data               main.o
    0x20002097   0x00000001   PAD
    0x20002098   0x00000011   Data   RW          438    .data               ledpatterns.o
    0x200020a9   0x00000003   PAD
    0x200020ac   0x00000019   Data   RW          555    .data               bsp.o
    0x200020c5   0x00000003   PAD
    0x200020c8   0x00000008   Data   RW          649    .data               bsp_btn_ble.o
    0x200020d0   0x00000020   Data   RW          866    .data               ble_advertising.o
    0x200020f0   0x00000015   Data   RW          968    .data               ble_conn_params.o
    0x20002105   0x00000003   PAD
    0x20002108   0x00000006   Data   RW         1174    .data               app_uart_fifo.o
    0x2000210e   0x00000002   PAD
    0x20002110   0x00000028   Data   RW         1906    .data               pstorage.o
    0x20002138   0x00000022   Data   RW         3068    .data               app_timer.o
    0x2000215a   0x00000002   PAD
    0x2000215c   0x00000008   Data   RW         3373    .data               retarget.o
    0x20002164   0x00000018   Data   RW         4072    .data               softdevice_handler.o
    0x2000217c   0x00000008   Data   RW         4171    .data               i2s_ws2812b_drive.o
    0x20002184   0x00000004   Data   RW         4371    .data               system_nrf52.o
    0x20002188   0x00000004   Data   RW         4906    .data               mc_w.l(mvars.o)
    0x2000218c   0x00000004   Data   RW         4907    .data               mc_w.l(mvars.o)
    0x20002190   0x00000628   Zero   RW           30    .bss                main.o
    0x200027b8   0x00000009   Zero   RW          437    .bss                ledpatterns.o
    0x200027c1   0x00000003   PAD
    0x200027c4   0x0000006c   Zero   RW          553    .bss                bsp.o
    0x20002830   0x00000103   Zero   RW          865    .bss                ble_advertising.o
    0x20002933   0x00000001   PAD
    0x20002934   0x0000003c   Zero   RW          966    .bss                ble_conn_params.o
    0x20002970   0x00000020   Zero   RW         1172    .bss                app_uart_fifo.o
    0x20002990   0x00000058   Zero   RW         1359    .bss                nrf_drv_gpiote.o
    0x200029e8   0x00000020   Zero   RW         1607    .bss                nrf_drv_uart.o
    0x20002a08   0x000000d8   Zero   RW         1904    .bss                pstorage.o
    0x20002ae0   0x00000010   Zero   RW         2196    .bss                nrf_drv_i2s.o
    0x20002af0   0x00000010   Zero   RW         2324    .bss                nrf_drv_pwm.o
    0x20002b00   0x0000000c   Zero   RW         2634    .bss                nrf_drv_timer.o
    0x20002b0c   0x00000058   Zero   RW         3274    .bss                fstorage.o
    0x20002b64   0x0000000c   Zero   RW         4071    .bss                softdevice_handler.o
    0x20002b70   0x00002000   Zero   RW         4350    HEAP                arm_startup_nrf52.o
    0x20004b70   0x00002000   Zero   RW         4349    STACK               arm_startup_nrf52.o


==============================================================================

Image component sizes


      Code (inc. data)   RO Data    RW Data    ZI Data      Debug   Object Name

        28          0          0          0          0       2281   app_error.o
        68          8          0          0          0      27513   app_error_weak.o
       170          0          0          0          0       5522   app_fifo.o
      2450        278          0         34          0      61631   app_timer.o
       518         68         32          6         32      12826   app_uart_fifo.o
        36          8        512          0      16384        924   arm_startup_nrf52.o
      2136          0          0          0          0      24444   ble_advdata.o
      1388        128          0         32        259      14784   ble_advertising.o
       718        122          4         21         60      19332   ble_conn_params.o
       940          4         16          0          0       8654   ble_nus.o
      1860        116         60         25        108       8682   bsp.o
       316         10          0          8          0      37326   bsp_btn_ble.o
        24          6          0          0         88       3404   fstorage.o
       620         34         20          8          0       4662   i2s_ws2812b_drive.o
       628         68          0         17          9      22977   ledpatterns.o
      1650        156      21252         23       1576     116215   main.o
         0          0          0          0          0       1880   nrf_drv_clock.o
        96         12          0          0          0      29087   nrf_drv_common.o
       566         38          0          0         88      16340   nrf_drv_gpiote.o
      1276         76         20          0         16      23244   nrf_drv_i2s.o
       232         16          0          0         16      12956   nrf_drv_pwm.o
       146         10          0          0         12      11240   nrf_drv_timer.o
      2532        184         32          0         32      71160   nrf_drv_uart.o
        44          8          0         40        216       9549   pstorage.o
        16          0          0          8          0       2870   retarget.o
       664         80          0         24         12      41920   softdevice_handler.o
      1320        134          0          4          0      34766   system_nrf52.o

    ----------------------------------------------------------------------
     20478       1564      21980        264      18912     626189   Object Totals
         0          0         32          0          0          0   (incl. Generated)
        36          0          0         14          4          0   (incl. Padding)

    ----------------------------------------------------------------------

      Code (inc. data)   RO Data    RW Data    ZI Data      Debug   Library Member Name

         0          0          0          0          0          0   entry.o
         0          0          0          0          0          0   entry10a.o
         0          0          0          0          0          0   entry11a.o
         8          4          0          0          0          0   entry2.o
         4          0          0          0          0          0   entry5.o
         0          0          0          0          0          0   entry7b.o
         0          0          0          0          0          0   entry8b.o
         8          4          0          0          0          0   entry9a.o
        30          0          0          0          0          0   handlers.o
        36          8          0          0          0         68   init.o
         0          0          0          0          0          0   iusefp.o
        30          0          0          0          0         68   llshl.o
        36          0          0          0          0         68   llsshr.o
        32          0          0          0          0         68   llushr.o
       188         20          0          0          0        160   malloc.o
        36          0          0          0          0         68   memcpya.o
        36          0          0          0          0        108   memseta.o
         0          0          0          8          0          0   mvars.o
      2226         90          0          0          0        444   printfa.o
        44          0          0          0          0         80   uidiv.o
        98          0          0          0          0         92   uldiv.o
        48          0          0          0          0         68   cdrcmple.o
       334          0          0          0          0        148   dadd.o
       222          0          0          0          0        100   ddiv.o
       186          0          0          0          0        176   depilogue.o
        48          0          0          0          0         68   dfixul.o
       228          0          0          0          0         96   dmul.o

    ----------------------------------------------------------------------
      3882        126          0          8          0       1880   Library Totals
         4          0          0          0          0          0   (incl. Padding)

    ----------------------------------------------------------------------

      Code (inc. data)   RO Data    RW Data    ZI Data      Debug   Library Name

      2812        126          0          8          0       1224   mc_w.l
      1066          0          0          0          0        656   mf_w.l

    ----------------------------------------------------------------------
      3882        126          0          8          0       1880   Library Totals

    ----------------------------------------------------------------------

==============================================================================


      Code (inc. data)   RO Data    RW Data    ZI Data      Debug   

     24360       1690      21980        272      18912     605085   Grand Totals
     24360       1690      21980        272      18912     605085   ELF Image Totals
     24360       1690      21980        272          0          0   ROM Totals

==============================================================================

    Total RO  Size (Code + RO Data)                46340 (  45.25kB)
    Total RW  Size (RW Data + ZI Data)             19184 (  18.73kB)
    Total ROM Size (Code + RO Data + RW Data)      46612 (  45.52kB)

==============================================================================

