<html>
<body>
<pre>
<h1>µVision Build Log</h1>
<h2>Tool Versions:</h2>
IDE-Version: µVision V5.15
Copyright (C) 2015 ARM Ltd and ARM Germany GmbH. All rights reserved.
License Information: uiui Microsoft, Microsoft, LIC=EXJHL-0EQMG-J6CQ9-49B48-A8NH7-N2FRV
 
Tool Versions:
Toolchain:       MDK-ARM Standard  Version: 5.15.0
Toolchain Path:  C:\Keil_v5\ARM\ARMCC\Bin
C Compiler:      Armcc.exe V5.05 update 2 (build 169)
Assembler:       Armasm.exe V5.05 update 2 (build 169)
Linker/Locator:  ArmLink.exe V5.05 update 2 (build 169)
Library Manager: ArmAr.exe V5.05 update 2 (build 169)
Hex Converter:   FromElf.exe V5.05 update 2 (build 169)
CPU DLL:         
Dialog DLL:      
Target DLL:      Segger\JL2CM3.dll V2.99.15.0
Dialog DLL:      TCM.DLL V1.14.5.0
 
<h2>Project:</h2>
C:\Users\dani\workspace\nRF5_SDK_11.0.0_89a8197\examples\ble_peripheral\ble_app_uart\pca10040\s132\arm5_no_packs\ble_app_uart_s132_pca10040.uvprojx
Project File Date:  10/31/2017

<h2>Output:</h2>
*** Using Compiler 'V5.05 update 2 (build 169)', folder: 'C:\Keil_v5\ARM\ARMCC\Bin'
Build target 'nrf52832_xxaa_s132'
compiling main.c...
..\..\..\main.c(118): warning:  #47-D: incompatible redefinition of macro "C2" (declared at line 39 of "..\..\..\notes.h ")
  #define C2 4882
..\..\..\main.c(820): warning:  #177-D: variable "note" was declared but never referenced
        int note=1;
..\..\..\main.c(594): warning:  #177-D: function "power_manage" was declared but never referenced
  static void power_manage(void)
..\..\..\main.c(648): warning:  #177-D: function "pwm_simple" was declared but never referenced
  static void pwm_simple(uint16_t freq)
..\..\..\main.c: 4 warnings, 0 errors
linking...
Program Size: Code=28640 RO-data=45308 RW-data=524 ZI-data=21228  
FromELF: creating hex file...
".\_build\nrf52832_xxaa_s132.axf" - 0 Error(s), 4 Warning(s).

<h2>Software Packages used:</h2>

Package Vendor: ARM
                http://www.keil.com/pack/ARM.CMSIS.4.5.0.pack
                ARM::CMSIS:CORE:4.3.0
                CMSIS (Cortex Microcontroller Software Interface Standard)
   * Component: CORE Version: 4.3.0
   * Component: DSP Version: 1.4.6

Package Vendor: NordicSemiconductor
                http://developer.nordicsemi.com/nRF5_SDK/pieces/nRF_DeviceFamilyPack/NordicSemiconductor.nRF_DeviceFamilyPack.8.5.0.pack
                NordicSemiconductor::Device:Startup:8.5.0
                Nordic Semiconductor nRF ARM devices Device Family Pack.
   * Component: Startup Version: 8.5.0

<h2>Collection of Component include folders:</h2>
  C:\Users\dani\workspace\nRF5_SDK_11.0.0_89a8197\examples\ble_peripheral\ble_app_uart\pca10040\s132\arm5_no_packs\RTE
  C:\Keil_v5\ARM\PACK\ARM\CMSIS\4.5.0\CMSIS\Include
  C:\Keil_v5\ARM\PACK\NordicSemiconductor\nRF_DeviceFamilyPack\8.14.1\Device\Include
  C:\Keil_v5\ARM\PACK\NordicSemiconductor\nRF_DeviceFamilyPack\8.5.0\Device\Include

<h2>Collection of Component Files used:</h2>

   * Component: ARM::CMSIS:CORE:4.3.0

   * Component: ARM::CMSIS:DSP:1.4.6
      Include file:  CMSIS\Include\arm_math.h
      Library file:  CMSIS\Lib\ARM\arm_cortexM4lf_math.lib

   * Component: NordicSemiconductor::Device:Startup:8.5.0
      Source file:   Device\Source\arm\arm_startup_nrf52.s
      Source file:   Device\Source\system_nrf52.c
      Include file:  Device\Include\system_nrf52.h
</pre>
</body>
</html>
