Component: ARM Compiler 5.05 update 2 (build 169) Tool: armlink [4d0f33]

==============================================================================

Section Cross References

    main.o(i.advertising_init) refers to memseta.o(.text) for __aeabi_memclr4
    main.o(i.advertising_init) refers to ble_advertising.o(i.ble_advertising_init) for ble_advertising_init
    main.o(i.advertising_init) refers to app_error.o(i.app_error_handler_bare) for app_error_handler_bare
    main.o(i.advertising_init) refers to main.o(.data) for m_adv_uuids
    main.o(i.advertising_init) refers to main.o(i.on_adv_evt) for on_adv_evt
    main.o(i.assert_nrf_callback) refers to app_error.o(i.app_error_handler) for app_error_handler
    main.o(i.ble_evt_dispatch) refers to ble_conn_params.o(i.ble_conn_params_on_ble_evt) for ble_conn_params_on_ble_evt
    main.o(i.ble_evt_dispatch) refers to ble_nus.o(i.ble_nus_on_ble_evt) for ble_nus_on_ble_evt
    main.o(i.ble_evt_dispatch) refers to main.o(i.on_ble_evt) for on_ble_evt
    main.o(i.ble_evt_dispatch) refers to ble_advertising.o(i.ble_advertising_on_ble_evt) for ble_advertising_on_ble_evt
    main.o(i.ble_evt_dispatch) refers to bsp_btn_ble.o(i.bsp_btn_ble_on_ble_evt) for bsp_btn_ble_on_ble_evt
    main.o(i.ble_evt_dispatch) refers to main.o(.bss) for m_nus
    main.o(i.ble_stack_init) refers to softdevice_handler.o(i.softdevice_handler_init) for softdevice_handler_init
    main.o(i.ble_stack_init) refers to app_error.o(i.app_error_handler_bare) for app_error_handler_bare
    main.o(i.ble_stack_init) refers to softdevice_handler.o(i.softdevice_enable_get_default_config) for softdevice_enable_get_default_config
    main.o(i.ble_stack_init) refers to softdevice_handler.o(i.sd_check_ram_start) for sd_check_ram_start
    main.o(i.ble_stack_init) refers to softdevice_handler.o(i.softdevice_enable) for softdevice_enable
    main.o(i.ble_stack_init) refers to softdevice_handler.o(i.softdevice_ble_evt_handler_set) for softdevice_ble_evt_handler_set
    main.o(i.ble_stack_init) refers to main.o(.constdata) for .constdata
    main.o(i.ble_stack_init) refers to main.o(.bss) for BLE_EVT_BUFFER
    main.o(i.ble_stack_init) refers to main.o(i.ble_evt_dispatch) for ble_evt_dispatch
    main.o(i.bsp_event_handler) refers to main.o(i.sleep_mode_enter) for sleep_mode_enter
    main.o(i.bsp_event_handler) refers to app_error.o(i.app_error_handler_bare) for app_error_handler_bare
    main.o(i.bsp_event_handler) refers to ble_advertising.o(i.ble_advertising_restart_without_whitelist) for ble_advertising_restart_without_whitelist
    main.o(i.bsp_event_handler) refers to main.o(.data) for m_conn_handle
    main.o(i.conn_params_error_handler) refers to app_error.o(i.app_error_handler_bare) for app_error_handler_bare
    main.o(i.conn_params_init) refers to memseta.o(.text) for __aeabi_memclr4
    main.o(i.conn_params_init) refers to ble_conn_params.o(i.ble_conn_params_init) for ble_conn_params_init
    main.o(i.conn_params_init) refers to app_error.o(i.app_error_handler_bare) for app_error_handler_bare
    main.o(i.conn_params_init) refers to main.o(i.on_conn_params_evt) for on_conn_params_evt
    main.o(i.conn_params_init) refers to main.o(i.conn_params_error_handler) for conn_params_error_handler
    main.o(i.drv_speaker_evt_handler) refers to app_error.o(i.app_error_handler_bare) for app_error_handler_bare
    main.o(i.gap_params_init) refers to app_error.o(i.app_error_handler_bare) for app_error_handler_bare
    main.o(i.main) refers to app_timer.o(i.app_timer_init) for app_timer_init
    main.o(i.main) refers to app_error.o(i.app_error_handler_bare) for app_error_handler_bare
    main.o(i.main) refers to main.o(i.uart_init) for uart_init
    main.o(i.main) refers to main.o(i.ble_stack_init) for ble_stack_init
    main.o(i.main) refers to main.o(i.gap_params_init) for gap_params_init
    main.o(i.main) refers to main.o(i.services_init) for services_init
    main.o(i.main) refers to main.o(i.advertising_init) for advertising_init
    main.o(i.main) refers to main.o(i.conn_params_init) for conn_params_init
    main.o(i.main) refers to drv_speaker.o(i.drv_speaker_init) for drv_speaker_init
    main.o(i.main) refers to main.o(i.timer_init) for timer_init
    main.o(i.main) refers to printfa.o(i.__0printf) for __2printf
    main.o(i.main) refers to ble_advertising.o(i.ble_advertising_start) for ble_advertising_start
    main.o(i.main) refers to main.o(i.timer_start) for timer_start
    main.o(i.main) refers to drv_speaker.o(i.drv_speaker_tone_start) for drv_speaker_tone_start
    main.o(i.main) refers to nrf_delay.o(i.nrf_delay_ms) for nrf_delay_ms
    main.o(i.main) refers to main.o(i.drv_speaker_evt_handler) for drv_speaker_evt_handler
    main.o(i.main) refers to main.o(.bss) for APP_TIMER_BUF
    main.o(i.main) refers to main.o(.data) for length
    main.o(i.nus_data_handler) refers to main.o(.data) for ws2812bPattern
[...]
    on_adv_evt                               0x00021acd   Thumb Code    50  main.o(i.on_adv_evt)
    i.on_ble_evt                             0x00021b00   Section        0  main.o(i.on_ble_evt)
    on_ble_evt                               0x00021b01   Thumb Code   168  main.o(i.on_ble_evt)
    i.on_conn_params_evt                     0x00021bac   Section        0  main.o(i.on_conn_params_evt)
    on_conn_params_evt                       0x00021bad   Thumb Code    38  main.o(i.on_conn_params_evt)
    i.on_conn_params_update                  0x00021bd8   Section        0  ble_conn_params.o(i.on_conn_params_update)
    on_conn_params_update                    0x00021bd9   Thumb Code    20  ble_conn_params.o(i.on_conn_params_update)
    i.on_connect                             0x00021bf0   Section        0  ble_conn_params.o(i.on_connect)
    on_connect                               0x00021bf1   Thumb Code    38  ble_conn_params.o(i.on_connect)
    i.on_connect                             0x00021c28   Section        0  ble_nus.o(i.on_connect)
    on_connect                               0x00021c29   Thumb Code     6  ble_nus.o(i.on_connect)
    i.on_disconnect                          0x00021c30   Section        0  ble_conn_params.o(i.on_disconnect)
    on_disconnect                            0x00021c31   Thumb Code    46  ble_conn_params.o(i.on_disconnect)
    i.on_disconnect                          0x00021c70   Section        0  ble_nus.o(i.on_disconnect)
    on_disconnect                            0x00021c71   Thumb Code     8  ble_nus.o(i.on_disconnect)
    i.on_write                               0x00021c78   Section        0  ble_conn_params.o(i.on_write)
    on_write                                 0x00021c79   Thumb Code    78  ble_conn_params.o(i.on_write)
    i.on_write                               0x00021cd0   Section        0  ble_nus.o(i.on_write)
    on_write                                 0x00021cd1   Thumb Code    80  ble_nus.o(i.on_write)
    i.peer_address_exists                    0x00021d20   Section        0  ble_advertising.o(i.peer_address_exists)
    peer_address_exists                      0x00021d21   Thumb Code    24  ble_advertising.o(i.peer_address_exists)
    i.pstorage_access_status_get             0x00021d38   Section        0  pstorage.o(i.pstorage_access_status_get)
    i.pwm_handler                            0x00021d64   Section        0  drv_speaker.o(i.pwm_handler)
    pwm_handler                              0x00021d65   Thumb Code    56  drv_speaker.o(i.pwm_handler)
    i.ramp_down                              0x00021da4   Section        0  drv_speaker.o(i.ramp_down)
    ramp_down                                0x00021da5   Thumb Code    52  drv_speaker.o(i.ramp_down)
    i.rtc1_compare0_set                      0x00021de0   Section        0  app_timer.o(i.rtc1_compare0_set)
    rtc1_compare0_set                        0x00021de1   Thumb Code     6  app_timer.o(i.rtc1_compare0_set)
    i.rtc1_counter_get                       0x00021dec   Section        0  app_timer.o(i.rtc1_counter_get)
    rtc1_counter_get                         0x00021ded   Thumb Code     6  app_timer.o(i.rtc1_counter_get)
    i.rtc1_init                              0x00021df8   Section        0  app_timer.o(i.rtc1_init)
    rtc1_init                                0x00021df9   Thumb Code    18  app_timer.o(i.rtc1_init)
    i.rtc1_start                             0x00021e10   Section        0  app_timer.o(i.rtc1_start)
    rtc1_start                               0x00021e11   Thumb Code    48  app_timer.o(i.rtc1_start)
    i.rtc1_stop                              0x00021e4c   Section        0  app_timer.o(i.rtc1_stop)
    rtc1_stop                                0x00021e4d   Thumb Code    68  app_timer.o(i.rtc1_stop)
    i.rx_byte                                0x00021ea4   Section        0  nrf_drv_uart.o(i.rx_byte)
    rx_byte                                  0x00021ea5   Thumb Code    68  nrf_drv_uart.o(i.rx_byte)
    i.rx_char_add                            0x00021ef4   Section        0  ble_nus.o(i.rx_char_add)
    rx_char_add                              0x00021ef5   Thumb Code   310  ble_nus.o(i.rx_char_add)
    i.rx_done_event                          0x0002202c   Section        0  nrf_drv_uart.o(i.rx_done_event)
    rx_done_event                            0x0002202d   Thumb Code    30  nrf_drv_uart.o(i.rx_done_event)
    i.rx_enable                              0x00022050   Section        0  nrf_drv_uart.o(i.rx_enable)
    rx_enable                                0x00022051   Thumb Code    32  nrf_drv_uart.o(i.rx_enable)
    i.sd_check_ram_start                     0x00022074   Section        0  softdevice_handler.o(i.sd_check_ram_start)
    i.sd_nvic_EnableIRQ                      0x00022090   Section        0  softdevice_handler.o(i.sd_nvic_EnableIRQ)
    sd_nvic_EnableIRQ                        0x00022091   Thumb Code   190  softdevice_handler.o(i.sd_nvic_EnableIRQ)
    i.sec_mgr_oob_flags_encode               0x00022160   Section        0  ble_advdata.o(i.sec_mgr_oob_flags_encode)
    sec_mgr_oob_flags_encode                 0x00022161   Thumb Code    54  ble_advdata.o(i.sec_mgr_oob_flags_encode)
    i.seq0_buffer_update                     0x00022198   Section        0  drv_speaker.o(i.seq0_buffer_update)
    seq0_buffer_update                       0x00022199   Thumb Code   218  drv_speaker.o(i.seq0_buffer_update)
    i.seq1_buffer_update                     0x0002227c   Section        0  drv_speaker.o(i.seq1_buffer_update)
    seq1_buffer_update                       0x0002227d   Thumb Code   228  drv_speaker.o(i.seq1_buffer_update)
    i.service_data_encode                    0x00022368   Section        0  ble_advdata.o(i.service_data_encode)
    service_data_encode                      0x00022369   Thumb Code   150  ble_advdata.o(i.service_data_encode)
    i.services_init                          0x00022400   Section        0  main.o(i.services_init)
    services_init                            0x00022401   Thumb Code    40  main.o(i.services_init)
    i.sleep_mode_enter                       0x00022430   Section        0  main.o(i.sleep_mode_enter)
    sleep_mode_enter                         0x00022431   Thumb Code    76  main.o(i.sleep_mode_enter)
    i.softdevice_ble_evt_handler_set         0x0002247c   Section        0  softdevice_handler.o(i.softdevice_ble_evt_handler_set)
    i.softdevice_enable                      0x00022494   Section        0  softdevice_handler.o(i.softdevice_enable)
    i.softdevice_enable_get_default_config   0x000224b0   Section        0  softdevice_handler.o(i.softdevice_enable_get_default_config)
    i.softdevice_fault_handler               0x000224dc   Section        0  softdevice_handler.o(i.softdevice_fault_handler)
    i.softdevice_handler_init                0x000224f0   Section        0  softdevice_handler.o(i.softdevice_handler_init)
    i.srdata_check                           0x00022554   Section        0  ble_advdata.o(i.srdata_check)
    srdata_check                             0x00022555   Thumb Code    14  ble_advdata.o(i.srdata_check)
    i.start_playback                         0x00022562   Section        0  nrf_drv_pwm.o(i.start_playback)
    start_playback                           0x00022563   Thumb Code    84  nrf_drv_pwm.o(i.start_playback)
    i.systick_timeout_handler                0x000225b8   Section        0  main.o(i.systick_timeout_handler)
    systick_timeout_handler                  0x000225b9   Thumb Code   126  main.o(i.systick_timeout_handler)
    i.ticks_diff_get                         0x00022644   Section        0  app_timer.o(i.ticks_diff_get)
    ticks_diff_get                           0x00022645   Thumb Code    10  app_timer.o(i.ticks_diff_get)
    i.timeout_handler_exec                   0x00022650   Section        0  app_timer.o(i.timeout_handler_exec)
    timeout_handler_exec                     0x00022651   Thumb Code    50  app_timer.o(i.timeout_handler_exec)
    i.timer_init                             0x00022688   Section        0  main.o(i.timer_init)
    timer_init                               0x00022689   Thumb Code    70  main.o(i.timer_init)
    i.timer_list_handler                     0x000226dc   Section        0  app_timer.o(i.timer_list_handler)
    timer_list_handler                       0x000226dd   Thumb Code    72  app_timer.o(i.timer_list_handler)
    i.timer_list_handler_sched               0x00022730   Section        0  app_timer.o(i.timer_list_handler_sched)
    timer_list_handler_sched                 0x00022731   Thumb Code    10  app_timer.o(i.timer_list_handler_sched)
    i.timer_list_insert                      0x0002273c   Section        0  app_timer.o(i.timer_list_insert)
    timer_list_insert                        0x0002273d   Thumb Code    98  app_timer.o(i.timer_list_insert)
    i.timer_list_remove                      0x000227a4   Section        0  app_timer.o(i.timer_list_remove)
    timer_list_remove                        0x000227a5   Thumb Code    90  app_timer.o(i.timer_list_remove)
    i.timer_start                            0x00022810   Section        0  main.o(i.timer_start)
    timer_start                              0x00022811   Thumb Code    36  main.o(i.timer_start)
    i.timer_start_op_schedule                0x00022838   Section        0  app_timer.o(i.timer_start_op_schedule)
    timer_start_op_schedule                  0x00022839   Thumb Code    86  app_timer.o(i.timer_start_op_schedule)
    i.timer_stop_op_schedule                 0x00022894   Section        0  app_timer.o(i.timer_stop_op_schedule)
    timer_stop_op_schedule                   0x00022895   Thumb Code    58  app_timer.o(i.timer_stop_op_schedule)
    i.timer_timeouts_check                   0x000228d4   Section        0  app_timer.o(i.timer_timeouts_check)
    timer_timeouts_check                     0x000228d5   Thumb Code   130  app_timer.o(i.timer_timeouts_check)
    i.timer_timeouts_check_sched             0x0002296c   Section        0  app_timer.o(i.timer_timeouts_check_sched)
    timer_timeouts_check_sched               0x0002296d   Thumb Code    10  app_timer.o(i.timer_timeouts_check_sched)
    i.tk_value_encode                        0x00022976   Section        0  ble_advdata.o(i.tk_value_encode)
    tk_value_encode                          0x00022977   Thumb Code    70  ble_advdata.o(i.tk_value_encode)
    i.tx_byte                                0x000229bc   Section        0  nrf_drv_uart.o(i.tx_byte)
    tx_byte                                  0x000229bd   Thumb Code    42  nrf_drv_uart.o(i.tx_byte)
    i.tx_char_add                            0x000229f4   Section        0  ble_nus.o(i.tx_char_add)
    tx_char_add                              0x000229f5   Thumb Code   236  ble_nus.o(i.tx_char_add)
    i.tx_done_event                          0x00022ae0   Section        0  nrf_drv_uart.o(i.tx_done_event)
    tx_done_event                            0x00022ae1   Thumb Code    38  nrf_drv_uart.o(i.tx_done_event)
    i.tx_power_level_encode                  0x00022b0c   Section        0  ble_advdata.o(i.tx_power_level_encode)
    tx_power_level_encode                    0x00022b0d   Thumb Code    54  ble_advdata.o(i.tx_power_level_encode)
    i.uart_event_handle                      0x00022b44   Section        0  main.o(i.uart_event_handle)
    i.uart_event_handler                     0x00022bd8   Section        0  app_uart_fifo.o(i.uart_event_handler)
    uart_event_handler                       0x00022bd9   Thumb Code   170  app_uart_fifo.o(i.uart_event_handler)
    i.uart_init                              0x00022c98   Section        0  main.o(i.uart_init)
    uart_init                                0x00022c99   Thumb Code    72  main.o(i.uart_init)
    i.uart_irq_handler                       0x00022cf0   Section        0  nrf_drv_uart.o(i.uart_irq_handler)
    uart_irq_handler                         0x00022cf1   Thumb Code   342  nrf_drv_uart.o(i.uart_irq_handler)
    i.uarte_irq_handler                      0x00022e50   Section        0  nrf_drv_uart.o(i.uarte_irq_handler)
    uarte_irq_handler                        0x00022e51   Thumb Code   286  nrf_drv_uart.o(i.uarte_irq_handler)
    i.uint16_encode                          0x00022f7c   Section        0  ble_advdata.o(i.uint16_encode)
    uint16_encode                            0x00022f7d   Thumb Code    12  ble_advdata.o(i.uint16_encode)
    i.update_timeout_handler                 0x00022f88   Section        0  ble_conn_params.o(i.update_timeout_handler)
    update_timeout_handler                   0x00022f89   Thumb Code   126  ble_conn_params.o(i.update_timeout_handler)
    i.user_id_get                            0x00023018   Section        0  app_timer.o(i.user_id_get)
    user_id_get                              0x00023019   Thumb Code    78  app_timer.o(i.user_id_get)
    i.user_op_alloc                          0x00023070   Section        0  app_timer.o(i.user_op_alloc)
    user_op_alloc                            0x00023071   Thumb Code    48  app_timer.o(i.user_op_alloc)
    i.user_op_enque                          0x000230a0   Section        0  app_timer.o(i.user_op_enque)
    user_op_enque                            0x000230a1   Thumb Code     4  app_timer.o(i.user_op_enque)
    i.uuid_list_encode                       0x000230a4   Section        0  ble_advdata.o(i.uuid_list_encode)
    uuid_list_encode                         0x000230a5   Thumb Code    78  ble_advdata.o(i.uuid_list_encode)
    i.uuid_list_sized_encode                 0x000230f2   Section        0  ble_advdata.o(i.uuid_list_sized_encode)
    uuid_list_sized_encode                   0x000230f3   Thumb Code   220  ble_advdata.o(i.uuid_list_sized_encode)
    i.whitelist_has_entries                  0x000231ce   Section        0  ble_advertising.o(i.whitelist_has_entries)
    whitelist_has_entries                    0x000231cf   Thumb Code    18  ble_advertising.o(i.whitelist_has_entries)
    .constdata                               0x000231e0   Section    21252  main.o(.constdata)
    sound_0                                  0x000231e0   Data        4160  main.o(.constdata)
    sound_1                                  0x00024220   Data        3252  main.o(.constdata)
    sound_2                                  0x00024ed4   Data        2240  main.o(.constdata)
    sound_3                                  0x00025794   Data        1560  main.o(.constdata)
    sound_4                                  0x00025dac   Data        1538  main.o(.constdata)
    sound_5                                  0x000263ae   Data        1760  main.o(.constdata)
    sound_6                                  0x00026a8e   Data        4533  main.o(.constdata)
    sound_7                                  0x00027c43   Data        1440  main.o(.constdata)
    sound_8                                  0x000281e3   Data         720  main.o(.constdata)
    systick_timer_id                         0x000284b4   Data           4  main.o(.constdata)
    .constdata                               0x000284e4   Section       60  bsp.o(.constdata)
    m_leds_timer_id                          0x000284e4   Data           4  bsp.o(.constdata)
    m_alert_timer_id                         0x000284e8   Data           4  bsp.o(.constdata)
    m_button_timer_id                        0x000284ec   Data           4  bsp.o(.constdata)
    m_buttons_list                           0x000284f0   Data          16  bsp.o(.constdata)
    app_buttons                              0x00028500   Data          32  bsp.o(.constdata)
    .constdata                               0x00028520   Section        4  ble_conn_params.o(.constdata)
    m_conn_params_timer_id                   0x00028520   Data           4  ble_conn_params.o(.constdata)
    .constdata                               0x00028524   Section       16  ble_nus.o(.constdata)
    .constdata                               0x00028534   Section       32  app_uart_fifo.o(.constdata)
    .constdata                               0x00028554   Section       32  nrf_drv_uart.o(.constdata)
    m_default_config                         0x00028554   Data          32  nrf_drv_uart.o(.constdata)
    .constdata                               0x00028574   Section       20  nrf_drv_i2s.o(.constdata)
    m_default_config                         0x00028574   Data          20  nrf_drv_i2s.o(.constdata)
    .constdata                               0x00028588   Section       24  nrf_drv_pwm.o(.constdata)
    m_default_config                         0x00028588   Data          24  nrf_drv_pwm.o(.constdata)
    .constdata                               0x000285a0   Section       20  i2s_ws2812b_drive.o(.constdata)
    .constdata                               0x000285b4   Section    21252  drv_speaker.o(.constdata)
    sound_0                                  0x000285b4   Data        4160  drv_speaker.o(.constdata)
    sound_1                                  0x000295f4   Data        3252  drv_speaker.o(.constdata)
    sound_2                                  0x0002a2a8   Data        2240  drv_speaker.o(.constdata)
    sound_3                                  0x0002ab68   Data        1560  drv_speaker.o(.constdata)
    sound_4                                  0x0002b180   Data        1538  drv_speaker.o(.constdata)
    sound_5                                  0x0002b782   Data        1760  drv_speaker.o(.constdata)
    sound_6                                  0x0002be62   Data        4533  drv_speaker.o(.constdata)
    sound_7                                  0x0002d017   Data        1440  drv_speaker.o(.constdata)
    sound_8                                  0x0002d5b7   Data         720  drv_speaker.o(.constdata)
    ramp_down_dat                            0x0002d887   Data          20  drv_speaker.o(.constdata)
    .constdata                               0x0002d8b8   Section     2052  arm_common_tables.o(.constdata)
    .data                                    0x20002080   Section      223  main.o(.data)
    m_conn_handle                            0x20002080   Data           2  main.o(.data)
    m_adv_uuids                              0x20002082   Data           4  main.o(.data)
    m_pwm0                                   0x20002154   Data           8  main.o(.data)
    m_seq_values                             0x2000215c   Data           2  main.o(.data)
    index                                    0x2000215e   Data           1  main.o(.data)
    .data                                    0x20002160   Section       54  ledpatterns.o(.data)
    rng_done                                 0x20002160   Data           1  ledpatterns.o(.data)
    rng_ptr                                  0x20002164   Data           4  ledpatterns.o(.data)
    rng_len                                  0x20002168   Data           4  ledpatterns.o(.data)
    index_color                              0x2000216c   Data           2  ledpatterns.o(.data)
    up_value                                 0x2000216e   Data           2  ledpatterns.o(.data)
    down_value                               0x20002170   Data           2  ledpatterns.o(.data)
    index_led0                               0x20002172   Data           2  ledpatterns.o(.data)
    index_led1                               0x20002174   Data           2  ledpatterns.o(.data)
    index_led                                0x20002176   Data           2  ledpatterns.o(.data)
    num_flashes                              0x20002178   Data           2  ledpatterns.o(.data)
    tmp_red                                  0x2000217a   Data           1  ledpatterns.o(.data)
    tmp_blue                                 0x2000217b   Data           1  ledpatterns.o(.data)
    tmp_green                                0x2000217c   Data           1  ledpatterns.o(.data)
    index_led                                0x2000217e   Data           2  ledpatterns.o(.data)
    up_value                                 0x20002180   Data           2  ledpatterns.o(.data)
    down_value                               0x20002182   Data           2  ledpatterns.o(.data)
    tmp_red                                  0x20002184   Data           1  ledpatterns.o(.data)
    tmp_blue                                 0x20002185   Data           1  ledpatterns.o(.data)
    tmp_green                                0x20002186   Data           1  ledpatterns.o(.data)
    index                                    0x20002188   Data           2  ledpatterns.o(.data)
    up_value                                 0x2000218a   Data           2  ledpatterns.o(.data)
    down_value                               0x2000218c   Data           2  ledpatterns.o(.data)
    count_debounce                           0x2000218e   Data           2  ledpatterns.o(.data)
    index0                                   0x20002190   Data           2  ledpatterns.o(.data)
    index1                                   0x20002192   Data           2  ledpatterns.o(.data)
    index2                                   0x20002194   Data           2  ledpatterns.o(.data)
    .data                                    0x20002198   Section       25  bsp.o(.data)
    m_stable_state                           0x20002198   Data           1  bsp.o(.data)
    m_app_ticks_per_100ms                    0x2000219c   Data           4  bsp.o(.data)
    m_indication_type                        0x200021a0   Data           4  bsp.o(.data)
    m_alert_mask                             0x200021a4   Data           4  bsp.o(.data)
    m_registered_callback                    0x200021a8   Data           4  bsp.o(.data)
    current_long_push_pin_no                 0x200021ac   Data           1  bsp.o(.data)
    release_event_at_push                    0x200021ad   Data           4  bsp.o(.data)
    .data                                    0x200021b4   Section        8  bsp_btn_ble.o(.data)
    m_error_handler                          0x200021b4   Data           4  bsp_btn_ble.o(.data)
    m_num_connections                        0x200021b8   Data           4  bsp_btn_ble.o(.data)
    .data                                    0x200021bc   Section       32  ble_advertising.o(.data)
    m_advertising_start_pending              0x200021bc   Data           1  ble_advertising.o(.data)
    m_peer_address                           0x200021bd   Data           7  ble_advertising.o(.data)
    m_adv_evt                                0x200021c4   Data           1  ble_advertising.o(.data)
    m_evt_handler                            0x200021c8   Data           4  ble_advertising.o(.data)
    m_error_handler                          0x200021cc   Data           4  ble_advertising.o(.data)
    m_adv_mode_current                       0x200021d0   Data           1  ble_advertising.o(.data)
    m_whitelist_temporarily_disabled         0x200021d1   Data           1  ble_advertising.o(.data)
    m_whitelist_reply_expected               0x200021d2   Data           1  ble_advertising.o(.data)
    m_peer_addr_reply_expected               0x200021d3   Data           1  ble_advertising.o(.data)
    m_slave_conn_int                         0x200021d4   Data           4  ble_advertising.o(.data)
    m_tx_power_level                         0x200021d8   Data           1  ble_advertising.o(.data)
    current_slave_link_conn_handle           0x200021da   Data           2  ble_advertising.o(.data)
    .data                                    0x200021dc   Section       21  ble_conn_params.o(.data)
    m_preferred_conn_params                  0x200021dc   Data           8  ble_conn_params.o(.data)
    m_update_count                           0x200021e4   Data           1  ble_conn_params.o(.data)
    m_conn_handle                            0x200021e6   Data           2  ble_conn_params.o(.data)
    m_current_conn_params                    0x200021e8   Data           8  ble_conn_params.o(.data)
    m_change_param                           0x200021f0   Data           1  ble_conn_params.o(.data)
    .data                                    0x200021f4   Section        6  app_uart_fifo.o(.data)
    m_event_handler                          0x200021f4   Data           4  app_uart_fifo.o(.data)
    tx_buffer                                0x200021f8   Data           1  app_uart_fifo.o(.data)
    rx_buffer                                0x200021f9   Data           1  app_uart_fifo.o(.data)
    .data                                    0x200021fc   Section       40  pstorage.o(.data)
    m_next_app_instance                      0x200021fc   Data           2  pstorage.o(.data)
    m_next_page_addr                         0x20002200   Data           4  pstorage.o(.data)
    m_state                                  0x20002204   Data           1  pstorage.o(.data)
    m_swap_sub_state                         0x20002205   Data           1  pstorage.o(.data)
    m_head_word_size                         0x20002208   Data           4  pstorage.o(.data)
    m_tail_word_size                         0x2000220c   Data           4  pstorage.o(.data)
    m_current_page_id                        0x20002210   Data           4  pstorage.o(.data)
    m_num_of_command_retries                 0x20002214   Data           4  pstorage.o(.data)
    m_num_of_bytes_written                   0x20002218   Data           4  pstorage.o(.data)
    m_app_data_size                          0x2000221c   Data           4  pstorage.o(.data)
    m_flags                                  0x20002220   Data           4  pstorage.o(.data)
    .data                                    0x20002224   Section       34  app_timer.o(.data)
    m_user_array_size                        0x20002224   Data           1  app_timer.o(.data)
    mp_users                                 0x20002228   Data           4  app_timer.o(.data)
    mp_timer_id_head                         0x2000222c   Data           4  app_timer.o(.data)
    m_ticks_latest                           0x20002230   Data           4  app_timer.o(.data)
    m_ticks_elapsed                          0x20002234   Data           8  app_timer.o(.data)
    m_ticks_elapsed_q_read_ind               0x2000223c   Data           1  app_timer.o(.data)
    m_ticks_elapsed_q_write_ind              0x2000223d   Data           1  app_timer.o(.data)
    m_evt_schedule_func                      0x20002240   Data           4  app_timer.o(.data)
    m_rtc1_running                           0x20002244   Data           1  app_timer.o(.data)
    m_rtc1_reset                             0x20002245   Data           1  app_timer.o(.data)
    .data                                    0x20002248   Section        8  retarget.o(.data)
    .data                                    0x20002250   Section       24  softdevice_handler.o(.data)
    m_evt_schedule_func                      0x20002250   Data           4  softdevice_handler.o(.data)
    m_softdevice_enabled                     0x20002254   Data           1  softdevice_handler.o(.data)
    mp_ble_evt_buffer                        0x20002258   Data           4  softdevice_handler.o(.data)
    m_ble_evt_buffer_size                    0x2000225c   Data           2  softdevice_handler.o(.data)
    m_ble_evt_handler                        0x20002260   Data           4  softdevice_handler.o(.data)
    m_sys_evt_handler                        0x20002264   Data           4  softdevice_handler.o(.data)
    .data                                    0x20002268   Section        8  i2s_ws2812b_drive.o(.data)
    .data                                    0x20002270   Section       16  drv_speaker.o(.data)
    m_speaker_pwm                            0x20002270   Data           8  drv_speaker.o(.data)
    s_params                                 0x20002278   Data           4  drv_speaker.o(.data)
    buffered_samples                         0x2000227c   Data           4  drv_speaker.o(.data)
    .data                                    0x20002280   Section        4  system_nrf52.o(.data)
    __tagsym$$used                           0x20002280   Number         0  system_nrf52.o(.data)
    .data                                    0x20002284   Section        4  mvars.o(.data)
    .data                                    0x20002288   Section        4  mvars.o(.data)
    .bss                                     0x2000228c   Section     1576  main.o(.bss)
    m_nus                                    0x2000228c   Data          28  main.o(.bss)
    systick_timer_id_data                    0x200022a8   Data          32  main.o(.bss)
    BLE_EVT_BUFFER                           0x200022c8   Data          72  main.o(.bss)
    data_array                               0x20002310   Data          20  main.o(.bss)
    rx_buf                                   0x20002324   Data         256  main.o(.bss)
    tx_buf                                   0x20002424   Data         256  main.o(.bss)
    APP_TIMER_BUF                            0x20002524   Data         456  main.o(.bss)
    APP_TIMER_BUF                            0x200026ec   Data         456  main.o(.bss)
    .bss                                     0x200028b4   Section        9  ledpatterns.o(.bss)
    .bss                                     0x200028c0   Section      108  bsp.o(.bss)
    m_leds_timer_id_data                     0x200028c0   Data          32  bsp.o(.bss)
    m_alert_timer_id_data                    0x200028e0   Data          32  bsp.o(.bss)
    m_events_list                            0x20002900   Data          12  bsp.o(.bss)
    m_button_timer_id_data                   0x2000290c   Data          32  bsp.o(.bss)
    .bss                                     0x2000292c   Section      259  ble_advertising.o(.bss)
    m_advdata                                0x2000292c   Data          56  ble_advertising.o(.bss)
    m_adv_modes_config                       0x20002964   Data          36  ble_advertising.o(.bss)
    m_whitelist                              0x20002988   Data          16  ble_advertising.o(.bss)
    mp_whitelist_addr                        0x20002998   Data          32  ble_advertising.o(.bss)
    mp_whitelist_irk                         0x200029b8   Data          32  ble_advertising.o(.bss)
    m_manuf_specific_data                    0x200029d8   Data          12  ble_advertising.o(.bss)
    m_manuf_data_array                       0x200029e4   Data          31  ble_advertising.o(.bss)
    m_service_data                           0x20002a04   Data          12  ble_advertising.o(.bss)
    m_service_data_array                     0x20002a10   Data          31  ble_advertising.o(.bss)
    .bss                                     0x20002a30   Section       60  ble_conn_params.o(.bss)
    m_conn_params_config                     0x20002a30   Data          28  ble_conn_params.o(.bss)
    m_conn_params_timer_id_data              0x20002a4c   Data          32  ble_conn_params.o(.bss)
    .bss                                     0x20002a6c   Section       32  app_uart_fifo.o(.bss)
    m_rx_fifo                                0x20002a6c   Data          16  app_uart_fifo.o(.bss)
    m_tx_fifo                                0x20002a7c   Data          16  app_uart_fifo.o(.bss)
    .bss                                     0x20002a8c   Section       88  nrf_drv_gpiote.o(.bss)
    m_cb                                     0x20002a8c   Data          88  nrf_drv_gpiote.o(.bss)
    .bss                                     0x20002ae4   Section       32  nrf_drv_uart.o(.bss)
    m_cb                                     0x20002ae4   Data          32  nrf_drv_uart.o(.bss)
    .bss                                     0x20002b04   Section      216  pstorage.o(.bss)
    m_cmd_queue                              0x20002b04   Data         204  pstorage.o(.bss)
    m_app_table                              0x20002bd0   Data          12  pstorage.o(.bss)
    .bss                                     0x20002bdc   Section       16  nrf_drv_i2s.o(.bss)
    m_cb                                     0x20002bdc   Data          16  nrf_drv_i2s.o(.bss)
    .bss                                     0x20002bec   Section       16  nrf_drv_pwm.o(.bss)
    m_cb                                     0x20002bec   Data          16  nrf_drv_pwm.o(.bss)
    .bss                                     0x20002bfc   Section       12  nrf_drv_timer.o(.bss)
    m_cb                                     0x20002bfc   Data          12  nrf_drv_timer.o(.bss)
    .bss                                     0x20002c08   Section       88  fstorage.o(.bss)
    m_queue                                  0x20002c08   Data          88  fstorage.o(.bss)
    .bss                                     0x20002c60   Section       12  softdevice_handler.o(.bss)
    .bss                                     0x20002c6c   Section     2316  drv_speaker.o(.bss)
    ram_buf                                  0x20002c6c   Data        2184  drv_speaker.o(.bss)
    s_pcm                                    0x200034f4   Data         132  drv_speaker.o(.bss)
    HEAP                                     0x20003578   Section     8192  arm_startup_nrf52.o(HEAP)
    STACK                                    0x20005578   Section     8192  arm_startup_nrf52.o(STACK)

    Global Symbols

    Symbol Name                              Value     Ov Type        Size  Object(Section)

    BuildAttributes$$THM_ISAv4$E$P$D$K$B$S$7EM$VFPi3$EXTD16$VFPS$VFMA$PE$A:L22UL41UL21$X:L11$S22US41US21$IEEE1$IW$USESV6$~STKCKD$USESV7$~SHL$OTIME$ROPI$IEEEX$EBA8$MICROLIB$REQ8$PRES8$EABIv2 0x00000000   Number         0  anon$$obj.o ABSOLUTE
    __ARM_use_no_argv                        0x00000000   Number         0  main.o ABSOLUTE
    __cpp_initialize__aeabi_                  - Undefined Weak Reference
    __cxa_finalize                            - Undefined Weak Reference
    _clock_init                               - Undefined Weak Reference
    _microlib_exit                            - Undefined Weak Reference
    fs_data$$Base                             - Undefined Reference
    fs_data$$Limit                            - Undefined Reference
    __Vectors_Size                           0x00000200   Number         0  arm_startup_nrf52.o ABSOLUTE
    __Vectors                                0x0001c000   Data           4  arm_startup_nrf52.o(RESET)
    __Vectors_End                            0x0001c200   Data           0  arm_startup_nrf52.o(RESET)
    __main                                   0x0001c201   Thumb Code     0  entry.o(.ARM.Collect$$$$00000000)
    _main_stk                                0x0001c201   Thumb Code     0  entry2.o(.ARM.Collect$$$$00000001)
    _main_scatterload                        0x0001c205   Thumb Code     0  entry5.o(.ARM.Collect$$$$00000004)
    __main_after_scatterload                 0x0001c209   Thumb Code     0  entry5.o(.ARM.Collect$$$$00000004)
    _main_clock                              0x0001c209   Thumb Code     0  entry7b.o(.ARM.Collect$$$$00000008)
    _main_cpp_init                           0x0001c209   Thumb Code     0  entry8b.o(.ARM.Collect$$$$0000000A)
    _main_init                               0x0001c209   Thumb Code     0  entry9a.o(.ARM.Collect$$$$0000000B)
    __rt_final_cpp                           0x0001c211   Thumb Code     0  entry10a.o(.ARM.Collect$$$$0000000D)
    __rt_final_exit                          0x0001c211   Thumb Code     0  entry11a.o(.ARM.Collect$$$$0000000F)
    __asm___11_nrf_delay_c_532987f3__nrf_delay_us 0x0001c215   Thumb Code   118  nrf_delay.o(.emb_text)
    __asm___11_app_timer_c_cd27f9c3__nrf_delay_us 0x0001c28d   Thumb Code   118  app_timer.o(.emb_text)
    __asm___19_i2s_ws2812b_drive_c_58eccd55__nrf_delay_us 0x0001c305   Thumb Code   118  i2s_ws2812b_drive.o(.emb_text)
    Reset_Handler                            0x0001c37d   Thumb Code     8  arm_startup_nrf52.o(.text)
    NMI_Handler                              0x0001c385   Thumb Code     2  arm_startup_nrf52.o(.text)
    HardFault_Handler                        0x0001c387   Thumb Code     2  arm_startup_nrf52.o(.text)
    MemoryManagement_Handler                 0x0001c389   Thumb Code     2  arm_startup_nrf52.o(.text)
    BusFault_Handler                         0x0001c38b   Thumb Code     2  arm_startup_nrf52.o(.text)
    UsageFault_Handler                       0x0001c38d   Thumb Code     2  arm_startup_nrf52.o(.text)
    SVC_Handler                              0x0001c38f   Thumb Code     2  arm_startup_nrf52.o(.text)
    DebugMon_Handler                         0x0001c391   Thumb Code     2  arm_startup_nrf52.o(.text)
    PendSV_Handler                           0x0001c393   Thumb Code     2  arm_startup_nrf52.o(.text)
    SysTick_Handler                          0x0001c395   Thumb Code     2  arm_startup_nrf52.o(.text)
    CCM_AAR_IRQHandler                       0x0001c397   Thumb Code     0  arm_startup_nrf52.o(.text)
    COMP_LPCOMP_IRQHandler                   0x0001c397   Thumb Code     0  arm_startup_nrf52.o(.text)
    ECB_IRQHandler                           0x0001c397   Thumb Code     0  arm_startup_nrf52.o(.text)
    FPU_IRQHandler                           0x0001c397   Thumb Code     0  arm_startup_nrf52.o(.text)
    MWU_IRQHandler                           0x0001c397   Thumb Code     0  arm_startup_nrf52.o(.text)
    NFCT_IRQHandler                          0x0001c397   Thumb Code     0  arm_startup_nrf52.o(.text)
    PDM_IRQHandler                           0x0001c397   Thumb Code     0  arm_startup_nrf52.o(.text)
    POWER_CLOCK_IRQHandler                   0x0001c397   Thumb Code     0  arm_startup_nrf52.o(.text)
    PWM2_IRQHandler                          0x0001c397   Thumb Code     0  arm_startup_nrf52.o(.text)
    QDEC_IRQHandler                          0x0001c397   Thumb Code     0  arm_startup_nrf52.o(.text)
    RADIO_IRQHandler                         0x0001c397   Thumb Code     0  arm_startup_nrf52.o(.text)
    RTC0_IRQHandler                          0x0001c397   Thumb Code     0  arm_startup_nrf52.o(.text)
    RTC2_IRQHandler                          0x0001c397   Thumb Code     0  arm_startup_nrf52.o(.text)
    SAADC_IRQHandler                         0x0001c397   Thumb Code     0  arm_startup_nrf52.o(.text)
    SPIM0_SPIS0_TWIM0_TWIS0_SPI0_TWI0_IRQHandler 0x0001c397   Thumb Code     0  arm_startup_nrf52.o(.text)
    SPIM1_SPIS1_TWIM1_TWIS1_SPI1_TWI1_IRQHandler 0x0001c397   Thumb Code     0  arm_startup_nrf52.o(.text)
    SPIM2_SPIS2_SPI2_IRQHandler              0x0001c397   Thumb Code     0  arm_startup_nrf52.o(.text)
    SWI1_EGU1_IRQHandler                     0x0001c397   Thumb Code     0  arm_startup_nrf52.o(.text)
    SWI3_EGU3_IRQHandler                     0x0001c397   Thumb Code     0  arm_startup_nrf52.o(.text)
    SWI4_EGU4_IRQHandler                     0x0001c397   Thumb Code     0  arm_startup_nrf52.o(.text)
    SWI5_EGU5_IRQHandler                     0x0001c397   Thumb Code     0  arm_startup_nrf52.o(.text)
    TEMP_IRQHandler                          0x0001c397   Thumb Code     0  arm_startup_nrf52.o(.text)
    TIMER0_IRQHandler                        0x0001c397   Thumb Code     0  arm_startup_nrf52.o(.text)
    TIMER2_IRQHandler                        0x0001c397   Thumb Code     0  arm_startup_nrf52.o(.text)
    TIMER3_IRQHandler                        0x0001c397   Thumb Code     0  arm_startup_nrf52.o(.text)
    TIMER4_IRQHandler                        0x0001c397   Thumb Code     0  arm_startup_nrf52.o(.text)
    WDT_IRQHandler                           0x0001c397   Thumb Code     0  arm_startup_nrf52.o(.text)
    arm_sin_f32                              0x0001c3a1   Thumb Code   118  arm_sin_f32.o(.text)
    __aeabi_memcpy                           0x0001c425   Thumb Code    36  memcpya.o(.text)
    __aeabi_memcpy4                          0x0001c425   Thumb Code     0  memcpya.o(.text)
    __aeabi_memcpy8                          0x0001c425   Thumb Code     0  memcpya.o(.text)
    __aeabi_memset                           0x0001c449   Thumb Code    14  memseta.o(.text)
    __aeabi_memset4                          0x0001c449   Thumb Code     0  memseta.o(.text)
    __aeabi_memset8                          0x0001c449   Thumb Code     0  memseta.o(.text)
    __aeabi_memclr                           0x0001c457   Thumb Code     4  memseta.o(.text)
    __aeabi_memclr4                          0x0001c457   Thumb Code     0  memseta.o(.text)
    __aeabi_memclr8                          0x0001c457   Thumb Code     0  memseta.o(.text)
    _memset$wrapper                          0x0001c45b   Thumb Code    18  memseta.o(.text)
    __aeabi_uidiv                            0x0001c46d   Thumb Code     0  uidiv.o(.text)
    __aeabi_uidivmod                         0x0001c46d   Thumb Code    44  uidiv.o(.text)
    __aeabi_uldivmod                         0x0001c499   Thumb Code    98  uldiv.o(.text)
    __I$use$fp                               0x0001c4fb   Thumb Code     0  iusefp.o(.text)
    __aeabi_dadd                             0x0001c4fb   Thumb Code   322  dadd.o(.text)
    __aeabi_dsub                             0x0001c63d   Thumb Code     6  dadd.o(.text)
    __aeabi_drsub                            0x0001c643   Thumb Code     6  dadd.o(.text)
    __aeabi_dmul                             0x0001c649   Thumb Code   228  dmul.o(.text)
    __aeabi_ddiv                             0x0001c72d   Thumb Code   222  ddiv.o(.text)
    __aeabi_d2ulz                            0x0001c80b   Thumb Code    48  dfixul.o(.text)
    __aeabi_cdrcmple                         0x0001c83d   Thumb Code    48  cdrcmple.o(.text)
    __scatterload                            0x0001c86d   Thumb Code    28  init.o(.text)
    __scatterload_rt2                        0x0001c86d   Thumb Code     0  init.o(.text)
    __aeabi_llsl                             0x0001c891   Thumb Code    30  llshl.o(.text)
    _ll_shift_l                              0x0001c891   Thumb Code     0  llshl.o(.text)
    __aeabi_llsr                             0x0001c8af   Thumb Code    32  llushr.o(.text)
    _ll_ushift_r                             0x0001c8af   Thumb Code     0  llushr.o(.text)
    __aeabi_lasr                             0x0001c8cf   Thumb Code    36  llsshr.o(.text)
    _ll_sshift_r                             0x0001c8cf   Thumb Code     0  llsshr.o(.text)
    _double_round                            0x0001c8f3   Thumb Code    30  depilogue.o(.text)
    _double_epilogue                         0x0001c911   Thumb Code   156  depilogue.o(.text)
    __decompress                             0x0001c9ad   Thumb Code     0  __dczerorl2.o(.text)
    __decompress1                            0x0001c9ad   Thumb Code    86  __dczerorl2.o(.text)
    Cyclon                                   0x0001ca05   Thumb Code   126  ledpatterns.o(i.Cyclon)
    FadeInOut                                0x0001ca91   Thumb Code   230  ledpatterns.o(i.FadeInOut)
    Flash                                    0x0001cb89   Thumb Code   154  ledpatterns.o(i.Flash)
    FlashFadeInOut                           0x0001cc3d   Thumb Code   980  ledpatterns.o(i.FlashFadeInOut)
    GPIOTE_IRQHandler                        0x0001d02d   Thumb Code   420  nrf_drv_gpiote.o(i.GPIOTE_IRQHandler)
    I2S_IRQHandler                           0x0001d1e5   Thumb Code   340  nrf_drv_i2s.o(i.I2S_IRQHandler)
    OffLeds                                  0x0001d3b5   Thumb Code    24  ledpatterns.o(i.OffLeds)
    PWM0_IRQHandler                          0x0001d3d1   Thumb Code    12  nrf_drv_pwm.o(i.PWM0_IRQHandler)
    PWM1_IRQHandler                          0x0001d3e5   Thumb Code    12  nrf_drv_pwm.o(i.PWM1_IRQHandler)
    RNG_IRQHandler                           0x0001d3f9   Thumb Code    58  ledpatterns.o(i.RNG_IRQHandler)
    RTC1_IRQHandler                          0x0001d44d   Thumb Code    44  app_timer.o(i.RTC1_IRQHandler)
    Ring                                     0x0001d481   Thumb Code   558  ledpatterns.o(i.Ring)
    SWI0_EGU0_IRQHandler                     0x0001d6c1   Thumb Code     8  app_timer.o(i.SWI0_EGU0_IRQHandler)
    SWI2_EGU2_IRQHandler                     0x0001d6c9   Thumb Code    42  softdevice_handler.o(i.SWI2_EGU2_IRQHandler)
    SetAll                                   0x0001d6f9   Thumb Code    22  ledpatterns.o(i.SetAll)
    SetPixel                                 0x0001d715   Thumb Code    28  ledpatterns.o(i.SetPixel)
    SystemCoreClockUpdate                    0x0001d735   Thumb Code     8  system_nrf52.o(i.SystemCoreClockUpdate)
    SystemInit                               0x0001d745   Thumb Code   578  system_nrf52.o(i.SystemInit)
    TIMER1_IRQHandler                        0x0001d9c9   Thumb Code    14  nrf_drv_timer.o(i.TIMER1_IRQHandler)
    UARTE0_UART0_IRQHandler                  0x0001d9e1   Thumb Code    20  nrf_drv_uart.o(i.UARTE0_UART0_IRQHandler)
    Wipe                                     0x0001d9f9   Thumb Code   264  ledpatterns.o(i.Wipe)
    __0printf                                0x0001db15   Thumb Code    22  printfa.o(i.__0printf)
    __1printf                                0x0001db15   Thumb Code     0  printfa.o(i.__0printf)
    __2printf                                0x0001db15   Thumb Code     0  printfa.o(i.__0printf)
    __c89printf                              0x0001db15   Thumb Code     0  printfa.o(i.__0printf)
    printf                                   0x0001db15   Thumb Code     0  printfa.o(i.__0printf)
    __scatterload_copy                       0x0001db35   Thumb Code    14  handlers.o(i.__scatterload_copy)
    __scatterload_null                       0x0001db43   Thumb Code     2  handlers.o(i.__scatterload_null)
    __scatterload_zeroinit                   0x0001db45   Thumb Code    14  handlers.o(i.__scatterload_zeroinit)
    adv_data_encode                          0x0001e3e7   Thumb Code   454  ble_advdata.o(i.adv_data_encode)
    app_error_fault_handler                  0x0001e68d   Thumb Code    60  app_error_weak.o(i.app_error_fault_handler)
    app_error_handler_bare                   0x0001e6d1   Thumb Code    28  app_error.o(i.app_error_handler_bare)
    app_fifo_get                             0x0001e6ed   Thumb Code    30  app_fifo.o(i.app_fifo_get)
    app_fifo_init                            0x0001e70b   Thumb Code    36  app_fifo.o(i.app_fifo_init)
    app_fifo_put                             0x0001e72f   Thumb Code    34  app_fifo.o(i.app_fifo_put)
    app_timer_create                         0x0001e751   Thumb Code    56  app_timer.o(i.app_timer_create)
    app_timer_init                           0x0001e78d   Thumb Code   154  app_timer.o(i.app_timer_init)
    app_timer_start                          0x0001e845   Thumb Code    84  app_timer.o(i.app_timer_start)
    app_timer_stop                           0x0001e89d   Thumb Code    48  app_timer.o(i.app_timer_stop)
    app_uart_get                             0x0001e8d1   Thumb Code    46  app_uart_fifo.o(i.app_uart_get)
    app_uart_init                            0x0001e909   Thumb Code   178  app_uart_fifo.o(i.app_uart_init)
    app_uart_put                             0x0001e9d5   Thumb Code    46  app_uart_fifo.o(i.app_uart_put)
    ble_advdata_set                          0x0001eb1d   Thumb Code   148  ble_advdata.o(i.ble_advdata_set)
    ble_advertising_init                     0x0001ebb1   Thumb Code   324  ble_advertising.o(i.ble_advertising_init)
    ble_advertising_on_ble_evt               0x0001ed2d   Thumb Code   224  ble_advertising.o(i.ble_advertising_on_ble_evt)
    ble_advertising_start                    0x0001ee35   Thumb Code   604  ble_advertising.o(i.ble_advertising_start)
    ble_conn_params_init                     0x0001f0bd   Thumb Code    84  ble_conn_params.o(i.ble_conn_params_init)
    ble_conn_params_on_ble_evt               0x0001f12d   Thumb Code    62  ble_conn_params.o(i.ble_conn_params_on_ble_evt)
    ble_nus_init                             0x0001f20d   Thumb Code   144  ble_nus.o(i.ble_nus_init)
    ble_nus_on_ble_evt                       0x0001f2a1   Thumb Code    66  ble_nus.o(i.ble_nus_on_ble_evt)
    ble_nus_string_send                      0x0001f2e3   Thumb Code    86  ble_nus.o(i.ble_nus_string_send)
    bsp_btn_ble_on_ble_evt                   0x0001f3ed   Thumb Code   110  bsp_btn_ble.o(i.bsp_btn_ble_on_ble_evt)
    bsp_btn_ble_sleep_mode_prepare           0x0001f465   Thumb Code    28  bsp_btn_ble.o(i.bsp_btn_ble_sleep_mode_prepare)
    bsp_event_to_button_action_assign        0x0001f55d   Thumb Code    86  bsp.o(i.bsp_event_to_button_action_assign)
    bsp_indication_set                       0x0001f5b9   Thumb Code    28  bsp.o(i.bsp_indication_set)
    bsp_wakeup_buttons_set                   0x0001fb75   Thumb Code    70  bsp.o(i.bsp_wakeup_buttons_set)
    drv_speaker_init                         0x0001ffe1   Thumb Code    78  drv_speaker.o(i.drv_speaker_init)
    drv_speaker_tone_start                   0x00020045   Thumb Code   270  drv_speaker.o(i.drv_speaker_tone_start)
    fputc                                    0x00020585   Thumb Code    16  retarget.o(i.fputc)
    free                                     0x00020595   Thumb Code    76  malloc.o(i.free)
    fs_queued_op_count_get                   0x000205e5   Thumb Code    18  fstorage.o(i.fs_queued_op_count_get)
    i2s_ws2812b_drive_set_buff               0x000206c1   Thumb Code   146  i2s_ws2812b_drive.o(i.i2s_ws2812b_drive_set_buff)
    i2s_ws2812b_drive_xfer                   0x00020755   Thumb Code   266  i2s_ws2812b_drive.o(i.i2s_ws2812b_drive_xfer)
    intern_softdevice_events_execute         0x00020875   Thumb Code   142  softdevice_handler.o(i.intern_softdevice_events_execute)
    main                                     0x00020c45   Thumb Code   164  main.o(i.main)
    malloc                                   0x00020d09   Thumb Code    92  malloc.o(i.malloc)
    nrf_delay_ms                             0x00020ead   Thumb Code    26  nrf_delay.o(i.nrf_delay_ms)
    nrf_drv_common_irq_enable                0x00020ec9   Thumb Code    84  nrf_drv_common.o(i.nrf_drv_common_irq_enable)
    nrf_drv_i2s_init                         0x00020f35   Thumb Code    84  nrf_drv_i2s.o(i.nrf_drv_i2s_init)
    nrf_drv_i2s_start                        0x00020f95   Thumb Code   316  nrf_drv_i2s.o(i.nrf_drv_i2s_start)
    nrf_drv_i2s_stop                         0x000210e1   Thumb Code    38  nrf_drv_i2s.o(i.nrf_drv_i2s_stop)
    nrf_drv_i2s_uninit                       0x00021115   Thumb Code    38  nrf_drv_i2s.o(i.nrf_drv_i2s_uninit)
    nrf_drv_pwm_init                         0x00021159   Thumb Code   182  nrf_drv_pwm.o(i.nrf_drv_pwm_init)
    nrf_drv_pwm_is_stopped                   0x00021219   Thumb Code    44  nrf_drv_pwm.o(i.nrf_drv_pwm_is_stopped)
    nrf_drv_pwm_simple_playback              0x00021249   Thumb Code   128  nrf_drv_pwm.o(i.nrf_drv_pwm_simple_playback)
    nrf_drv_pwm_stop                         0x000212cd   Thumb Code    48  nrf_drv_pwm.o(i.nrf_drv_pwm_stop)
    nrf_drv_uart_init                        0x000212fd   Thumb Code   202  nrf_drv_uart.o(i.nrf_drv_uart_init)
    nrf_drv_uart_rx                          0x000213e1   Thumb Code   168  nrf_drv_uart.o(i.nrf_drv_uart_rx)
    nrf_drv_uart_rx_enable                   0x00021491   Thumb Code    26  nrf_drv_uart.o(i.nrf_drv_uart_rx_enable)
    nrf_drv_uart_tx                          0x00021619   Thumb Code    66  nrf_drv_uart.o(i.nrf_drv_uart_tx)
    nrf_drv_uart_tx_in_progress              0x0002175d   Thumb Code    14  nrf_drv_uart.o(i.nrf_drv_uart_tx_in_progress)
    pstorage_access_status_get               0x00021d39   Thumb Code    36  pstorage.o(i.pstorage_access_status_get)
    sd_check_ram_start                       0x00022075   Thumb Code    22  softdevice_handler.o(i.sd_check_ram_start)
    softdevice_ble_evt_handler_set           0x0002247d   Thumb Code    20  softdevice_handler.o(i.softdevice_ble_evt_handler_set)
    softdevice_enable                        0x00022495   Thumb Code    24  softdevice_handler.o(i.softdevice_enable)
    softdevice_enable_get_default_config     0x000224b1   Thumb Code    44  softdevice_handler.o(i.softdevice_enable_get_default_config)
    softdevice_fault_handler                 0x000224dd   Thumb Code    20  softdevice_handler.o(i.softdevice_fault_handler)
    softdevice_handler_init                  0x000224f1   Thumb Code    80  softdevice_handler.o(i.softdevice_handler_init)
    uart_event_handle                        0x00022b45   Thumb Code   136  main.o(i.uart_event_handle)
    m_LED_channel_seq                        0x000284b8   Data          16  main.o(.constdata)
    sinTable_f32                             0x0002d8b8   Data        2052  arm_common_tables.o(.constdata)
    Region$$Table$$Base                      0x0002e0bc   Number         0  anon$$obj.o(Region$$Table)
    Region$$Table$$Limit                     0x0002e0dc   Number         0  anon$$obj.o(Region$$Table)
    Image$$RW_IRAM1$$Base                    0x20002080   Number         0  anon$$obj.o ABSOLUTE
    ws2812bPattern                           0x20002086   Data           1  main.o(.data)
    DelayWS2812b                             0x20002088   Data           2  main.o(.data)
    DelayBuzzer                              0x2000208a   Data           1  main.o(.data)
    flag_off_leds                            0x2000208b   Data           1  main.o(.data)
    song                                     0x2000208c   Data         100  main.o(.data)
    length                                   0x200020f0   Data         100  main.o(.data)
    __stdout                                 0x20002248   Data           4  retarget.o(.data)
    __stdin                                  0x2000224c   Data           4  retarget.o(.data)
    i2s_ws2812b_drive_m_blocks_transferred   0x20002268   Data           1  i2s_ws2812b_drive.o(.data)
    i2s_ws2812b_drive_flag_first_buffer      0x20002269   Data           1  i2s_ws2812b_drive.o(.data)
    i2s_ws2812b_drive_tx_led_array           0x2000226c   Data           4  i2s_ws2812b_drive.o(.data)
    SystemCoreClock                          0x20002280   Data           4  system_nrf52.o(.data)
    __microlib_freelist                      0x20002284   Data           4  mvars.o(.data)
    __microlib_freelist_initialised          0x20002288   Data           4  mvars.o(.data)
    led_array                                0x200028b4   Data           9  ledpatterns.o(.bss)
    nrf_nvic_state                           0x20002c60   Data          12  softdevice_handler.o(.bss)
    __heap_base                              0x20003578   Data           0  arm_startup_nrf52.o(HEAP)
    __heap_limit                             0x20005578   Data           0  arm_startup_nrf52.o(HEAP)
    __initial_sp                             0x20007578   Data           0  arm_startup_nrf52.o(STACK)



==============================================================================

Memory Map of the image

  Image Entry point : 0x0001c201

  Load Region LR_IROM1 (Base: 0x0001c000, Size: 0x000122e8, Max: 0x00064000, ABSOLUTE, COMPRESSED[0x00012140])

    Execution Region ER_IROM1 (Base: 0x0001c000, Size: 0x000120dc, Max: 0x00064000, ABSOLUTE)

    Base Addr    Size         Type   Attr      Idx    E Section Name        Object

    0x0001c000   0x00000200   Data   RO         4461    RESET               arm_startup_nrf52.o
    0x0001c200   0x00000000   Code   RO         4697  * .ARM.Collect$$$$00000000  mc_w.l(entry.o)
    0x0001c200   0x00000004   Code   RO         4998    .ARM.Collect$$$$00000001  mc_w.l(entry2.o)
    0x0001c204   0x00000004   Code   RO         5001    .ARM.Collect$$$$00000004  mc_w.l(entry5.o)
    0x0001c208   0x00000000   Code   RO         5003    .ARM.Collect$$$$00000008  mc_w.l(entry7b.o)
    0x0001c208   0x00000000   Code   RO         5005    .ARM.Collect$$$$0000000A  mc_w.l(entry8b.o)
    0x0001c208   0x00000008   Code   RO         5006    .ARM.Collect$$$$0000000B  mc_w.l(entry9a.o)
    0x0001c210   0x00000000   Code   RO         5008    .ARM.Collect$$$$0000000D  mc_w.l(entry10a.o)
    0x0001c210   0x00000000   Code   RO         5010    .ARM.Collect$$$$0000000F  mc_w.l(entry11a.o)
    0x0001c210   0x00000004   Code   RO         4999    .ARM.Collect$$$$00002712  mc_w.l(entry2.o)
    0x0001c214   0x00000076   Code   RO         1308    .emb_text           nrf_delay.o
    0x0001c28a   0x00000002   PAD
    0x0001c28c   0x00000076   Code   RO         3143    .emb_text           app_timer.o
    0x0001c302   0x00000002   PAD
    0x0001c304   0x00000076   Code   RO         4279    .emb_text           i2s_ws2812b_drive.o
    0x0001c37a   0x00000002   PAD
    0x0001c37c   0x00000024   Code   RO         4462    .text               arm_startup_nrf52.o
    0x0001c3a0   0x00000084   Code   RO         4562    .text               arm_cortexM4lf_math.lib(arm_sin_f32.o)
    0x0001c424   0x00000024   Code   RO         4700    .text               mc_w.l(memcpya.o)
    0x0001c448   0x00000024   Code   RO         4702    .text               mc_w.l(memseta.o)
    0x0001c46c   0x0000002c   Code   RO         5012    .text               mc_w.l(uidiv.o)
    0x0001c498   0x00000062   Code   RO         5014    .text               mc_w.l(uldiv.o)
    0x0001c4fa   0x00000000   Code   RO         5018    .text               mc_w.l(iusefp.o)
    0x0001c4fa   0x0000014e   Code   RO         5019    .text               mf_w.l(dadd.o)
    0x0001c648   0x000000e4   Code   RO         5021    .text               mf_w.l(dmul.o)
    0x0001c72c   0x000000de   Code   RO         5023    .text               mf_w.l(ddiv.o)
    0x0001c80a   0x00000030   Code   RO         5025    .text               mf_w.l(dfixul.o)
    0x0001c83a   0x00000002   PAD
    0x0001c83c   0x00000030   Code   RO         5027    .text               mf_w.l(cdrcmple.o)
    0x0001c86c   0x00000024   Code   RO         5029    .text               mc_w.l(init.o)
    0x0001c890   0x0000001e   Code   RO         5031    .text               mc_w.l(llshl.o)
    0x0001c8ae   0x00000020   Code   RO         5033    .text               mc_w.l(llushr.o)
    0x0001c8ce   0x00000024   Code   RO         5035    .text               mc_w.l(llsshr.o)
    0x0001c8f2   0x000000ba   Code   RO         5037    .text               mf_w.l(depilogue.o)
    0x0001c9ac   0x00000056   Code   RO         5047    .text               mc_w.l(__dczerorl2.o)
    0x0001ca02   0x00000002   PAD
    0x0001ca04   0x0000008c   Code   RO          432    i.Cyclon            ledpatterns.o
    0x0001ca90   0x000000f8   Code   RO          433    i.FadeInOut         ledpatterns.o
    0x0001cb88   0x000000b4   Code   RO          434    i.Flash             ledpatterns.o
    0x0001cc3c   0x000003f0   Code   RO          435    i.FlashFadeInOut    ledpatterns.o
    0x0001d02c   0x000001b8   Code   RO         1378    i.GPIOTE_IRQHandler  nrf_drv_gpiote.o
    0x0001d1e4   0x00000160   Code   RO         2237    i.I2S_IRQHandler    nrf_drv_i2s.o
    0x0001d344   0x00000018   Code   RO         3144    i.NVIC_ClearPendingIRQ  app_timer.o
    0x0001d35c   0x00000016   Code   RO         3145    i.NVIC_EnableIRQ    app_timer.o
    0x0001d372   0x00000002   PAD
    0x0001d374   0x00000018   Code   RO         3146    i.NVIC_SetPendingIRQ  app_timer.o
    0x0001d38c   0x00000028   Code   RO         3147    i.NVIC_SetPriority  app_timer.o
    0x0001d3b4   0x0000001c   Code   RO          436    i.OffLeds           ledpatterns.o
    0x0001d3d0   0x00000014   Code   RO         2361    i.PWM0_IRQHandler   nrf_drv_pwm.o
    0x0001d3e4   0x00000014   Code   RO         2362    i.PWM1_IRQHandler   nrf_drv_pwm.o
    0x0001d3f8   0x00000054   Code   RO          437    i.RNG_IRQHandler    ledpatterns.o
    0x0001d44c   0x00000034   Code   RO         3148    i.RTC1_IRQHandler   app_timer.o
    0x0001d480   0x00000240   Code   RO          438    i.Ring              ledpatterns.o
    0x0001d6c0   0x00000008   Code   RO         3149    i.SWI0_EGU0_IRQHandler  app_timer.o
    0x0001d6c8   0x00000030   Code   RO         4172    i.SWI2_EGU2_IRQHandler  softdevice_handler.o
    0x0001d6f8   0x0000001c   Code   RO          439    i.SetAll            ledpatterns.o
    0x0001d714   0x00000020   Code   RO          440    i.SetPixel          ledpatterns.o
    0x0001d734   0x00000010   Code   RO         4469    i.SystemCoreClockUpdate  system_nrf52.o
    0x0001d744   0x00000284   Code   RO         4470    i.SystemInit        system_nrf52.o
    0x0001d9c8   0x00000018   Code   RO         2668    i.TIMER1_IRQHandler  nrf_drv_timer.o
    0x0001d9e0   0x00000018   Code   RO         1617    i.UARTE0_UART0_IRQHandler  nrf_drv_uart.o
    0x0001d9f8   0x0000011c   Code   RO          441    i.Wipe              ledpatterns.o
    0x0001db14   0x00000020   Code   RO         4943    i.__0printf         mc_w.l(printfa.o)
    0x0001db34   0x0000000e   Code   RO         5041    i.__scatterload_copy  mc_w.l(handlers.o)
    0x0001db42   0x00000002   Code   RO         5042    i.__scatterload_null  mc_w.l(handlers.o)
    0x0001db44   0x0000000e   Code   RO         5043    i.__scatterload_zeroinit  mc_w.l(handlers.o)
    0x0001db52   0x00000002   PAD
    0x0001db54   0x00000164   Code   RO         4950    i._fp_digits        mc_w.l(printfa.o)
    0x0001dcb8   0x000006dc   Code   RO         4951    i._printf_core      mc_w.l(printfa.o)
    0x0001e394   0x00000024   Code   RO         4952    i._printf_post_padding  mc_w.l(printfa.o)
    0x0001e3b8   0x0000002e   Code   RO         4953    i._printf_pre_padding  mc_w.l(printfa.o)
    0x0001e3e6   0x000001c6   Code   RO          780    i.adv_data_encode   ble_advdata.o
    0x0001e5ac   0x00000012   Code   RO          781    i.advdata_check     ble_advdata.o
    0x0001e5be   0x00000054   Code   RO          703    i.advertising_buttons_configure  bsp_btn_ble.o
    0x0001e612   0x00000002   PAD
    0x0001e614   0x00000078   Code   RO            5    i.advertising_init  main.o
    0x0001e68c   0x00000044   Code   RO         3561    i.app_error_fault_handler  app_error_weak.o
    0x0001e6d0   0x0000001c   Code   RO         3522    i.app_error_handler_bare  app_error.o
    0x0001e6ec   0x0000001e   Code   RO         3064    i.app_fifo_get      app_fifo.o
    0x0001e70a   0x00000024   Code   RO         3065    i.app_fifo_init     app_fifo.o
    0x0001e72e   0x00000022   Code   RO         3067    i.app_fifo_put      app_fifo.o
    0x0001e750   0x0000003c   Code   RO         3152    i.app_timer_create  app_timer.o
    0x0001e78c   0x000000b8   Code   RO         3153    i.app_timer_init    app_timer.o
    0x0001e844   0x00000058   Code   RO         3154    i.app_timer_start   app_timer.o
    0x0001e89c   0x00000034   Code   RO         3155    i.app_timer_stop    app_timer.o
    0x0001e8d0   0x00000038   Code   RO         1227    i.app_uart_get      app_uart_fifo.o
    0x0001e908   0x000000cc   Code   RO         1228    i.app_uart_init     app_uart_fifo.o
    0x0001e9d4   0x00000038   Code   RO         1229    i.app_uart_put      app_uart_fifo.o
    0x0001ea0c   0x00000052   Code   RO          782    i.appearance_encode  ble_advdata.o
    0x0001ea5e   0x00000002   PAD
    0x0001ea60   0x000000bc   Code   RO         1618    i.apply_config      nrf_drv_uart.o
    0x0001eb1c   0x00000094   Code   RO          783    i.ble_advdata_set   ble_advdata.o
    0x0001ebb0   0x0000017c   Code   RO          914    i.ble_advertising_init  ble_advertising.o
    0x0001ed2c   0x000000f8   Code   RO          915    i.ble_advertising_on_ble_evt  ble_advertising.o
    0x0001ee24   0x00000010   Code   RO          918    i.ble_advertising_peer_address_clear  ble_advertising.o
    0x0001ee34   0x00000288   Code   RO          920    i.ble_advertising_start  ble_advertising.o
    0x0001f0bc   0x00000070   Code   RO         1016    i.ble_conn_params_init  ble_conn_params.o
    0x0001f12c   0x0000003e   Code   RO         1017    i.ble_conn_params_on_ble_evt  ble_conn_params.o
    0x0001f16a   0x00000074   Code   RO          784    i.ble_device_addr_encode  ble_advdata.o
    0x0001f1de   0x00000002   PAD
    0x0001f1e0   0x0000002c   Code   RO            7    i.ble_evt_dispatch  main.o
    0x0001f20c   0x00000094   Code   RO         1113    i.ble_nus_init      ble_nus.o
    0x0001f2a0   0x00000042   Code   RO         1114    i.ble_nus_on_ble_evt  ble_nus.o
    0x0001f2e2   0x00000056   Code   RO         1115    i.ble_nus_string_send  ble_nus.o
    0x0001f338   0x000000b4   Code   RO            8    i.ble_stack_init    main.o
    0x0001f3ec   0x00000078   Code   RO          705    i.bsp_btn_ble_on_ble_evt  bsp_btn_ble.o
    0x0001f464   0x0000001c   Code   RO          706    i.bsp_btn_ble_sleep_mode_prepare  bsp_btn_ble.o
    0x0001f480   0x000000dc   Code   RO          600    i.bsp_button_event_handler  bsp.o
    0x0001f55c   0x0000005c   Code   RO          605    i.bsp_event_to_button_action_assign  bsp.o
    0x0001f5b8   0x00000020   Code   RO          606    i.bsp_indication_set  bsp.o
    0x0001f5d8   0x0000059c   Code   RO          609    i.bsp_led_indication  bsp.o
    0x0001fb74   0x00000050   Code   RO          610    i.bsp_wakeup_buttons_set  bsp.o
    0x0001fbc4   0x00000010   Code   RO         1380    i.channel_handler_get  nrf_drv_gpiote.o
    0x0001fbd4   0x0000000c   Code   RO         1382    i.channel_port_get  nrf_drv_gpiote.o
    0x0001fbe0   0x00000090   Code   RO         3157    i.compare_reg_update  app_timer.o
    0x0001fc70   0x00000090   Code   RO         2238    i.configure_pins    nrf_drv_i2s.o
    0x0001fd00   0x000000ac   Code   RO         2363    i.configure_pins    nrf_drv_pwm.o
    0x0001fdac   0x0000005a   Code   RO          785    i.conn_int_check    ble_advdata.o
    0x0001fe06   0x00000068   Code   RO          786    i.conn_int_encode   ble_advdata.o
    0x0001fe6e   0x00000010   Code   RO           10    i.conn_params_error_handler  main.o
    0x0001fe7e   0x00000002   PAD
    0x0001fe80   0x0000005c   Code   RO           11    i.conn_params_init  main.o
    0x0001fedc   0x00000084   Code   RO         1019    i.conn_params_negotiation  ble_conn_params.o
    0x0001ff60   0x00000054   Code   RO          707    i.connection_buttons_configure  bsp_btn_ble.o
    0x0001ffb4   0x0000002c   Code   RO           12    i.drv_speaker_evt_handler  main.o
    0x0001ffe0   0x00000064   Code   RO         4373    i.drv_speaker_init  drv_speaker.o
    0x00020044   0x00000134   Code   RO         4375    i.drv_speaker_tone_start  drv_speaker.o
    0x00020178   0x00000064   Code   RO         3158    i.elapsed_ticks_acquire  app_timer.o
    0x000201dc   0x00000054   Code   RO         4471    i.errata_108        system_nrf52.o
    0x00020230   0x00000054   Code   RO         4472    i.errata_12         system_nrf52.o
    0x00020284   0x00000054   Code   RO         4473    i.errata_136        system_nrf52.o
    0x000202d8   0x00000030   Code   RO         4474    i.errata_16         system_nrf52.o
    0x00020308   0x00000054   Code   RO         4475    i.errata_31         system_nrf52.o
    0x0002035c   0x00000030   Code   RO         4476    i.errata_32         system_nrf52.o
    0x0002038c   0x00000054   Code   RO         4477    i.errata_36         system_nrf52.o
    0x000203e0   0x00000030   Code   RO         4478    i.errata_37         system_nrf52.o
    0x00020410   0x00000030   Code   RO         4479    i.errata_57         system_nrf52.o
    0x00020440   0x00000030   Code   RO         4480    i.errata_66         system_nrf52.o
    0x00020470   0x00000058   Code   RO         3159    i.expired_timers_handler  app_timer.o
    0x000204c8   0x00000018   Code   RO         3070    i.fifo_get          app_fifo.o
    0x000204e0   0x0000000a   Code   RO         1230    i.fifo_length       app_uart_fifo.o
    0x000204ea   0x0000000a   Code   RO         3071    i.fifo_length       app_fifo.o
    0x000204f4   0x00000012   Code   RO         3072    i.fifo_peek         app_fifo.o
    0x00020506   0x00000012   Code   RO         3073    i.fifo_put          app_fifo.o
    0x00020518   0x00000036   Code   RO          787    i.flags_encode      ble_advdata.o
    0x0002054e   0x00000036   Code   RO          922    i.flash_access_in_progress  ble_advertising.o
    0x00020584   0x00000010   Code   RO         3485    i.fputc             retarget.o
    0x00020594   0x00000050   Code   RO         4970    i.free              mc_w.l(malloc.o)
    0x000205e4   0x00000018   Code   RO         3376    i.fs_queued_op_count_get  fstorage.o
    0x000205fc   0x00000080   Code   RO           13    i.gap_params_init   main.o
    0x0002067c   0x00000044   Code   RO         4280    i.i2s_ws2812b_drive_handler  i2s_ws2812b_drive.o
    0x000206c0   0x00000092   Code   RO         4281    i.i2s_ws2812b_drive_set_buff  i2s_ws2812b_drive.o
    0x00020752   0x00000002   PAD
    0x00020754   0x00000120   Code   RO         4282    i.i2s_ws2812b_drive_xfer  i2s_ws2812b_drive.o
    0x00020874   0x000000a4   Code   RO         4173    i.intern_softdevice_events_execute  softdevice_handler.o
    0x00020918   0x0000009a   Code   RO         2364    i.irq_handler       nrf_drv_pwm.o
    0x000209b2   0x0000005c   Code   RO         2669    i.irq_handler       nrf_drv_timer.o
    0x00020a0e   0x00000002   PAD
    0x00020a10   0x00000024   Code   RO         1020    i.is_conn_params_ok  ble_conn_params.o
    0x00020a34   0x0000006a   Code   RO          788    i.le_role_encode    ble_advdata.o
    0x00020a9e   0x00000002   PAD
    0x00020aa0   0x00000098   Code   RO         3160    i.list_deletions_handler  app_timer.o
    0x00020b38   0x0000010c   Code   RO         3161    i.list_insertions_handler  app_timer.o
    0x00020c44   0x000000c4   Code   RO           14    i.main              main.o
    0x00020d08   0x0000006c   Code   RO         4971    i.malloc            mc_w.l(malloc.o)
    0x00020d74   0x00000076   Code   RO          789    i.manuf_specific_data_encode  ble_advdata.o
    0x00020dea   0x000000c2   Code   RO          790    i.name_encode       ble_advdata.o
    0x00020eac   0x0000001a   Code   RO         1309    i.nrf_delay_ms      nrf_delay.o
    0x00020ec6   0x00000002   PAD
    0x00020ec8   0x00000060   Code   RO         1340    i.nrf_drv_common_irq_enable  nrf_drv_common.o
    0x00020f28   0x0000000a   Code   RO         2365    i.nrf_drv_get_IRQn  nrf_drv_pwm.o
    0x00020f32   0x00000002   PAD
    0x00020f34   0x00000060   Code   RO         2239    i.nrf_drv_i2s_init  nrf_drv_i2s.o
    0x00020f94   0x0000014c   Code   RO         2240    i.nrf_drv_i2s_start  nrf_drv_i2s.o
    0x000210e0   0x00000034   Code   RO         2241    i.nrf_drv_i2s_stop  nrf_drv_i2s.o
    0x00021114   0x00000030   Code   RO         2242    i.nrf_drv_i2s_uninit  nrf_drv_i2s.o
    0x00021144   0x00000014   Code   RO         2243    i.nrf_drv_is_in_RAM  nrf_drv_i2s.o
    0x00021158   0x000000c0   Code   RO         2367    i.nrf_drv_pwm_init  nrf_drv_pwm.o
    0x00021218   0x00000030   Code   RO         2368    i.nrf_drv_pwm_is_stopped  nrf_drv_pwm.o
    0x00021248   0x00000084   Code   RO         2369    i.nrf_drv_pwm_simple_playback  nrf_drv_pwm.o
    0x000212cc   0x00000030   Code   RO         2370    i.nrf_drv_pwm_stop  nrf_drv_pwm.o
    0x000212fc   0x000000e4   Code   RO         1620    i.nrf_drv_uart_init  nrf_drv_uart.o
    0x000213e0   0x000000b0   Code   RO         1621    i.nrf_drv_uart_rx   nrf_drv_uart.o
    0x00021490   0x00000020   Code   RO         1624    i.nrf_drv_uart_rx_enable  nrf_drv_uart.o
    0x000214b0   0x000000b4   Code   RO         1625    i.nrf_drv_uart_rx_for_uart  nrf_drv_uart.o
    0x00021564   0x000000b4   Code   RO         1626    i.nrf_drv_uart_rx_for_uarte  nrf_drv_uart.o
    0x00021618   0x00000048   Code   RO         1627    i.nrf_drv_uart_tx   nrf_drv_uart.o
    0x00021660   0x0000008c   Code   RO         1629    i.nrf_drv_uart_tx_for_uart  nrf_drv_uart.o
    0x000216ec   0x00000070   Code   RO         1630    i.nrf_drv_uart_tx_for_uarte  nrf_drv_uart.o
    0x0002175c   0x00000014   Code   RO         1631    i.nrf_drv_uart_tx_in_progress  nrf_drv_uart.o
    0x00021770   0x00000024   Code   RO         1633    i.nrf_gpio_cfg      nrf_drv_uart.o
    0x00021794   0x00000024   Code   RO         2244    i.nrf_gpio_cfg      nrf_drv_i2s.o
    0x000217b8   0x0000001a   Code   RO         1635    i.nrf_gpio_cfg_input  nrf_drv_uart.o
    0x000217d2   0x0000001a   Code   RO         2245    i.nrf_gpio_cfg_input  nrf_drv_i2s.o
    0x000217ec   0x00000018   Code   RO         1636    i.nrf_gpio_cfg_output  nrf_drv_uart.o
    0x00021804   0x00000018   Code   RO         2246    i.nrf_gpio_cfg_output  nrf_drv_i2s.o
    0x0002181c   0x00000024   Code   RO         1404    i.nrf_gpio_cfg_sense_set  nrf_drv_gpiote.o
    0x00021840   0x00000010   Code   RO         1637    i.nrf_gpio_pin_set  nrf_drv_uart.o
    0x00021850   0x0000000c   Code   RO         1407    i.nrf_gpiote_event_addr_get  nrf_drv_gpiote.o
    0x0002185c   0x0000001c   Code   RO         1408    i.nrf_gpiote_event_clear  nrf_drv_gpiote.o
    0x00021878   0x00000016   Code   RO         1409    i.nrf_gpiote_event_is_set  nrf_drv_gpiote.o
    0x0002188e   0x0000006c   Code   RO         2247    i.nrf_i2s_configure  nrf_drv_i2s.o
    0x000218fa   0x0000000e   Code   RO         2248    i.nrf_i2s_event_check  nrf_drv_i2s.o
    0x00021908   0x00000006   Code   RO         2249    i.nrf_i2s_event_clear  nrf_drv_i2s.o
    0x0002190e   0x00000006   Code   RO         2250    i.nrf_i2s_rx_buffer_set  nrf_drv_i2s.o
    0x00021914   0x00000006   Code   RO         2251    i.nrf_i2s_task_trigger  nrf_drv_i2s.o
    0x0002191a   0x00000006   Code   RO         2252    i.nrf_i2s_tx_buffer_set  nrf_drv_i2s.o
    0x00021920   0x0000000e   Code   RO         2372    i.nrf_pwm_event_check  nrf_drv_pwm.o
    0x0002192e   0x00000006   Code   RO         2373    i.nrf_pwm_event_clear  nrf_drv_pwm.o
    0x00021934   0x00000012   Code   RO         2374    i.nrf_pwm_int_enable_check  nrf_drv_pwm.o
    0x00021946   0x00000006   Code   RO         2375    i.nrf_pwm_int_set   nrf_drv_pwm.o
    0x0002194c   0x00000006   Code   RO         2376    i.nrf_pwm_loop_set  nrf_drv_pwm.o
    0x00021952   0x0000003c   Code   RO         2377    i.nrf_pwm_sequence_set  nrf_drv_pwm.o
    0x0002198e   0x00000006   Code   RO         2378    i.nrf_pwm_shorts_set  nrf_drv_pwm.o
    0x00021994   0x00000006   Code   RO         2379    i.nrf_pwm_task_trigger  nrf_drv_pwm.o
    0x0002199a   0x0000000e   Code   RO         2684    i.nrf_timer_compare_event_get  nrf_drv_timer.o
    0x000219a8   0x0000000a   Code   RO         2685    i.nrf_timer_compare_int_get  nrf_drv_timer.o
    0x000219b2   0x00000006   Code   RO         2686    i.nrf_timer_event_clear  nrf_drv_timer.o
    0x000219b8   0x0000000c   Code   RO         1638    i.nrf_uart_errorsrc_get_and_clear  nrf_drv_uart.o
    0x000219c4   0x0000000e   Code   RO         1639    i.nrf_uart_event_check  nrf_drv_uart.o
    0x000219d2   0x00000006   Code   RO         1640    i.nrf_uart_event_clear  nrf_drv_uart.o
    0x000219d8   0x0000000a   Code   RO         1641    i.nrf_uart_hwfc_pins_set  nrf_drv_uart.o
    0x000219e2   0x00000006   Code   RO         1642    i.nrf_uart_int_disable  nrf_drv_uart.o
    0x000219e8   0x00000006   Code   RO         1643    i.nrf_uart_int_enable  nrf_drv_uart.o
    0x000219ee   0x00000012   Code   RO         1644    i.nrf_uart_int_enable_check  nrf_drv_uart.o
    0x00021a00   0x00000006   Code   RO         1645    i.nrf_uart_task_trigger  nrf_drv_uart.o
    0x00021a06   0x0000000a   Code   RO         1646    i.nrf_uart_txrx_pins_set  nrf_drv_uart.o
    0x00021a10   0x0000000c   Code   RO         1647    i.nrf_uarte_errorsrc_get_and_clear  nrf_drv_uart.o
    0x00021a1c   0x0000000e   Code   RO         1648    i.nrf_uarte_event_check  nrf_drv_uart.o
    0x00021a2a   0x00000006   Code   RO         1649    i.nrf_uarte_event_clear  nrf_drv_uart.o
    0x00021a30   0x0000000c   Code   RO         1650    i.nrf_uarte_hwfc_pins_set  nrf_drv_uart.o
    0x00021a3c   0x00000006   Code   RO         1651    i.nrf_uarte_int_disable  nrf_drv_uart.o
    0x00021a42   0x00000006   Code   RO         1652    i.nrf_uarte_int_enable  nrf_drv_uart.o
    0x00021a48   0x0000000a   Code   RO         1653    i.nrf_uarte_rx_amount_get  nrf_drv_uart.o
    0x00021a52   0x00000006   Code   RO         1654    i.nrf_uarte_task_trigger  nrf_drv_uart.o
    0x00021a58   0x0000000e   Code   RO         1655    i.nrf_uarte_txrx_pins_set  nrf_drv_uart.o
    0x00021a66   0x00000002   PAD
    0x00021a68   0x00000064   Code   RO           15    i.nus_data_handler  main.o
    0x00021acc   0x00000032   Code   RO           16    i.on_adv_evt        main.o
    0x00021afe   0x00000002   PAD
    0x00021b00   0x000000ac   Code   RO           17    i.on_ble_evt        main.o
    0x00021bac   0x0000002c   Code   RO           18    i.on_conn_params_evt  main.o
    0x00021bd8   0x00000018   Code   RO         1021    i.on_conn_params_update  ble_conn_params.o
    0x00021bf0   0x00000038   Code   RO         1022    i.on_connect        ble_conn_params.o
    0x00021c28   0x00000006   Code   RO         1116    i.on_connect        ble_nus.o
    0x00021c2e   0x00000002   PAD
    0x00021c30   0x00000040   Code   RO         1023    i.on_disconnect     ble_conn_params.o
    0x00021c70   0x00000008   Code   RO         1117    i.on_disconnect     ble_nus.o
    0x00021c78   0x00000058   Code   RO         1024    i.on_write          ble_conn_params.o
    0x00021cd0   0x00000050   Code   RO         1118    i.on_write          ble_nus.o
    0x00021d20   0x00000018   Code   RO          923    i.peer_address_exists  ble_advertising.o
    0x00021d38   0x0000002c   Code   RO         1927    i.pstorage_access_status_get  pstorage.o
    0x00021d64   0x00000040   Code   RO         4376    i.pwm_handler       drv_speaker.o
    0x00021da4   0x0000003c   Code   RO         4377    i.ramp_down         drv_speaker.o
    0x00021de0   0x0000000c   Code   RO         3162    i.rtc1_compare0_set  app_timer.o
    0x00021dec   0x0000000c   Code   RO         3163    i.rtc1_counter_get  app_timer.o
    0x00021df8   0x00000018   Code   RO         3164    i.rtc1_init         app_timer.o
    0x00021e10   0x0000003c   Code   RO         3165    i.rtc1_start        app_timer.o
    0x00021e4c   0x00000058   Code   RO         3166    i.rtc1_stop         app_timer.o
    0x00021ea4   0x00000050   Code   RO         1657    i.rx_byte           nrf_drv_uart.o
    0x00021ef4   0x00000136   Code   RO         1119    i.rx_char_add       ble_nus.o
    0x0002202a   0x00000002   PAD
    0x0002202c   0x00000024   Code   RO         1658    i.rx_done_event     nrf_drv_uart.o
    0x00022050   0x00000024   Code   RO         1659    i.rx_enable         nrf_drv_uart.o
    0x00022074   0x0000001c   Code   RO         4174    i.sd_check_ram_start  softdevice_handler.o
    0x00022090   0x000000d0   Code   RO         4175    i.sd_nvic_EnableIRQ  softdevice_handler.o
    0x00022160   0x00000036   Code   RO          791    i.sec_mgr_oob_flags_encode  ble_advdata.o
    0x00022196   0x00000002   PAD
    0x00022198   0x000000e4   Code   RO         4378    i.seq0_buffer_update  drv_speaker.o
    0x0002227c   0x000000ec   Code   RO         4379    i.seq1_buffer_update  drv_speaker.o
    0x00022368   0x00000096   Code   RO          792    i.service_data_encode  ble_advdata.o
    0x000223fe   0x00000002   PAD
    0x00022400   0x00000030   Code   RO           22    i.services_init     main.o
    0x00022430   0x0000004c   Code   RO           23    i.sleep_mode_enter  main.o
    0x0002247c   0x00000018   Code   RO         4176    i.softdevice_ble_evt_handler_set  softdevice_handler.o
    0x00022494   0x0000001c   Code   RO         4177    i.softdevice_enable  softdevice_handler.o
    0x000224b0   0x0000002c   Code   RO         4178    i.softdevice_enable_get_default_config  softdevice_handler.o
    0x000224dc   0x00000014   Code   RO         4179    i.softdevice_fault_handler  softdevice_handler.o
    0x000224f0   0x00000064   Code   RO         4180    i.softdevice_handler_init  softdevice_handler.o
    0x00022554   0x0000000e   Code   RO          793    i.srdata_check      ble_advdata.o
    0x00022562   0x00000054   Code   RO         2380    i.start_playback    nrf_drv_pwm.o
    0x000225b6   0x00000002   PAD
    0x000225b8   0x0000008c   Code   RO           24    i.systick_timeout_handler  main.o
    0x00022644   0x0000000a   Code   RO         3167    i.ticks_diff_get    app_timer.o
    0x0002264e   0x00000002   PAD
    0x00022650   0x00000038   Code   RO         3168    i.timeout_handler_exec  app_timer.o
    0x00022688   0x00000054   Code   RO           25    i.timer_init        main.o
    0x000226dc   0x00000054   Code   RO         3169    i.timer_list_handler  app_timer.o
    0x00022730   0x0000000a   Code   RO         3170    i.timer_list_handler_sched  app_timer.o
    0x0002273a   0x00000002   PAD
    0x0002273c   0x00000068   Code   RO         3171    i.timer_list_insert  app_timer.o
    0x000227a4   0x0000006c   Code   RO         3172    i.timer_list_remove  app_timer.o
    0x00022810   0x00000028   Code   RO           26    i.timer_start       main.o
    0x00022838   0x0000005c   Code   RO         3173    i.timer_start_op_schedule  app_timer.o
    0x00022894   0x00000040   Code   RO         3175    i.timer_stop_op_schedule  app_timer.o
    0x000228d4   0x00000098   Code   RO         3176    i.timer_timeouts_check  app_timer.o
    0x0002296c   0x0000000a   Code   RO         3177    i.timer_timeouts_check_sched  app_timer.o
    0x00022976   0x00000046   Code   RO          794    i.tk_value_encode   ble_advdata.o
    0x000229bc   0x00000038   Code   RO         1660    i.tx_byte           nrf_drv_uart.o
    0x000229f4   0x000000ec   Code   RO         1120    i.tx_char_add       ble_nus.o
    0x00022ae0   0x0000002c   Code   RO         1661    i.tx_done_event     nrf_drv_uart.o
    0x00022b0c   0x00000036   Code   RO          795    i.tx_power_level_encode  ble_advdata.o
    0x00022b42   0x00000002   PAD
    0x00022b44   0x00000094   Code   RO           27    i.uart_event_handle  main.o
    0x00022bd8   0x000000c0   Code   RO         1231    i.uart_event_handler  app_uart_fifo.o
    0x00022c98   0x00000058   Code   RO           28    i.uart_init         main.o
    0x00022cf0   0x00000160   Code   RO         1662    i.uart_irq_handler  nrf_drv_uart.o
    0x00022e50   0x0000012c   Code   RO         1663    i.uarte_irq_handler  nrf_drv_uart.o
    0x00022f7c   0x0000000c   Code   RO          796    i.uint16_encode     ble_advdata.o
    0x00022f88   0x00000090   Code   RO         1025    i.update_timeout_handler  ble_conn_params.o
    0x00023018   0x00000058   Code   RO         3178    i.user_id_get       app_timer.o
    0x00023070   0x00000030   Code   RO         3179    i.user_op_alloc     app_timer.o
    0x000230a0   0x00000004   Code   RO         3180    i.user_op_enque     app_timer.o
    0x000230a4   0x0000004e   Code   RO          797    i.uuid_list_encode  ble_advdata.o
    0x000230f2   0x000000dc   Code   RO          798    i.uuid_list_sized_encode  ble_advdata.o
    0x000231ce   0x00000012   Code   RO          924    i.whitelist_has_entries  ble_advertising.o
    0x000231e0   0x00005304   Data   RO           31    .constdata          main.o
    0x000284e4   0x0000003c   Data   RO          614    .constdata          bsp.o
    0x00028520   0x00000004   Data   RO         1027    .constdata          ble_conn_params.o
    0x00028524   0x00000010   Data   RO         1121    .constdata          ble_nus.o
    0x00028534   0x00000020   Data   RO         1233    .constdata          app_uart_fifo.o
    0x00028554   0x00000020   Data   RO         1665    .constdata          nrf_drv_uart.o
    0x00028574   0x00000014   Data   RO         2254    .constdata          nrf_drv_i2s.o
    0x00028588   0x00000018   Data   RO         2382    .constdata          nrf_drv_pwm.o
    0x000285a0   0x00000014   Data   RO         4283    .constdata          i2s_ws2812b_drive.o
    0x000285b4   0x00005304   Data   RO         4381    .constdata          drv_speaker.o
    0x0002d8b8   0x00000804   Data   RO         4674    .constdata          arm_cortexM4lf_math.lib(arm_common_tables.o)
    0x0002e0bc   0x00000020   Data   RO         5039    Region$$Table       anon$$obj.o


    Execution Region RW_IRAM1 (Base: 0x20002080, Size: 0x000054f8, Max: 0x0000df80, ABSOLUTE, COMPRESSED[0x00000064])

    Base Addr    Size         Type   Attr      Idx    E Section Name        Object

    0x20002080   0x000000df   Data   RW           32    .data               main.o
    0x2000215f   0x00000001   PAD
    0x20002160   0x00000036   Data   RW          446    .data               ledpatterns.o
    0x20002196   0x00000002   PAD
    0x20002198   0x00000019   Data   RW          615    .data               bsp.o
    0x200021b1   0x00000003   PAD
    0x200021b4   0x00000008   Data   RW          709    .data               bsp_btn_ble.o
    0x200021bc   0x00000020   Data   RW          926    .data               ble_advertising.o
    0x200021dc   0x00000015   Data   RW         1028    .data               ble_conn_params.o
    0x200021f1   0x00000003   PAD
    0x200021f4   0x00000006   Data   RW         1234    .data               app_uart_fifo.o
    0x200021fa   0x00000002   PAD
    0x200021fc   0x00000028   Data   RW         1963    .data               pstorage.o
    0x20002224   0x00000022   Data   RW         3181    .data               app_timer.o
    0x20002246   0x00000002   PAD
    0x20002248   0x00000008   Data   RW         3486    .data               retarget.o
    0x20002250   0x00000018   Data   RW         4185    .data               softdevice_handler.o
    0x20002268   0x00000008   Data   RW         4284    .data               i2s_ws2812b_drive.o
    0x20002270   0x00000010   Data   RW         4382    .data               drv_speaker.o
    0x20002280   0x00000004   Data   RW         4481    .data               system_nrf52.o
    0x20002284   0x00000004   Data   RW         5016    .data               mc_w.l(mvars.o)
    0x20002288   0x00000004   Data   RW         5017    .data               mc_w.l(mvars.o)
    0x2000228c   0x00000628   Zero   RW           30    .bss                main.o
    0x200028b4   0x00000009   Zero   RW          445    .bss                ledpatterns.o
    0x200028bd   0x00000003   PAD
    0x200028c0   0x0000006c   Zero   RW          613    .bss                bsp.o
    0x2000292c   0x00000103   Zero   RW          925    .bss                ble_advertising.o
    0x20002a2f   0x00000001   PAD
    0x20002a30   0x0000003c   Zero   RW         1026    .bss                ble_conn_params.o
    0x20002a6c   0x00000020   Zero   RW         1232    .bss                app_uart_fifo.o
    0x20002a8c   0x00000058   Zero   RW         1416    .bss                nrf_drv_gpiote.o
    0x20002ae4   0x00000020   Zero   RW         1664    .bss                nrf_drv_uart.o
    0x20002b04   0x000000d8   Zero   RW         1961    .bss                pstorage.o
    0x20002bdc   0x00000010   Zero   RW         2253    .bss                nrf_drv_i2s.o
    0x20002bec   0x00000010   Zero   RW         2381    .bss                nrf_drv_pwm.o
    0x20002bfc   0x0000000c   Zero   RW         2691    .bss                nrf_drv_timer.o
    0x20002c08   0x00000058   Zero   RW         3387    .bss                fstorage.o
    0x20002c60   0x0000000c   Zero   RW         4184    .bss                softdevice_handler.o
    0x20002c6c   0x0000090c   Zero   RW         4380    .bss                drv_speaker.o
    0x20003578   0x00002000   Zero   RW         4460    HEAP                arm_startup_nrf52.o
    0x20005578   0x00002000   Zero   RW         4459    STACK               arm_startup_nrf52.o


==============================================================================

Image component sizes


      Code (inc. data)   RO Data    RW Data    ZI Data      Debug   Object Name

        28          0          0          0          0       2281   app_error.o
        68          8          0          0          0      27513   app_error_weak.o
       170          0          0          0          0       5522   app_fifo.o
      2450        278          0         34          0      61631   app_timer.o
       518         68         32          6         32      12826   app_uart_fifo.o
        36          8        512          0      16384        924   arm_startup_nrf52.o
      2136          0          0          0          0      24444   ble_advdata.o
      1388        128          0         32        259      14784   ble_advertising.o
       718        122          4         21         60      19332   ble_conn_params.o
       940          4         16          0          0       8654   ble_nus.o
      1860        116         60         25        108       8682   bsp.o
       316         10          0          8          0      37326   bsp_btn_ble.o
       996         94      21252         16       2316      15543   drv_speaker.o
        24          6          0          0         88       3404   fstorage.o
       620         34         20          8          0       4662   i2s_ws2812b_drive.o
      2608        164          0         54          9      27647   ledpatterns.o
      1810        186      21252        223       1576     116573   main.o
       144          0          0          0          0       1907   nrf_delay.o
         0          0          0          0          0       1880   nrf_drv_clock.o
        96         12          0          0          0      29087   nrf_drv_common.o
       566         38          0          0         88      16340   nrf_drv_gpiote.o
      1276         76         20          0         16      23244   nrf_drv_i2s.o
      1002         42         24          0         16      26493   nrf_drv_pwm.o
       146         10          0          0         12      11240   nrf_drv_timer.o
      2532        184         32          0         32      71160   nrf_drv_uart.o
        44          8          0         40        216       9549   pstorage.o
        16          0          0          8          0       2870   retarget.o
       664         80          0         24         12      41920   softdevice_handler.o
      1320        134          0          4          0      34766   system_nrf52.o

    ----------------------------------------------------------------------
     24538       1810      43256        516      21228     662204   Object Totals
         0          0         32          0          0          0   (incl. Generated)
        46          0          0         13          4          0   (incl. Padding)

    ----------------------------------------------------------------------

      Code (inc. data)   RO Data    RW Data    ZI Data      Debug   Library Member Name

         0          0       2052          0          0       4636   arm_common_tables.o
       132         14          0          0          0      17062   arm_sin_f32.o
        86          0          0          0          0          0   __dczerorl2.o
         0          0          0          0          0          0   entry.o
         0          0          0          0          0          0   entry10a.o
         0          0          0          0          0          0   entry11a.o
         8          4          0          0          0          0   entry2.o
         4          0          0          0          0          0   entry5.o
         0          0          0          0          0          0   entry7b.o
         0          0          0          0          0          0   entry8b.o
         8          4          0          0          0          0   entry9a.o
        30          0          0          0          0          0   handlers.o
        36          8          0          0          0         68   init.o
         0          0          0          0          0          0   iusefp.o
        30          0          0          0          0         68   llshl.o
        36          0          0          0          0         68   llsshr.o
        32          0          0          0          0         68   llushr.o
       188         20          0          0          0        160   malloc.o
        36          0          0          0          0         68   memcpya.o
        36          0          0          0          0        108   memseta.o
         0          0          0          8          0          0   mvars.o
      2226         90          0          0          0        444   printfa.o
        44          0          0          0          0         80   uidiv.o
        98          0          0          0          0         92   uldiv.o
        48          0          0          0          0         68   cdrcmple.o
       334          0          0          0          0        148   dadd.o
       222          0          0          0          0        100   ddiv.o
       186          0          0          0          0        176   depilogue.o
        48          0          0          0          0         68   dfixul.o
       228          0          0          0          0         96   dmul.o

    ----------------------------------------------------------------------
      4102        140       2052          8          0      23578   Library Totals
         6          0          0          0          0          0   (incl. Padding)

    ----------------------------------------------------------------------

      Code (inc. data)   RO Data    RW Data    ZI Data      Debug   Library Name

       132         14       2052          0          0      21698   arm_cortexM4lf_math.lib
      2898        126          0          8          0       1224   mc_w.l
      1066          0          0          0          0        656   mf_w.l

    ----------------------------------------------------------------------
      4102        140       2052          8          0      23578   Library Totals

    ----------------------------------------------------------------------

==============================================================================


      Code (inc. data)   RO Data    RW Data    ZI Data      Debug   

     28640       1950      45308        524      21228     660378   Grand Totals
     28640       1950      45308        100      21228     660378   ELF Image Totals (compressed)
     28640       1950      45308        100          0          0   ROM Totals

==============================================================================

    Total RO  Size (Code + RO Data)                73948 (  72.21kB)
    Total RW  Size (RW Data + ZI Data)             21752 (  21.24kB)
    Total ROM Size (Code + RO Data + RW Data)      74048 (  72.31kB)

==============================================================================

