<html>
<body>
<pre>
<h1>µVision Build Log</h1>
<h2>Tool Versions:</h2>
IDE-Version: µVision V5.15
Copyright (C) 2015 ARM Ltd and ARM Germany GmbH. All rights reserved.
License Information: uiui Microsoft, Microsoft, LIC=EXJHL-0EQMG-J6CQ9-49B48-A8NH7-N2FRV
 
Tool Versions:
Toolchain:       MDK-ARM Standard  Version: 5.15.0
Toolchain Path:  C:\Keil_v5\ARM\ARMCC\Bin
C Compiler:      Armcc.exe V5.05 update 2 (build 169)
Assembler:       Armasm.exe V5.05 update 2 (build 169)
Linker/Locator:  ArmLink.exe V5.05 update 2 (build 169)
Library Manager: ArmAr.exe V5.05 update 2 (build 169)
Hex Converter:   FromElf.exe V5.05 update 2 (build 169)
CPU DLL:         
Dialog DLL:      
Target DLL:      Segger\JL2CM3.dll V2.99.15.0
Dialog DLL:      TCM.DLL V1.14.5.0
 
<h2>Project:</h2>
C:\Users\dani\workspace\nRF5_SDK_11.0.0_89a8197\examples\ble_peripheral\ble_app_uart\pca10040\s132\arm5_no_packs\ble_app_uart_s132_pca10040.uvprojx
Project File Date:  10/31/2017

<h2>Output:</h2>
*** Using Compiler 'V5.05 update 2 (build 169)', folder: 'C:\Keil_v5\ARM\ARMCC\Bin'
Build target 'nrf52832_xxaa_s132'
compiling LedPatterns.c...
..\..\..\LedPatterns.c(88): warning:  #177-D: variable "rand_values" was declared but never referenced
        uint8_t random_values_length, rand_values, generated;
..\..\..\LedPatterns.c(217): warning:  #940-D: missing return statement at end of non-void function "FadeInOut"
  }
..\..\..\LedPatterns.c(249): warning:  #940-D: missing return statement at end of non-void function "Cyclon"
  }
..\..\..\LedPatterns.c(291): warning:  #940-D: missing return statement at end of non-void function "Flash"
  }
..\..\..\LedPatterns.c(407): warning:  #940-D: missing return statement at end of non-void function "FlashFadeInOut"
  }
..\..\..\LedPatterns.c(462): warning:  #940-D: missing return statement at end of non-void function "Wipe"
  }
..\..\..\LedPatterns.c(468): warning:  #177-D: variable "first_blue" was declared but never referenced
        const uint8_t first_blue=0;
..\..\..\LedPatterns.c(469): warning:  #177-D: variable "first_green" was declared but never referenced
        const uint8_t first_green=0;
..\..\..\LedPatterns.c(470): warning:  #177-D: variable "second_red" was declared but never referenced
        const uint8_t second_red=0;
..\..\..\LedPatterns.c(471): warning:  #177-D: variable "second_blue" was declared but never referenced
        const uint8_t second_blue=0;
..\..\..\LedPatterns.c(472): warning:  #177-D: variable "second_green" was declared but never referenced
        const uint8_t second_green=255;
..\..\..\LedPatterns.c: 11 warnings, 0 errors
linking...
Program Size: Code=26500 RO-data=21980 RW-data=308 ZI-data=18916  
FromELF: creating hex file...
".\_build\nrf52832_xxaa_s132.axf" - 0 Error(s), 11 Warning(s).

<h2>Software Packages used:</h2>

Package Vendor: ARM
                http://www.keil.com/pack/ARM.CMSIS.4.5.0.pack
                ARM::CMSIS:CORE:4.3.0
                CMSIS (Cortex Microcontroller Software Interface Standard)
   * Component: CORE Version: 4.3.0
   * Component: DSP Version: 1.4.6

Package Vendor: NordicSemiconductor
                http://developer.nordicsemi.com/nRF5_SDK/pieces/nRF_DeviceFamilyPack/NordicSemiconductor.nRF_DeviceFamilyPack.8.5.0.pack
                NordicSemiconductor::Device:Startup:8.5.0
                Nordic Semiconductor nRF ARM devices Device Family Pack.
   * Component: Startup Version: 8.5.0

<h2>Collection of Component include folders:</h2>
  C:\Users\dani\workspace\nRF5_SDK_11.0.0_89a8197\examples\ble_peripheral\ble_app_uart\pca10040\s132\arm5_no_packs\RTE
  C:\Keil_v5\ARM\PACK\ARM\CMSIS\4.5.0\CMSIS\Include
  C:\Keil_v5\ARM\PACK\NordicSemiconductor\nRF_DeviceFamilyPack\8.14.1\Device\Include
  C:\Keil_v5\ARM\PACK\NordicSemiconductor\nRF_DeviceFamilyPack\8.5.0\Device\Include

<h2>Collection of Component Files used:</h2>

   * Component: ARM::CMSIS:CORE:4.3.0

   * Component: ARM::CMSIS:DSP:1.4.6
      Include file:  CMSIS\Include\arm_math.h
      Library file:  CMSIS\Lib\ARM\arm_cortexM4lf_math.lib

   * Component: NordicSemiconductor::Device:Startup:8.5.0
      Source file:   Device\Source\arm\arm_startup_nrf52.s
      Source file:   Device\Source\system_nrf52.c
      Include file:  Device\Include\system_nrf52.h
</pre>
</body>
</html>
